Component: ARM Compiler 5.06 update 6 (build 750) Tool: armlink [4d35ed]

==============================================================================

Section Cross References

    startup_stm32f10x_md.o(STACK) refers (Special) to heapauxi.o(.text) for __use_two_region_memory
    startup_stm32f10x_md.o(HEAP) refers (Special) to heapauxi.o(.text) for __use_two_region_memory
    startup_stm32f10x_md.o(RESET) refers (Special) to heapauxi.o(.text) for __use_two_region_memory
    startup_stm32f10x_md.o(RESET) refers to startup_stm32f10x_md.o(STACK) for __initial_sp
    startup_stm32f10x_md.o(RESET) refers to startup_stm32f10x_md.o(.text) for Reset_Handler
    startup_stm32f10x_md.o(RESET) refers to stm32f10x_it.o(i.NMI_Handler) for NMI_Handler
    startup_stm32f10x_md.o(RESET) refers to stm32f10x_it.o(i.HardFault_Handler) for HardFault_Handler
    startup_stm32f10x_md.o(RESET) refers to stm32f10x_it.o(i.MemManage_Handler) for MemManage_Handler
    startup_stm32f10x_md.o(RESET) refers to stm32f10x_it.o(i.BusFault_Handler) for BusFault_Handler
    startup_stm32f10x_md.o(RESET) refers to stm32f10x_it.o(i.UsageFault_Handler) for UsageFault_Handler
    startup_stm32f10x_md.o(RESET) refers to stm32f10x_it.o(i.SVC_Handler) for SVC_Handler
    startup_stm32f10x_md.o(RESET) refers to stm32f10x_it.o(i.DebugMon_Handler) for DebugMon_Handler
    startup_stm32f10x_md.o(RESET) refers to stm32f10x_it.o(i.PendSV_Handler) for PendSV_Handler
    startup_stm32f10x_md.o(RESET) refers to stm32f10x_it.o(i.SysTick_Handler) for SysTick_Handler
    startup_stm32f10x_md.o(RESET) refers to key.o(i.EXTI1_IRQHandler) for EXTI1_IRQHandler
    startup_stm32f10x_md.o(RESET) refers to usart.o(i.USART1_IRQHandler) for USART1_IRQHandler
    startup_stm32f10x_md.o(RESET) refers to esp8266.o(i.USART2_IRQHandler) for USART2_IRQHandler
    startup_stm32f10x_md.o(.text) refers (Special) to heapauxi.o(.text) for __use_two_region_memory
    startup_stm32f10x_md.o(.text) refers to system_stm32f10x.o(i.SystemInit) for SystemInit
    startup_stm32f10x_md.o(.text) refers to __main.o(!!!main) for __main
    startup_stm32f10x_md.o(.text) refers to startup_stm32f10x_md.o(HEAP) for Heap_Mem
    startup_stm32f10x_md.o(.text) refers to startup_stm32f10x_md.o(STACK) for Stack_Mem
    system_stm32f10x.o(i.SetSysClock) refers to system_stm32f10x.o(i.SetSysClockTo72) for SetSysClockTo72
    system_stm32f10x.o(i.SystemCoreClockUpdate) refers to system_stm32f10x.o(.data) for SystemCoreClock
    system_stm32f10x.o(i.SystemInit) refers to system_stm32f10x.o(i.SetSysClock) for SetSysClock
    stm32f10x_adc.o(i.ADC_DeInit) refers to stm32f10x_rcc.o(i.RCC_APB2PeriphResetCmd) for RCC_APB2PeriphResetCmd
    stm32f10x_bkp.o(i.BKP_DeInit) refers to stm32f10x_rcc.o(i.RCC_BackupResetCmd) for RCC_BackupResetCmd
    stm32f10x_can.o(i.CAN_DeInit) refers to stm32f10x_rcc.o(i.RCC_APB1PeriphResetCmd) for RCC_APB1PeriphResetCmd
    stm32f10x_can.o(i.CAN_GetITStatus) refers to stm32f10x_can.o(i.CheckITStatus) for CheckITStatus
    stm32f10x_cec.o(i.CEC_DeInit) refers to stm32f10x_rcc.o(i.RCC_APB1PeriphResetCmd) for RCC_APB1PeriphResetCmd
    stm32f10x_dac.o(i.DAC_DeInit) refers to stm32f10x_rcc.o(i.RCC_APB1PeriphResetCmd) for RCC_APB1PeriphResetCmd
    stm32f10x_flash.o(i.FLASH_EnableWriteProtection) refers to stm32f10x_flash.o(i.FLASH_WaitForLastOperation) for FLASH_WaitForLastOperation
    stm32f10x_flash.o(i.FLASH_EraseAllBank1Pages) refers to stm32f10x_flash.o(i.FLASH_WaitForLastBank1Operation) for FLASH_WaitForLastBank1Operation
    stm32f10x_flash.o(i.FLASH_EraseAllPages) refers to stm32f10x_flash.o(i.FLASH_WaitForLastOperation) for FLASH_WaitForLastOperation
    stm32f10x_flash.o(i.FLASH_EraseOptionBytes) refers to stm32f10x_flash.o(i.FLASH_GetReadOutProtectionStatus) for FLASH_GetReadOutProtectionStatus
    stm32f10x_flash.o(i.FLASH_EraseOptionBytes) refers to stm32f10x_flash.o(i.FLASH_WaitForLastOperation) for FLASH_WaitForLastOperation
    stm32f10x_flash.o(i.FLASH_ErasePage) refers to stm32f10x_flash.o(i.FLASH_WaitForLastOperation) for FLASH_WaitForLastOperation
    stm32f10x_flash.o(i.FLASH_ProgramHalfWord) refers to stm32f10x_flash.o(i.FLASH_WaitForLastOperation) for FLASH_WaitForLastOperation
    stm32f10x_flash.o(i.FLASH_ProgramOptionByteData) refers to stm32f10x_flash.o(i.FLASH_WaitForLastOperation) for FLASH_WaitForLastOperation
    stm32f10x_flash.o(i.FLASH_ProgramWord) refers to stm32f10x_flash.o(i.FLASH_WaitForLastOperation) for FLASH_WaitForLastOperation
    stm32f10x_flash.o(i.FLASH_ReadOutProtection) refers to stm32f10x_flash.o(i.FLASH_WaitForLastOperation) for FLASH_WaitForLastOperation
    stm32f10x_flash.o(i.FLASH_UserOptionByteConfig) refers to stm32f10x_flash.o(i.FLASH_WaitForLastOperation) for FLASH_WaitForLastOperation
    stm32f10x_flash.o(i.FLASH_WaitForLastBank1Operation) refers to stm32f10x_flash.o(i.FLASH_GetBank1Status) for FLASH_GetBank1Status
[...]
    .text                                    0x0800072c   Section        0  strstr.o(.text)
    .text                                    0x08000750   Section        0  strlen.o(.text)
    .text                                    0x0800078e   Section        0  strcat.o(.text)
    .text                                    0x080007a6   Section       68  rt_memclr.o(.text)
    .text                                    0x080007ea   Section       78  rt_memclr_w.o(.text)
    .text                                    0x08000838   Section        0  heapauxi.o(.text)
    .text                                    0x08000840   Section       16  rt_ctype_table.o(.text)
    .text                                    0x08000850   Section        8  rt_heap_descriptor_intlibspace.o(.text)
    .text                                    0x08000858   Section        0  hguard.o(.text)
    .text                                    0x0800085c   Section        0  init_alloc.o(.text)
    .text                                    0x080008e6   Section        0  h1_init.o(.text)
    .text                                    0x080008f4   Section        0  _printf_truncate.o(.text)
    .text                                    0x08000918   Section        0  _printf_intcommon.o(.text)
    .text                                    0x080009ca   Section        0  _printf_charcount.o(.text)
    .text                                    0x080009f2   Section        0  _printf_fp_dec.o(.text)
    _fp_digits                               0x080009f5   Thumb Code   432  _printf_fp_dec.o(.text)
    .text                                    0x08000e10   Section        0  _printf_char_common.o(.text)
    _printf_input_char                       0x08000e11   Thumb Code    10  _printf_char_common.o(.text)
    .text                                    0x08000e40   Section        0  _sputc.o(.text)
    .text                                    0x08000e4a   Section        0  _snputc.o(.text)
    .text                                    0x08000e5a   Section        0  _printf_char.o(.text)
    .text                                    0x08000e88   Section        0  _printf_wctomb.o(.text)
    .text                                    0x08000f44   Section        0  _printf_longlong_dec.o(.text)
    .text                                    0x08000fc0   Section        0  _printf_oct_int_ll.o(.text)
    _printf_longlong_oct_internal            0x08000fc1   Thumb Code     0  _printf_oct_int_ll.o(.text)
    .text                                    0x08001030   Section        8  libspace.o(.text)
    .text                                    0x08001038   Section        8  rt_locale_intlibspace.o(.text)
    .text                                    0x08001040   Section        0  h1_extend.o(.text)
    .text                                    0x08001074   Section      138  lludiv10.o(.text)
    .text                                    0x08001100   Section        0  _printf_fp_hex.o(.text)
    .text                                    0x080013fc   Section        0  _printf_fp_infnan.o(.text)
    .text                                    0x0800147c   Section        0  _printf_wchar.o(.text)
    .text                                    0x080014a8   Section        0  bigflt0.o(.text)
    .text                                    0x0800158c   Section        0  _wcrtomb.o(.text)
    .text                                    0x080015cc   Section        0  defsig_rtmem_outer.o(.text)
    .text                                    0x080015da   Section        2  use_no_semi.o(.text)
    .text                                    0x080015dc   Section        0  indicate_semi.o(.text)
    .text                                    0x080015dc   Section       74  sys_stackheap_outer.o(.text)
    .text                                    0x08001626   Section        0  exit.o(.text)
    .text                                    0x08001638   Section        0  defsig_exit.o(.text)
    .text                                    0x08001644   Section        0  defsig_rtmem_inner.o(.text)
    .text                                    0x08001694   Section      128  strcmpv7m.o(.text)
    .text                                    0x08001714   Section        0  sys_exit.o(.text)
    .text                                    0x08001720   Section        0  defsig_general.o(.text)
    .text                                    0x08001752   Section        0  sys_wrch.o(.text)
    CL$$btod_d2e                             0x08001760   Section       62  btod.o(CL$$btod_d2e)
    CL$$btod_d2e_denorm_low                  0x0800179e   Section       70  btod.o(CL$$btod_d2e_denorm_low)
    CL$$btod_d2e_norm_op1                    0x080017e4   Section       96  btod.o(CL$$btod_d2e_norm_op1)
    CL$$btod_div_common                      0x08001844   Section      824  btod.o(CL$$btod_div_common)
    CL$$btod_e2e                             0x08001b7c   Section      220  btod.o(CL$$btod_e2e)
    CL$$btod_ediv                            0x08001c58   Section       42  btod.o(CL$$btod_ediv)
    CL$$btod_emul                            0x08001c82   Section       42  btod.o(CL$$btod_emul)
    CL$$btod_mult_common                     0x08001cac   Section      580  btod.o(CL$$btod_mult_common)
    i.BASE64_Decode                          0x08001ef0   Section        0  base64.o(i.BASE64_Decode)
    i.BASE64_Encode                          0x0800205c   Section        0  base64.o(i.BASE64_Encode)
    i.BusFault_Handler                       0x080021a0   Section        0  stm32f10x_it.o(i.BusFault_Handler)
    i.DebugMon_Handler                       0x080021a4   Section        0  stm32f10x_it.o(i.DebugMon_Handler)
    i.Delay_ms                               0x080021a6   Section        0  delay.o(i.Delay_ms)
    i.Delay_us                               0x080021be   Section        0  delay.o(i.Delay_us)
    i.ESP8266_Clear                          0x080021ec   Section        0  esp8266.o(i.ESP8266_Clear)
    i.ESP8266_GetIPD                         0x08002208   Section        0  esp8266.o(i.ESP8266_GetIPD)
    i.ESP8266_Init                           0x08002258   Section        0  esp8266.o(i.ESP8266_Init)
    i.ESP8266_SendCmd                        0x08002388   Section        0  esp8266.o(i.ESP8266_SendCmd)
    i.ESP8266_SendData                       0x080023dc   Section        0  esp8266.o(i.ESP8266_SendData)
    i.ESP8266_WaitRecive                     0x08002424   Section        0  esp8266.o(i.ESP8266_WaitRecive)
    i.EXTI1_IRQHandler                       0x08002458   Section        0  key.o(i.EXTI1_IRQHandler)
    i.EXTI_ClearITPendingBit                 0x08002498   Section        0  stm32f10x_exti.o(i.EXTI_ClearITPendingBit)
    i.EXTI_GetITStatus                       0x080024a4   Section        0  stm32f10x_exti.o(i.EXTI_GetITStatus)
    i.EXTI_Init                              0x080024cc   Section        0  stm32f10x_exti.o(i.EXTI_Init)
    i.GPIO_EXTILineConfig                    0x08002560   Section        0  stm32f10x_gpio.o(i.GPIO_EXTILineConfig)
    i.GPIO_Init                              0x080025a0   Section        0  stm32f10x_gpio.o(i.GPIO_Init)
    i.GPIO_ReadInputDataBit                  0x080026b6   Section        0  stm32f10x_gpio.o(i.GPIO_ReadInputDataBit)
    i.GPIO_ResetBits                         0x080026c8   Section        0  stm32f10x_gpio.o(i.GPIO_ResetBits)
    i.GPIO_SetBits                           0x080026cc   Section        0  stm32f10x_gpio.o(i.GPIO_SetBits)
    i.GPIO_WriteBit                          0x080026d0   Section        0  stm32f10x_gpio.o(i.GPIO_WriteBit)
    i.HardFault_Handler                      0x080026da   Section        0  stm32f10x_it.o(i.HardFault_Handler)
    i.Key_Init                               0x080026e0   Section        0  key.o(i.Key_Init)
    i.LED_Init                               0x08002754   Section        0  led.o(i.LED_Init)
    i.LED_Set                                0x08002788   Section        0  led.o(i.LED_Set)
    i.MQTT_DeleteBuffer                      0x080027b4   Section        0  mqttkit.o(i.MQTT_DeleteBuffer)
    i.MQTT_DumpLength                        0x080027d0   Section        0  mqttkit.o(i.MQTT_DumpLength)
    i.MQTT_NewBuffer                         0x080027fe   Section        0  mqttkit.o(i.MQTT_NewBuffer)
    i.MQTT_PacketConnect                     0x08002858   Section        0  mqttkit.o(i.MQTT_PacketConnect)
    i.MQTT_ReadLength                        0x08002af8   Section        0  mqttkit.o(i.MQTT_ReadLength)
    i.MQTT_UnPacketConnectAck                0x08002b3e   Section        0  mqttkit.o(i.MQTT_UnPacketConnectAck)
    i.MQTT_UnPacketRecv                      0x08002b5c   Section        0  mqttkit.o(i.MQTT_UnPacketRecv)
    i.MemManage_Handler                      0x08002bd0   Section        0  stm32f10x_it.o(i.MemManage_Handler)
    i.NMI_Handler                            0x08002bd4   Section        0  stm32f10x_it.o(i.NMI_Handler)
    i.NVIC_Init                              0x08002bd8   Section        0  misc.o(i.NVIC_Init)
    i.NVIC_PriorityGroupConfig               0x08002c48   Section        0  misc.o(i.NVIC_PriorityGroupConfig)
    i.OLED_Clear                             0x08002c5c   Section        0  oled.o(i.OLED_Clear)
    i.OLED_I2C_Init                          0x08002c88   Section        0  oled.o(i.OLED_I2C_Init)
    i.OLED_I2C_SendByte                      0x08002cd8   Section        0  oled.o(i.OLED_I2C_SendByte)
    i.OLED_I2C_Start                         0x08002d34   Section        0  oled.o(i.OLED_I2C_Start)
    i.OLED_I2C_Stop                          0x08002d68   Section        0  oled.o(i.OLED_I2C_Stop)
    i.OLED_Init                              0x08002d90   Section        0  oled.o(i.OLED_Init)
    i.OLED_SetCursor                         0x08002e3e   Section        0  oled.o(i.OLED_SetCursor)
    i.OLED_WriteCommand                      0x08002e60   Section        0  oled.o(i.OLED_WriteCommand)
    i.OLED_WriteData                         0x08002e80   Section        0  oled.o(i.OLED_WriteData)
    i.OTA_UrlEncode                          0x08002ea0   Section        0  onenet.o(i.OTA_UrlEncode)
    OTA_UrlEncode                            0x08002ea1   Thumb Code   246  onenet.o(i.OTA_UrlEncode)
    i.OneNET_Authorization                   0x08002fb8   Section        0  onenet.o(i.OneNET_Authorization)
    OneNET_Authorization                     0x08002fb9   Thumb Code   284  onenet.o(i.OneNET_Authorization)
    i.OneNet_DevLink                         0x08003154   Section        0  onenet.o(i.OneNet_DevLink)
    i.PendSV_Handler                         0x08003414   Section        0  stm32f10x_it.o(i.PendSV_Handler)
    i.RCC_APB1PeriphClockCmd                 0x08003418   Section        0  stm32f10x_rcc.o(i.RCC_APB1PeriphClockCmd)
    i.RCC_APB2PeriphClockCmd                 0x08003438   Section        0  stm32f10x_rcc.o(i.RCC_APB2PeriphClockCmd)
    i.RCC_GetClocksFreq                      0x08003458   Section        0  stm32f10x_rcc.o(i.RCC_GetClocksFreq)
    i.SVC_Handler                            0x0800352c   Section        0  stm32f10x_it.o(i.SVC_Handler)
    i.SetSysClock                            0x0800352e   Section        0  system_stm32f10x.o(i.SetSysClock)
    SetSysClock                              0x0800352f   Thumb Code     8  system_stm32f10x.o(i.SetSysClock)
    i.SetSysClockTo72                        0x08003538   Section        0  system_stm32f10x.o(i.SetSysClockTo72)
    SetSysClockTo72                          0x08003539   Thumb Code   214  system_stm32f10x.o(i.SetSysClockTo72)
    i.SysTick_Handler                        0x08003618   Section        0  stm32f10x_it.o(i.SysTick_Handler)
    i.SystemInit                             0x0800361c   Section        0  system_stm32f10x.o(i.SystemInit)
    i.USART1_IRQHandler                      0x0800367c   Section        0  usart.o(i.USART1_IRQHandler)
    i.USART2_IRQHandler                      0x08003698   Section        0  esp8266.o(i.USART2_IRQHandler)
    i.USART_ClearFlag                        0x080036e8   Section        0  stm32f10x_usart.o(i.USART_ClearFlag)
    i.USART_Cmd                              0x080036fa   Section        0  stm32f10x_usart.o(i.USART_Cmd)
    i.USART_GetFlagStatus                    0x08003712   Section        0  stm32f10x_usart.o(i.USART_GetFlagStatus)
    i.USART_GetITStatus                      0x0800372c   Section        0  stm32f10x_usart.o(i.USART_GetITStatus)
    i.USART_ITConfig                         0x08003780   Section        0  stm32f10x_usart.o(i.USART_ITConfig)
    i.USART_Init                             0x080037cc   Section        0  stm32f10x_usart.o(i.USART_Init)
    i.USART_ReceiveData                      0x080038a4   Section        0  stm32f10x_usart.o(i.USART_ReceiveData)
    i.USART_SendData                         0x080038ae   Section        0  stm32f10x_usart.o(i.USART_SendData)
    i.UsageFault_Handler                     0x080038b6   Section        0  stm32f10x_it.o(i.UsageFault_Handler)
    i.Usart1_Init                            0x080038bc   Section        0  usart.o(i.Usart1_Init)
    i.Usart2_Init                            0x0800396c   Section        0  usart.o(i.Usart2_Init)
    i.UsartPrintf                            0x08003a18   Section        0  usart.o(i.UsartPrintf)
    i.Usart_SendString                       0x08003a60   Section        0  usart.o(i.Usart_SendString)
    i.__ARM_fpclassify                       0x08003a92   Section        0  fpclassify.o(i.__ARM_fpclassify)
    i._is_digit                              0x08003aba   Section        0  __printf_wp.o(i._is_digit)
    i.ft                                     0x08003ac8   Section        0  hmac_sha1.o(i.ft)
    i.hmac_sha1                              0x08003b14   Section        0  hmac_sha1.o(i.hmac_sha1)
    i.k                                      0x08003c44   Section        0  hmac_sha1.o(i.k)
    i.main                                   0x08003c78   Section        0  main.o(i.main)
    i.rotl                                   0x08003db4   Section        0  hmac_sha1.o(i.rotl)
    i.sha1                                   0x08003de4   Section        0  hmac_sha1.o(i.sha1)
    locale$$code                             0x08004068   Section       44  lc_ctype_c.o(locale$$code)
    locale$$code                             0x08004094   Section       44  lc_numeric_c.o(locale$$code)
    x$fpl$printf1                            0x080040c0   Section        4  printf1.o(x$fpl$printf1)
    x$fpl$printf2                            0x080040c4   Section        4  printf2.o(x$fpl$printf2)
    .constdata                               0x080040c8   Section      192  base64.o(.constdata)
    x$fpl$usenofp                            0x080040c8   Section        0  usenofp.o(x$fpl$usenofp)
    base64_enc_map                           0x080040c8   Data          64  base64.o(.constdata)
    base64_dec_map                           0x08004108   Data         128  base64.o(.constdata)
    .constdata                               0x08004188   Section       40  _printf_hex_int_ll_ptr.o(.constdata)
    uc_hextab                                0x08004188   Data          20  _printf_hex_int_ll_ptr.o(.constdata)
    lc_hextab                                0x0800419c   Data          20  _printf_hex_int_ll_ptr.o(.constdata)
    .constdata                               0x080041b0   Section       17  __printf_flags_ss_wp.o(.constdata)
    maptable                                 0x080041b0   Data          17  __printf_flags_ss_wp.o(.constdata)
    .constdata                               0x080041c4   Section        8  _printf_wctomb.o(.constdata)
    initial_mbstate                          0x080041c4   Data           8  _printf_wctomb.o(.constdata)
    .constdata                               0x080041cc   Section       38  _printf_fp_hex.o(.constdata)
    lc_hextab                                0x080041cc   Data          19  _printf_fp_hex.o(.constdata)
    uc_hextab                                0x080041df   Data          19  _printf_fp_hex.o(.constdata)
    .constdata                               0x080041f4   Section      148  bigflt0.o(.constdata)
    tenpwrs_x                                0x080041f4   Data          60  bigflt0.o(.constdata)
    tenpwrs_i                                0x08004230   Data          64  bigflt0.o(.constdata)
    .conststring                             0x08004288   Section       71  onenet.o(.conststring)
    locale$$data                             0x080042f0   Section      272  lc_ctype_c.o(locale$$data)
    __lcctype_c_name                         0x080042f4   Data           2  lc_ctype_c.o(locale$$data)
    __lcctype_c_start                        0x080042fc   Data           0  lc_ctype_c.o(locale$$data)
    locale$$data                             0x08004400   Section       28  lc_numeric_c.o(locale$$data)
    __lcctype_c_end                          0x08004400   Data           0  lc_ctype_c.o(locale$$data)
    __lcnum_c_name                           0x08004404   Data           2  lc_numeric_c.o(locale$$data)
    __lcnum_c_start                          0x0800440c   Data           0  lc_numeric_c.o(locale$$data)
    __lcnum_c_point                          0x08004418   Data           0  lc_numeric_c.o(locale$$data)
    __lcnum_c_thousands                      0x0800441a   Data           0  lc_numeric_c.o(locale$$data)
    __lcnum_c_grouping                       0x0800441b   Data           0  lc_numeric_c.o(locale$$data)
    __lcnum_c_end                            0x0800441c   Data           0  lc_numeric_c.o(locale$$data)
    .data                                    0x20000000   Section       20  stm32f10x_rcc.o(.data)
    APBAHBPrescTable                         0x20000000   Data          16  stm32f10x_rcc.o(.data)
    ADCPrescTable                            0x20000010   Data           4  stm32f10x_rcc.o(.data)
    .data                                    0x20000014   Section        1  led.o(.data)
    .data                                    0x20000016   Section        4  esp8266.o(.data)
    .bss                                     0x2000001c   Section      512  esp8266.o(.bss)
    .bss                                     0x2000021c   Section       96  libspace.o(.bss)
    HEAP                                     0x20000280   Section      512  startup_stm32f10x_md.o(HEAP)
    Heap_Mem                                 0x20000280   Data         512  startup_stm32f10x_md.o(HEAP)
    STACK                                    0x20000480   Section     2048  startup_stm32f10x_md.o(STACK)
    Stack_Mem                                0x20000480   Data        2048  startup_stm32f10x_md.o(STACK)
    __initial_sp                             0x20000c80   Data           0  startup_stm32f10x_md.o(STACK)

    Global Symbols

    Symbol Name                              Value     Ov Type        Size  Object(Section)

    BuildAttributes$$THM_ISAv4$P$D$K$B$S$PE$A:L22UL41UL21$X:L11$S22US41US21$IEEE1$IW$USESV6$~STKCKD$USESV7$~SHL$OTIME$ROPI$IEEEX$EBA8$UX$STANDARDLIB$REQ8$PRES8$EABIv2 0x00000000   Number         0  anon$$obj.o ABSOLUTE
    __ARM_use_no_argv                        0x00000000   Number         0  main.o ABSOLUTE
    _printf_flags                            0x00000000   Number         0  printf_stubs.o ABSOLUTE
    _printf_return_value                     0x00000000   Number         0  printf_stubs.o ABSOLUTE
    _printf_sizespec                         0x00000000   Number         0  printf_stubs.o ABSOLUTE
    _printf_widthprec                        0x00000000   Number         0  printf_stubs.o ABSOLUTE
    __ARM_exceptions_init                     - Undefined Weak Reference
    __alloca_initialize                       - Undefined Weak Reference
    __arm_preinit_                            - Undefined Weak Reference
    __cpp_initialize__aeabi_                  - Undefined Weak Reference
    __cxa_finalize                            - Undefined Weak Reference
    __sigvec_lookup                           - Undefined Weak Reference
    __user_heap_extent                        - Undefined Weak Reference
    _atexit_init                              - Undefined Weak Reference
    _call_atexit_fns                          - Undefined Weak Reference
    _clock_init                               - Undefined Weak Reference
    _fp_trap_init                             - Undefined Weak Reference
    _fp_trap_shutdown                         - Undefined Weak Reference
    _get_lc_collate                           - Undefined Weak Reference
    _get_lc_monetary                          - Undefined Weak Reference
    _get_lc_time                              - Undefined Weak Reference
    _getenv_init                              - Undefined Weak Reference
    _handle_redirection                       - Undefined Weak Reference
    _initio                                   - Undefined Weak Reference
    _mutex_acquire                            - Undefined Weak Reference
    _mutex_free                               - Undefined Weak Reference
    _mutex_release                            - Undefined Weak Reference
    _printf_mbtowc                            - Undefined Weak Reference
    _printf_wc                                - Undefined Weak Reference
    _rand_init                                - Undefined Weak Reference
    _signal_finish                            - Undefined Weak Reference
    _signal_init                              - Undefined Weak Reference
    _terminateio                              - Undefined Weak Reference
    __Vectors_Size                           0x000000ec   Number         0  startup_stm32f10x_md.o ABSOLUTE
    __Vectors                                0x08000000   Data           4  startup_stm32f10x_md.o(RESET)
    __Vectors_End                            0x080000ec   Data           0  startup_stm32f10x_md.o(RESET)
    __main                                   0x080000ed   Thumb Code     8  __main.o(!!!main)
    __scatterload                            0x080000f5   Thumb Code     0  __scatter.o(!!!scatter)
    __scatterload_rt2                        0x080000f5   Thumb Code    44  __scatter.o(!!!scatter)
    __scatterload_rt2_thumb_only             0x080000f5   Thumb Code     0  __scatter.o(!!!scatter)
    __scatterload_null                       0x08000103   Thumb Code     0  __scatter.o(!!!scatter)
    __scatterload_copy                       0x08000129   Thumb Code    26  __scatter_copy.o(!!handler_copy)
    __scatterload_zeroinit                   0x08000145   Thumb Code    28  __scatter_zi.o(!!handler_zi)
    _printf_n                                0x08000161   Thumb Code     0  _printf_n.o(.ARM.Collect$$_printf_percent$$00000001)
    _printf_percent                          0x08000161   Thumb Code     0  _printf_percent.o(.ARM.Collect$$_printf_percent$$00000000)
    _printf_p                                0x08000167   Thumb Code     0  _printf_p.o(.ARM.Collect$$_printf_percent$$00000002)
    _printf_f                                0x0800016d   Thumb Code     0  _printf_f.o(.ARM.Collect$$_printf_percent$$00000003)
    _printf_e                                0x08000173   Thumb Code     0  _printf_e.o(.ARM.Collect$$_printf_percent$$00000004)
    _printf_g                                0x08000179   Thumb Code     0  _printf_g.o(.ARM.Collect$$_printf_percent$$00000005)
    _printf_a                                0x0800017f   Thumb Code     0  _printf_a.o(.ARM.Collect$$_printf_percent$$00000006)
    _printf_ll                               0x08000185   Thumb Code     0  _printf_ll.o(.ARM.Collect$$_printf_percent$$00000007)
    _printf_i                                0x0800018f   Thumb Code     0  _printf_i.o(.ARM.Collect$$_printf_percent$$00000008)
    _printf_d                                0x08000195   Thumb Code     0  _printf_d.o(.ARM.Collect$$_printf_percent$$00000009)
    _printf_u                                0x0800019b   Thumb Code     0  _printf_u.o(.ARM.Collect$$_printf_percent$$0000000A)
    _printf_o                                0x080001a1   Thumb Code     0  _printf_o.o(.ARM.Collect$$_printf_percent$$0000000B)
    _printf_x                                0x080001a7   Thumb Code     0  _printf_x.o(.ARM.Collect$$_printf_percent$$0000000C)
    _printf_lli                              0x080001ad   Thumb Code     0  _printf_lli.o(.ARM.Collect$$_printf_percent$$0000000D)
    _printf_lld                              0x080001b3   Thumb Code     0  _printf_lld.o(.ARM.Collect$$_printf_percent$$0000000E)
    _printf_llu                              0x080001b9   Thumb Code     0  _printf_llu.o(.ARM.Collect$$_printf_percent$$0000000F)
    _printf_llo                              0x080001bf   Thumb Code     0  _printf_llo.o(.ARM.Collect$$_printf_percent$$00000010)
    _printf_llx                              0x080001c5   Thumb Code     0  _printf_llx.o(.ARM.Collect$$_printf_percent$$00000011)
    _printf_l                                0x080001cb   Thumb Code     0  _printf_l.o(.ARM.Collect$$_printf_percent$$00000012)
    _printf_c                                0x080001d5   Thumb Code     0  _printf_c.o(.ARM.Collect$$_printf_percent$$00000013)
    _printf_s                                0x080001db   Thumb Code     0  _printf_s.o(.ARM.Collect$$_printf_percent$$00000014)
    _printf_lc                               0x080001e1   Thumb Code     0  _printf_lc.o(.ARM.Collect$$_printf_percent$$00000015)
    _printf_ls                               0x080001e7   Thumb Code     0  _printf_ls.o(.ARM.Collect$$_printf_percent$$00000016)
    _printf_percent_end                      0x080001ed   Thumb Code     0  _printf_percent_end.o(.ARM.Collect$$_printf_percent$$00000017)
    __rt_lib_init                            0x080001f1   Thumb Code     0  libinit.o(.ARM.Collect$$libinit$$00000000)
    __rt_lib_init_fp_1                       0x080001f3   Thumb Code     0  libinit2.o(.ARM.Collect$$libinit$$00000002)
    __rt_lib_init_heap_2                     0x080001f3   Thumb Code     0  libinit2.o(.ARM.Collect$$libinit$$00000005)
    __rt_lib_init_preinit_1                  0x080001f3   Thumb Code     0  libinit2.o(.ARM.Collect$$libinit$$00000004)
    __rt_lib_init_heap_1                     0x080001fb   Thumb Code     0  libinit2.o(.ARM.Collect$$libinit$$0000000A)
    __rt_lib_init_lc_common                  0x080001fb   Thumb Code     0  libinit2.o(.ARM.Collect$$libinit$$0000000F)
    __rt_lib_init_rand_1                     0x080001fb   Thumb Code     0  libinit2.o(.ARM.Collect$$libinit$$0000000E)
    __rt_lib_init_user_alloc_1               0x080001fb   Thumb Code     0  libinit2.o(.ARM.Collect$$libinit$$0000000C)
    __rt_lib_init_lc_collate_1               0x08000201   Thumb Code     0  libinit2.o(.ARM.Collect$$libinit$$00000011)
    __rt_lib_init_lc_ctype_2                 0x08000201   Thumb Code     0  libinit2.o(.ARM.Collect$$libinit$$00000012)
    __rt_lib_init_lc_ctype_1                 0x0800020d   Thumb Code     0  libinit2.o(.ARM.Collect$$libinit$$00000013)
    __rt_lib_init_lc_monetary_1              0x0800020d   Thumb Code     0  libinit2.o(.ARM.Collect$$libinit$$00000015)
    __rt_lib_init_lc_numeric_2               0x0800020d   Thumb Code     0  libinit2.o(.ARM.Collect$$libinit$$00000016)
    __rt_lib_init_alloca_1                   0x08000217   Thumb Code     0  libinit2.o(.ARM.Collect$$libinit$$0000002E)
    __rt_lib_init_argv_1                     0x08000217   Thumb Code     0  libinit2.o(.ARM.Collect$$libinit$$0000002C)
    __rt_lib_init_atexit_1                   0x08000217   Thumb Code     0  libinit2.o(.ARM.Collect$$libinit$$0000001B)
    __rt_lib_init_clock_1                    0x08000217   Thumb Code     0  libinit2.o(.ARM.Collect$$libinit$$00000021)
    __rt_lib_init_cpp_1                      0x08000217   Thumb Code     0  libinit2.o(.ARM.Collect$$libinit$$00000032)
    __rt_lib_init_exceptions_1               0x08000217   Thumb Code     0  libinit2.o(.ARM.Collect$$libinit$$00000030)
    __rt_lib_init_fp_trap_1                  0x08000217   Thumb Code     0  libinit2.o(.ARM.Collect$$libinit$$0000001F)
    __rt_lib_init_getenv_1                   0x08000217   Thumb Code     0  libinit2.o(.ARM.Collect$$libinit$$00000023)
    __rt_lib_init_lc_numeric_1               0x08000217   Thumb Code     0  libinit2.o(.ARM.Collect$$libinit$$00000017)
    __rt_lib_init_lc_time_1                  0x08000217   Thumb Code     0  libinit2.o(.ARM.Collect$$libinit$$00000019)
    __rt_lib_init_return                     0x08000217   Thumb Code     0  libinit2.o(.ARM.Collect$$libinit$$00000033)
    __rt_lib_init_signal_1                   0x08000217   Thumb Code     0  libinit2.o(.ARM.Collect$$libinit$$0000001D)
    __rt_lib_init_stdio_1                    0x08000217   Thumb Code     0  libinit2.o(.ARM.Collect$$libinit$$00000025)
    __rt_lib_shutdown                        0x08000219   Thumb Code     0  libshutdown.o(.ARM.Collect$$libshutdown$$00000000)
    __rt_lib_shutdown_cpp_1                  0x0800021b   Thumb Code     0  libshutdown2.o(.ARM.Collect$$libshutdown$$00000002)
    __rt_lib_shutdown_fp_trap_1              0x0800021b   Thumb Code     0  libshutdown2.o(.ARM.Collect$$libshutdown$$00000007)
    __rt_lib_shutdown_heap_1                 0x0800021b   Thumb Code     0  libshutdown2.o(.ARM.Collect$$libshutdown$$0000000F)
    __rt_lib_shutdown_return                 0x0800021b   Thumb Code     0  libshutdown2.o(.ARM.Collect$$libshutdown$$00000010)
    __rt_lib_shutdown_signal_1               0x0800021b   Thumb Code     0  libshutdown2.o(.ARM.Collect$$libshutdown$$0000000A)
    __rt_lib_shutdown_stdio_1                0x0800021b   Thumb Code     0  libshutdown2.o(.ARM.Collect$$libshutdown$$00000004)
    __rt_lib_shutdown_user_alloc_1           0x0800021b   Thumb Code     0  libshutdown2.o(.ARM.Collect$$libshutdown$$0000000C)
    __rt_entry                               0x0800021d   Thumb Code     0  __rtentry.o(.ARM.Collect$$rtentry$$00000000)
    __rt_entry_presh_1                       0x0800021d   Thumb Code     0  __rtentry2.o(.ARM.Collect$$rtentry$$00000002)
    __rt_entry_sh                            0x0800021d   Thumb Code     0  __rtentry4.o(.ARM.Collect$$rtentry$$00000004)
    __rt_entry_li                            0x08000223   Thumb Code     0  __rtentry2.o(.ARM.Collect$$rtentry$$0000000A)
    __rt_entry_postsh_1                      0x08000223   Thumb Code     0  __rtentry2.o(.ARM.Collect$$rtentry$$00000009)
    __rt_entry_main                          0x08000227   Thumb Code     0  __rtentry2.o(.ARM.Collect$$rtentry$$0000000D)
    __rt_entry_postli_1                      0x08000227   Thumb Code     0  __rtentry2.o(.ARM.Collect$$rtentry$$0000000C)
    __rt_exit                                0x0800022f   Thumb Code     0  rtexit.o(.ARM.Collect$$rtexit$$00000000)
    __rt_exit_ls                             0x08000231   Thumb Code     0  rtexit2.o(.ARM.Collect$$rtexit$$00000003)
    __rt_exit_prels_1                        0x08000231   Thumb Code     0  rtexit2.o(.ARM.Collect$$rtexit$$00000002)
    __rt_exit_exit                           0x08000235   Thumb Code     0  rtexit2.o(.ARM.Collect$$rtexit$$00000004)
    Reset_Handler                            0x0800023d   Thumb Code     8  startup_stm32f10x_md.o(.text)
    _maybe_terminate_alloc                   0x0800023d   Thumb Code     0  maybetermalloc1.o(.emb_text)
    ADC1_2_IRQHandler                        0x08000257   Thumb Code     0  startup_stm32f10x_md.o(.text)
    CAN1_RX1_IRQHandler                      0x08000257   Thumb Code     0  startup_stm32f10x_md.o(.text)
    CAN1_SCE_IRQHandler                      0x08000257   Thumb Code     0  startup_stm32f10x_md.o(.text)
    DMA1_Channel1_IRQHandler                 0x08000257   Thumb Code     0  startup_stm32f10x_md.o(.text)
    DMA1_Channel2_IRQHandler                 0x08000257   Thumb Code     0  startup_stm32f10x_md.o(.text)
    DMA1_Channel3_IRQHandler                 0x08000257   Thumb Code     0  startup_stm32f10x_md.o(.text)
    DMA1_Channel4_IRQHandler                 0x08000257   Thumb Code     0  startup_stm32f10x_md.o(.text)
    DMA1_Channel5_IRQHandler                 0x08000257   Thumb Code     0  startup_stm32f10x_md.o(.text)
    DMA1_Channel6_IRQHandler                 0x08000257   Thumb Code     0  startup_stm32f10x_md.o(.text)
    DMA1_Channel7_IRQHandler                 0x08000257   Thumb Code     0  startup_stm32f10x_md.o(.text)
    EXTI0_IRQHandler                         0x08000257   Thumb Code     0  startup_stm32f10x_md.o(.text)
    EXTI15_10_IRQHandler                     0x08000257   Thumb Code     0  startup_stm32f10x_md.o(.text)
    EXTI2_IRQHandler                         0x08000257   Thumb Code     0  startup_stm32f10x_md.o(.text)
    EXTI3_IRQHandler                         0x08000257   Thumb Code     0  startup_stm32f10x_md.o(.text)
    EXTI4_IRQHandler                         0x08000257   Thumb Code     0  startup_stm32f10x_md.o(.text)
    EXTI9_5_IRQHandler                       0x08000257   Thumb Code     0  startup_stm32f10x_md.o(.text)
    FLASH_IRQHandler                         0x08000257   Thumb Code     0  startup_stm32f10x_md.o(.text)
    I2C1_ER_IRQHandler                       0x08000257   Thumb Code     0  startup_stm32f10x_md.o(.text)
    I2C1_EV_IRQHandler                       0x08000257   Thumb Code     0  startup_stm32f10x_md.o(.text)
    I2C2_ER_IRQHandler                       0x08000257   Thumb Code     0  startup_stm32f10x_md.o(.text)
    I2C2_EV_IRQHandler                       0x08000257   Thumb Code     0  startup_stm32f10x_md.o(.text)
    PVD_IRQHandler                           0x08000257   Thumb Code     0  startup_stm32f10x_md.o(.text)
    RCC_IRQHandler                           0x08000257   Thumb Code     0  startup_stm32f10x_md.o(.text)
    RTCAlarm_IRQHandler                      0x08000257   Thumb Code     0  startup_stm32f10x_md.o(.text)
    RTC_IRQHandler                           0x08000257   Thumb Code     0  startup_stm32f10x_md.o(.text)
    SPI1_IRQHandler                          0x08000257   Thumb Code     0  startup_stm32f10x_md.o(.text)
    SPI2_IRQHandler                          0x08000257   Thumb Code     0  startup_stm32f10x_md.o(.text)
    TAMPER_IRQHandler                        0x08000257   Thumb Code     0  startup_stm32f10x_md.o(.text)
    TIM1_BRK_IRQHandler                      0x08000257   Thumb Code     0  startup_stm32f10x_md.o(.text)
    TIM1_CC_IRQHandler                       0x08000257   Thumb Code     0  startup_stm32f10x_md.o(.text)
    TIM1_TRG_COM_IRQHandler                  0x08000257   Thumb Code     0  startup_stm32f10x_md.o(.text)
    TIM1_UP_IRQHandler                       0x08000257   Thumb Code     0  startup_stm32f10x_md.o(.text)
    TIM2_IRQHandler                          0x08000257   Thumb Code     0  startup_stm32f10x_md.o(.text)
    TIM3_IRQHandler                          0x08000257   Thumb Code     0  startup_stm32f10x_md.o(.text)
    TIM4_IRQHandler                          0x08000257   Thumb Code     0  startup_stm32f10x_md.o(.text)
    USART3_IRQHandler                        0x08000257   Thumb Code     0  startup_stm32f10x_md.o(.text)
    USBWakeUp_IRQHandler                     0x08000257   Thumb Code     0  startup_stm32f10x_md.o(.text)
    USB_HP_CAN1_TX_IRQHandler                0x08000257   Thumb Code     0  startup_stm32f10x_md.o(.text)
    USB_LP_CAN1_RX0_IRQHandler               0x08000257   Thumb Code     0  startup_stm32f10x_md.o(.text)
    WWDG_IRQHandler                          0x08000257   Thumb Code     0  startup_stm32f10x_md.o(.text)
    __user_initial_stackheap                 0x08000259   Thumb Code     0  startup_stm32f10x_md.o(.text)
    malloc                                   0x0800027d   Thumb Code    94  h1_alloc.o(.text)
    free                                     0x080002db   Thumb Code    78  h1_free.o(.text)
    vsnprintf                                0x08000329   Thumb Code    48  vsnprintf.o(.text)
    __2sprintf                               0x0800035d   Thumb Code    38  __2sprintf.o(.text)
    __2snprintf                              0x08000389   Thumb Code    50  __2snprintf.o(.text)
    _printf_pre_padding                      0x080003c1   Thumb Code    44  _printf_pad.o(.text)
    _printf_post_padding                     0x080003ed   Thumb Code    34  _printf_pad.o(.text)
    _printf_str                              0x0800040f   Thumb Code    82  _printf_str.o(.text)
    _printf_int_dec                          0x08000461   Thumb Code   104  _printf_dec.o(.text)
    _printf_longlong_hex                     0x080004d9   Thumb Code    86  _printf_hex_int_ll_ptr.o(.text)
    _printf_int_hex                          0x0800052f   Thumb Code    28  _printf_hex_int_ll_ptr.o(.text)
    _printf_ll_hex                           0x0800054b   Thumb Code    12  _printf_hex_int_ll_ptr.o(.text)
    _printf_hex_ptr                          0x08000557   Thumb Code    18  _printf_hex_int_ll_ptr.o(.text)
    __printf                                 0x0800056d   Thumb Code   388  __printf_flags_ss_wp.o(.text)
    strchr                                   0x080006f5   Thumb Code    20  strchr.o(.text)
    strncat                                  0x08000709   Thumb Code    36  strncat.o(.text)
    strstr                                   0x0800072d   Thumb Code    36  strstr.o(.text)
    strlen                                   0x08000751   Thumb Code    62  strlen.o(.text)
    strcat                                   0x0800078f   Thumb Code    24  strcat.o(.text)
    __aeabi_memclr                           0x080007a7   Thumb Code     0  rt_memclr.o(.text)
    __rt_memclr                              0x080007a7   Thumb Code    68  rt_memclr.o(.text)
    _memset                                  0x080007ab   Thumb Code     0  rt_memclr.o(.text)
    __aeabi_memclr4                          0x080007eb   Thumb Code     0  rt_memclr_w.o(.text)
    __aeabi_memclr8                          0x080007eb   Thumb Code     0  rt_memclr_w.o(.text)
    __rt_memclr_w                            0x080007eb   Thumb Code    78  rt_memclr_w.o(.text)
    _memset_w                                0x080007ef   Thumb Code     0  rt_memclr_w.o(.text)
    __use_two_region_memory                  0x08000839   Thumb Code     2  heapauxi.o(.text)
    __rt_heap_escrow                         0x0800083b   Thumb Code     2  heapauxi.o(.text)
    __rt_heap_expand                         0x0800083d   Thumb Code     2  heapauxi.o(.text)
    __rt_ctype_table                         0x08000841   Thumb Code    16  rt_ctype_table.o(.text)
    __rt_heap_descriptor                     0x08000851   Thumb Code     8  rt_heap_descriptor_intlibspace.o(.text)
    __use_no_heap                            0x08000859   Thumb Code     2  hguard.o(.text)
    __heap$guard                             0x0800085b   Thumb Code     2  hguard.o(.text)
    _terminate_user_alloc                    0x0800085d   Thumb Code     2  init_alloc.o(.text)
    _init_user_alloc                         0x0800085f   Thumb Code     2  init_alloc.o(.text)
    __Heap_Full                              0x08000861   Thumb Code    34  init_alloc.o(.text)
    __Heap_Broken                            0x08000883   Thumb Code     6  init_alloc.o(.text)
    _init_alloc                              0x08000889   Thumb Code    94  init_alloc.o(.text)
    __Heap_Initialize                        0x080008e7   Thumb Code    10  h1_init.o(.text)
    __Heap_DescSize                          0x080008f1   Thumb Code     4  h1_init.o(.text)
    _printf_truncate_signed                  0x080008f5   Thumb Code    18  _printf_truncate.o(.text)
    _printf_truncate_unsigned                0x08000907   Thumb Code    18  _printf_truncate.o(.text)
    _printf_int_common                       0x08000919   Thumb Code   178  _printf_intcommon.o(.text)
    _printf_charcount                        0x080009cb   Thumb Code    40  _printf_charcount.o(.text)
    __lib_sel_fp_printf                      0x080009f3   Thumb Code     2  _printf_fp_dec.o(.text)
    _printf_fp_dec_real                      0x08000ba5   Thumb Code   620  _printf_fp_dec.o(.text)
    _printf_char_common                      0x08000e1b   Thumb Code    32  _printf_char_common.o(.text)
    _sputc                                   0x08000e41   Thumb Code    10  _sputc.o(.text)
    _snputc                                  0x08000e4b   Thumb Code    16  _snputc.o(.text)
    _printf_cs_common                        0x08000e5b   Thumb Code    20  _printf_char.o(.text)
    _printf_char                             0x08000e6f   Thumb Code    16  _printf_char.o(.text)
    _printf_string                           0x08000e7f   Thumb Code     8  _printf_char.o(.text)
    _printf_wctomb                           0x08000e89   Thumb Code   182  _printf_wctomb.o(.text)
    _printf_longlong_dec                     0x08000f45   Thumb Code   108  _printf_longlong_dec.o(.text)
    _printf_longlong_oct                     0x08000fc1   Thumb Code    66  _printf_oct_int_ll.o(.text)
    _printf_int_oct                          0x08001003   Thumb Code    24  _printf_oct_int_ll.o(.text)
    _printf_ll_oct                           0x0800101b   Thumb Code    12  _printf_oct_int_ll.o(.text)
    __user_libspace                          0x08001031   Thumb Code     8  libspace.o(.text)
    __user_perproc_libspace                  0x08001031   Thumb Code     0  libspace.o(.text)
    __user_perthread_libspace                0x08001031   Thumb Code     0  libspace.o(.text)
    __rt_locale                              0x08001039   Thumb Code     8  rt_locale_intlibspace.o(.text)
    __Heap_ProvideMemory                     0x08001041   Thumb Code    52  h1_extend.o(.text)
    _ll_udiv10                               0x08001075   Thumb Code   138  lludiv10.o(.text)
    _printf_fp_hex_real                      0x08001101   Thumb Code   756  _printf_fp_hex.o(.text)
    _printf_fp_infnan                        0x080013fd   Thumb Code   112  _printf_fp_infnan.o(.text)
    _printf_lcs_common                       0x0800147d   Thumb Code    20  _printf_wchar.o(.text)
    _printf_wchar                            0x08001491   Thumb Code    16  _printf_wchar.o(.text)
    _printf_wstring                          0x080014a1   Thumb Code     8  _printf_wchar.o(.text)
    _btod_etento                             0x080014a9   Thumb Code   224  bigflt0.o(.text)
    _wcrtomb                                 0x0800158d   Thumb Code    64  _wcrtomb.o(.text)
    __rt_SIGRTMEM                            0x080015cd   Thumb Code    14  defsig_rtmem_outer.o(.text)
    __I$use$semihosting                      0x080015db   Thumb Code     0  use_no_semi.o(.text)
    __use_no_semihosting_swi                 0x080015db   Thumb Code     2  use_no_semi.o(.text)
    __semihosting_library_function           0x080015dd   Thumb Code     0  indicate_semi.o(.text)
    __user_setup_stackheap                   0x080015dd   Thumb Code    74  sys_stackheap_outer.o(.text)
    exit                                     0x08001627   Thumb Code    18  exit.o(.text)
    __sig_exit                               0x08001639   Thumb Code    10  defsig_exit.o(.text)
    __rt_SIGRTMEM_inner                      0x08001645   Thumb Code    22  defsig_rtmem_inner.o(.text)
    strcmp                                   0x08001695   Thumb Code   128  strcmpv7m.o(.text)
    _sys_exit                                0x08001715   Thumb Code     8  sys_exit.o(.text)
    __default_signal_display                 0x08001721   Thumb Code    50  defsig_general.o(.text)
    _ttywrch                                 0x08001753   Thumb Code    14  sys_wrch.o(.text)
    _btod_d2e                                0x08001761   Thumb Code    62  btod.o(CL$$btod_d2e)
    _d2e_denorm_low                          0x0800179f   Thumb Code    70  btod.o(CL$$btod_d2e_denorm_low)
    _d2e_norm_op1                            0x080017e5   Thumb Code    96  btod.o(CL$$btod_d2e_norm_op1)
    __btod_div_common                        0x08001845   Thumb Code   696  btod.o(CL$$btod_div_common)
    _e2e                                     0x08001b7d   Thumb Code   220  btod.o(CL$$btod_e2e)
    _btod_ediv                               0x08001c59   Thumb Code    42  btod.o(CL$$btod_ediv)
    _btod_emul                               0x08001c83   Thumb Code    42  btod.o(CL$$btod_emul)
    __btod_mult_common                       0x08001cad   Thumb Code   580  btod.o(CL$$btod_mult_common)
    BASE64_Decode                            0x08001ef1   Thumb Code   360  base64.o(i.BASE64_Decode)
    BASE64_Encode                            0x0800205d   Thumb Code   320  base64.o(i.BASE64_Encode)
    BusFault_Handler                         0x080021a1   Thumb Code     4  stm32f10x_it.o(i.BusFault_Handler)
    DebugMon_Handler                         0x080021a5   Thumb Code     2  stm32f10x_it.o(i.DebugMon_Handler)
    Delay_ms                                 0x080021a7   Thumb Code    24  delay.o(i.Delay_ms)
    Delay_us                                 0x080021bf   Thumb Code    46  delay.o(i.Delay_us)
    ESP8266_Clear                            0x080021ed   Thumb Code    20  esp8266.o(i.ESP8266_Clear)
    ESP8266_GetIPD                           0x08002209   Thumb Code    68  esp8266.o(i.ESP8266_GetIPD)
    ESP8266_Init                             0x08002259   Thumb Code   136  esp8266.o(i.ESP8266_Init)
    ESP8266_SendCmd                          0x08002389   Thumb Code    76  esp8266.o(i.ESP8266_SendCmd)
    ESP8266_SendData                         0x080023dd   Thumb Code    46  esp8266.o(i.ESP8266_SendData)
    ESP8266_WaitRecive                       0x08002425   Thumb Code    42  esp8266.o(i.ESP8266_WaitRecive)
    EXTI1_IRQHandler                         0x08002459   Thumb Code    56  key.o(i.EXTI1_IRQHandler)
    EXTI_ClearITPendingBit                   0x08002499   Thumb Code     6  stm32f10x_exti.o(i.EXTI_ClearITPendingBit)
    EXTI_GetITStatus                         0x080024a5   Thumb Code    34  stm32f10x_exti.o(i.EXTI_GetITStatus)
    EXTI_Init                                0x080024cd   Thumb Code   142  stm32f10x_exti.o(i.EXTI_Init)
    GPIO_EXTILineConfig                      0x08002561   Thumb Code    60  stm32f10x_gpio.o(i.GPIO_EXTILineConfig)
    GPIO_Init                                0x080025a1   Thumb Code   278  stm32f10x_gpio.o(i.GPIO_Init)
    GPIO_ReadInputDataBit                    0x080026b7   Thumb Code    18  stm32f10x_gpio.o(i.GPIO_ReadInputDataBit)
    GPIO_ResetBits                           0x080026c9   Thumb Code     4  stm32f10x_gpio.o(i.GPIO_ResetBits)
    GPIO_SetBits                             0x080026cd   Thumb Code     4  stm32f10x_gpio.o(i.GPIO_SetBits)
    GPIO_WriteBit                            0x080026d1   Thumb Code    10  stm32f10x_gpio.o(i.GPIO_WriteBit)
    HardFault_Handler                        0x080026db   Thumb Code     4  stm32f10x_it.o(i.HardFault_Handler)
    Key_Init                                 0x080026e1   Thumb Code   110  key.o(i.Key_Init)
    LED_Init                                 0x08002755   Thumb Code    48  led.o(i.LED_Init)
    LED_Set                                  0x08002789   Thumb Code    36  led.o(i.LED_Set)
    MQTT_DeleteBuffer                        0x080027b5   Thumb Code    28  mqttkit.o(i.MQTT_DeleteBuffer)
    MQTT_DumpLength                          0x080027d1   Thumb Code    46  mqttkit.o(i.MQTT_DumpLength)
    MQTT_NewBuffer                           0x080027ff   Thumb Code    88  mqttkit.o(i.MQTT_NewBuffer)
    MQTT_PacketConnect                       0x08002859   Thumb Code   666  mqttkit.o(i.MQTT_PacketConnect)
    MQTT_ReadLength                          0x08002af9   Thumb Code    70  mqttkit.o(i.MQTT_ReadLength)
    MQTT_UnPacketConnectAck                  0x08002b3f   Thumb Code    30  mqttkit.o(i.MQTT_UnPacketConnectAck)
    MQTT_UnPacketRecv                        0x08002b5d   Thumb Code   106  mqttkit.o(i.MQTT_UnPacketRecv)
    MemManage_Handler                        0x08002bd1   Thumb Code     4  stm32f10x_it.o(i.MemManage_Handler)
    NMI_Handler                              0x08002bd5   Thumb Code     2  stm32f10x_it.o(i.NMI_Handler)
    NVIC_Init                                0x08002bd9   Thumb Code   100  misc.o(i.NVIC_Init)
    NVIC_PriorityGroupConfig                 0x08002c49   Thumb Code    10  misc.o(i.NVIC_PriorityGroupConfig)
    OLED_Clear                               0x08002c5d   Thumb Code    42  oled.o(i.OLED_Clear)
    OLED_I2C_Init                            0x08002c89   Thumb Code    76  oled.o(i.OLED_I2C_Init)
    OLED_I2C_SendByte                        0x08002cd9   Thumb Code    88  oled.o(i.OLED_I2C_SendByte)
    OLED_I2C_Start                           0x08002d35   Thumb Code    48  oled.o(i.OLED_I2C_Start)
    OLED_I2C_Stop                            0x08002d69   Thumb Code    36  oled.o(i.OLED_I2C_Stop)
    OLED_Init                                0x08002d91   Thumb Code   174  oled.o(i.OLED_Init)
    OLED_SetCursor                           0x08002e3f   Thumb Code    34  oled.o(i.OLED_SetCursor)
    OLED_WriteCommand                        0x08002e61   Thumb Code    32  oled.o(i.OLED_WriteCommand)
    OLED_WriteData                           0x08002e81   Thumb Code    32  oled.o(i.OLED_WriteData)
    OneNet_DevLink                           0x08003155   Thumb Code   242  onenet.o(i.OneNet_DevLink)
    PendSV_Handler                           0x08003415   Thumb Code     2  stm32f10x_it.o(i.PendSV_Handler)
    RCC_APB1PeriphClockCmd                   0x08003419   Thumb Code    26  stm32f10x_rcc.o(i.RCC_APB1PeriphClockCmd)
    RCC_APB2PeriphClockCmd                   0x08003439   Thumb Code    26  stm32f10x_rcc.o(i.RCC_APB2PeriphClockCmd)
    RCC_GetClocksFreq                        0x08003459   Thumb Code   192  stm32f10x_rcc.o(i.RCC_GetClocksFreq)
    SVC_Handler                              0x0800352d   Thumb Code     2  stm32f10x_it.o(i.SVC_Handler)
    SysTick_Handler                          0x08003619   Thumb Code     2  stm32f10x_it.o(i.SysTick_Handler)
    SystemInit                               0x0800361d   Thumb Code    78  system_stm32f10x.o(i.SystemInit)
    USART1_IRQHandler                        0x0800367d   Thumb Code    24  usart.o(i.USART1_IRQHandler)
    USART2_IRQHandler                        0x08003699   Thumb Code    66  esp8266.o(i.USART2_IRQHandler)
    USART_ClearFlag                          0x080036e9   Thumb Code    18  stm32f10x_usart.o(i.USART_ClearFlag)
    USART_Cmd                                0x080036fb   Thumb Code    24  stm32f10x_usart.o(i.USART_Cmd)
    USART_GetFlagStatus                      0x08003713   Thumb Code    26  stm32f10x_usart.o(i.USART_GetFlagStatus)
    USART_GetITStatus                        0x0800372d   Thumb Code    84  stm32f10x_usart.o(i.USART_GetITStatus)
    USART_ITConfig                           0x08003781   Thumb Code    74  stm32f10x_usart.o(i.USART_ITConfig)
    USART_Init                               0x080037cd   Thumb Code   210  stm32f10x_usart.o(i.USART_Init)
    USART_ReceiveData                        0x080038a5   Thumb Code    10  stm32f10x_usart.o(i.USART_ReceiveData)
    USART_SendData                           0x080038af   Thumb Code     8  stm32f10x_usart.o(i.USART_SendData)
    UsageFault_Handler                       0x080038b7   Thumb Code     4  stm32f10x_it.o(i.UsageFault_Handler)
    Usart1_Init                              0x080038bd   Thumb Code   166  usart.o(i.Usart1_Init)
    Usart2_Init                              0x0800396d   Thumb Code   162  usart.o(i.Usart2_Init)
    UsartPrintf                              0x08003a19   Thumb Code    72  usart.o(i.UsartPrintf)
    Usart_SendString                         0x08003a61   Thumb Code    50  usart.o(i.Usart_SendString)
    __ARM_fpclassify                         0x08003a93   Thumb Code    40  fpclassify.o(i.__ARM_fpclassify)
    _is_digit                                0x08003abb   Thumb Code    14  __printf_wp.o(i._is_digit)
    ft                                       0x08003ac9   Thumb Code    76  hmac_sha1.o(i.ft)
    hmac_sha1                                0x08003b15   Thumb Code   302  hmac_sha1.o(i.hmac_sha1)
    k                                        0x08003c45   Thumb Code    34  hmac_sha1.o(i.k)
    main                                     0x08003c79   Thumb Code   132  main.o(i.main)
    rotl                                     0x08003db5   Thumb Code    46  hmac_sha1.o(i.rotl)
    sha1                                     0x08003de5   Thumb Code   632  hmac_sha1.o(i.sha1)
    _get_lc_ctype                            0x08004069   Thumb Code    44  lc_ctype_c.o(locale$$code)
    _get_lc_numeric                          0x08004095   Thumb Code    44  lc_numeric_c.o(locale$$code)
    _printf_fp_dec                           0x080040c1   Thumb Code     4  printf1.o(x$fpl$printf1)
    _printf_fp_hex                           0x080040c5   Thumb Code     4  printf2.o(x$fpl$printf2)
    __I$use$fp                               0x080040c8   Number         0  usenofp.o(x$fpl$usenofp)
    Region$$Table$$Base                      0x080042d0   Number         0  anon$$obj.o(Region$$Table)
    Region$$Table$$Limit                     0x080042f0   Number         0  anon$$obj.o(Region$$Table)
    __ctype                                  0x080042fd   Data           0  lc_ctype_c.o(locale$$data)
    led_info                                 0x20000014   Data           1  led.o(.data)
    esp8266_cnt                              0x20000016   Data           2  esp8266.o(.data)
    esp8266_cntPre                           0x20000018   Data           2  esp8266.o(.data)
    esp8266_buf                              0x2000001c   Data         512  esp8266.o(.bss)
    __libspace_start                         0x2000021c   Data          96  libspace.o(.bss)
    __temporary_stack_top$libspace           0x2000027c   Data           0  libspace.o(.bss)



==============================================================================

Memory Map of the image

  Image Entry point : 0x080000ed

  Load Region LR_IROM1 (Base: 0x08000000, Size: 0x00004438, Max: 0x00010000, ABSOLUTE)

    Execution Region ER_IROM1 (Exec base: 0x08000000, Load base: 0x08000000, Size: 0x0000441c, Max: 0x00010000, ABSOLUTE)

    Exec Addr    Load Addr    Size         Type   Attr      Idx    E Section Name        Object

    0x08000000   0x08000000   0x000000ec   Data   RO            3    RESET               startup_stm32f10x_md.o
    0x080000ec   0x080000ec   0x00000008   Code   RO         4405  * !!!main             c_w.l(__main.o)
    0x080000f4   0x080000f4   0x00000034   Code   RO         4811    !!!scatter          c_w.l(__scatter.o)
    0x08000128   0x08000128   0x0000001a   Code   RO         4813    !!handler_copy      c_w.l(__scatter_copy.o)
    0x08000142   0x08000142   0x00000002   PAD
    0x08000144   0x08000144   0x0000001c   Code   RO         4815    !!handler_zi        c_w.l(__scatter_zi.o)
    0x08000160   0x08000160   0x00000000   Code   RO         4380    .ARM.Collect$$_printf_percent$$00000000  c_w.l(_printf_percent.o)
    0x08000160   0x08000160   0x00000006   Code   RO         4509    .ARM.Collect$$_printf_percent$$00000001  c_w.l(_printf_n.o)
    0x08000166   0x08000166   0x00000006   Code   RO         4510    .ARM.Collect$$_printf_percent$$00000002  c_w.l(_printf_p.o)
    0x0800016c   0x0800016c   0x00000006   Code   RO         4378    .ARM.Collect$$_printf_percent$$00000003  c_w.l(_printf_f.o)
    0x08000172   0x08000172   0x00000006   Code   RO         4379    .ARM.Collect$$_printf_percent$$00000004  c_w.l(_printf_e.o)
    0x08000178   0x08000178   0x00000006   Code   RO         4514    .ARM.Collect$$_printf_percent$$00000005  c_w.l(_printf_g.o)
    0x0800017e   0x0800017e   0x00000006   Code   RO         4515    .ARM.Collect$$_printf_percent$$00000006  c_w.l(_printf_a.o)
    0x08000184   0x08000184   0x0000000a   Code   RO         4520    .ARM.Collect$$_printf_percent$$00000007  c_w.l(_printf_ll.o)
    0x0800018e   0x0800018e   0x00000006   Code   RO         4512    .ARM.Collect$$_printf_percent$$00000008  c_w.l(_printf_i.o)
    0x08000194   0x08000194   0x00000006   Code   RO         4377    .ARM.Collect$$_printf_percent$$00000009  c_w.l(_printf_d.o)
    0x0800019a   0x0800019a   0x00000006   Code   RO         4513    .ARM.Collect$$_printf_percent$$0000000A  c_w.l(_printf_u.o)
    0x080001a0   0x080001a0   0x00000006   Code   RO         4511    .ARM.Collect$$_printf_percent$$0000000B  c_w.l(_printf_o.o)
    0x080001a6   0x080001a6   0x00000006   Code   RO         4376    .ARM.Collect$$_printf_percent$$0000000C  c_w.l(_printf_x.o)
    0x080001ac   0x080001ac   0x00000006   Code   RO         4517    .ARM.Collect$$_printf_percent$$0000000D  c_w.l(_printf_lli.o)
    0x080001b2   0x080001b2   0x00000006   Code   RO         4518    .ARM.Collect$$_printf_percent$$0000000E  c_w.l(_printf_lld.o)
    0x080001b8   0x080001b8   0x00000006   Code   RO         4519    .ARM.Collect$$_printf_percent$$0000000F  c_w.l(_printf_llu.o)
    0x080001be   0x080001be   0x00000006   Code   RO         4524    .ARM.Collect$$_printf_percent$$00000010  c_w.l(_printf_llo.o)
    0x080001c4   0x080001c4   0x00000006   Code   RO         4525    .ARM.Collect$$_printf_percent$$00000011  c_w.l(_printf_llx.o)
    0x080001ca   0x080001ca   0x0000000a   Code   RO         4521    .ARM.Collect$$_printf_percent$$00000012  c_w.l(_printf_l.o)
    0x080001d4   0x080001d4   0x00000006   Code   RO         4508    .ARM.Collect$$_printf_percent$$00000013  c_w.l(_printf_c.o)
    0x080001da   0x080001da   0x00000006   Code   RO         4375    .ARM.Collect$$_printf_percent$$00000014  c_w.l(_printf_s.o)
    0x080001e0   0x080001e0   0x00000006   Code   RO         4522    .ARM.Collect$$_printf_percent$$00000015  c_w.l(_printf_lc.o)
    0x080001e6   0x080001e6   0x00000006   Code   RO         4523    .ARM.Collect$$_printf_percent$$00000016  c_w.l(_printf_ls.o)
    0x080001ec   0x080001ec   0x00000004   Code   RO         4516    .ARM.Collect$$_printf_percent$$00000017  c_w.l(_printf_percent_end.o)
    0x080001f0   0x080001f0   0x00000002   Code   RO         4746    .ARM.Collect$$libinit$$00000000  c_w.l(libinit.o)
    0x080001f2   0x080001f2   0x00000000   Code   RO         4529    .ARM.Collect$$libinit$$00000002  c_w.l(libinit2.o)
    0x080001f2   0x080001f2   0x00000000   Code   RO         4531    .ARM.Collect$$libinit$$00000004  c_w.l(libinit2.o)
    0x080001f2   0x080001f2   0x00000008   Code   RO         4532    .ARM.Collect$$libinit$$00000005  c_w.l(libinit2.o)
    0x080001fa   0x080001fa   0x00000000   Code   RO         4534    .ARM.Collect$$libinit$$0000000A  c_w.l(libinit2.o)
    0x080001fa   0x080001fa   0x00000000   Code   RO         4536    .ARM.Collect$$libinit$$0000000C  c_w.l(libinit2.o)
    0x080001fa   0x080001fa   0x00000000   Code   RO         4538    .ARM.Collect$$libinit$$0000000E  c_w.l(libinit2.o)
    0x080001fa   0x080001fa   0x00000006   Code   RO         4539    .ARM.Collect$$libinit$$0000000F  c_w.l(libinit2.o)
    0x08000200   0x08000200   0x00000000   Code   RO         4541    .ARM.Collect$$libinit$$00000011  c_w.l(libinit2.o)
    0x08000200   0x08000200   0x0000000c   Code   RO         4542    .ARM.Collect$$libinit$$00000012  c_w.l(libinit2.o)
    0x0800020c   0x0800020c   0x00000000   Code   RO         4543    .ARM.Collect$$libinit$$00000013  c_w.l(libinit2.o)
    0x0800020c   0x0800020c   0x00000000   Code   RO         4545    .ARM.Collect$$libinit$$00000015  c_w.l(libinit2.o)
    0x0800020c   0x0800020c   0x0000000a   Code   RO         4546    .ARM.Collect$$libinit$$00000016  c_w.l(libinit2.o)
    0x08000216   0x08000216   0x00000000   Code   RO         4547    .ARM.Collect$$libinit$$00000017  c_w.l(libinit2.o)
    0x08000216   0x08000216   0x00000000   Code   RO         4549    .ARM.Collect$$libinit$$00000019  c_w.l(libinit2.o)
    0x08000216   0x08000216   0x00000000   Code   RO         4551    .ARM.Collect$$libinit$$0000001B  c_w.l(libinit2.o)
    0x08000216   0x08000216   0x00000000   Code   RO         4553    .ARM.Collect$$libinit$$0000001D  c_w.l(libinit2.o)
    0x08000216   0x08000216   0x00000000   Code   RO         4555    .ARM.Collect$$libinit$$0000001F  c_w.l(libinit2.o)
    0x08000216   0x08000216   0x00000000   Code   RO         4557    .ARM.Collect$$libinit$$00000021  c_w.l(libinit2.o)
    0x08000216   0x08000216   0x00000000   Code   RO         4559    .ARM.Collect$$libinit$$00000023  c_w.l(libinit2.o)
    0x08000216   0x08000216   0x00000000   Code   RO         4561    .ARM.Collect$$libinit$$00000025  c_w.l(libinit2.o)
    0x08000216   0x08000216   0x00000000   Code   RO         4565    .ARM.Collect$$libinit$$0000002C  c_w.l(libinit2.o)
    0x08000216   0x08000216   0x00000000   Code   RO         4567    .ARM.Collect$$libinit$$0000002E  c_w.l(libinit2.o)
    0x08000216   0x08000216   0x00000000   Code   RO         4569    .ARM.Collect$$libinit$$00000030  c_w.l(libinit2.o)
    0x08000216   0x08000216   0x00000000   Code   RO         4571    .ARM.Collect$$libinit$$00000032  c_w.l(libinit2.o)
    0x08000216   0x08000216   0x00000002   Code   RO         4572    .ARM.Collect$$libinit$$00000033  c_w.l(libinit2.o)
    0x08000218   0x08000218   0x00000002   Code   RO         4808    .ARM.Collect$$libshutdown$$00000000  c_w.l(libshutdown.o)
    0x0800021a   0x0800021a   0x00000000   Code   RO         4762    .ARM.Collect$$libshutdown$$00000002  c_w.l(libshutdown2.o)
    0x0800021a   0x0800021a   0x00000000   Code   RO         4764    .ARM.Collect$$libshutdown$$00000004  c_w.l(libshutdown2.o)
    0x0800021a   0x0800021a   0x00000000   Code   RO         4767    .ARM.Collect$$libshutdown$$00000007  c_w.l(libshutdown2.o)
    0x0800021a   0x0800021a   0x00000000   Code   RO         4770    .ARM.Collect$$libshutdown$$0000000A  c_w.l(libshutdown2.o)
    0x0800021a   0x0800021a   0x00000000   Code   RO         4772    .ARM.Collect$$libshutdown$$0000000C  c_w.l(libshutdown2.o)
    0x0800021a   0x0800021a   0x00000000   Code   RO         4775    .ARM.Collect$$libshutdown$$0000000F  c_w.l(libshutdown2.o)
    0x0800021a   0x0800021a   0x00000002   Code   RO         4776    .ARM.Collect$$libshutdown$$00000010  c_w.l(libshutdown2.o)
    0x0800021c   0x0800021c   0x00000000   Code   RO         4451    .ARM.Collect$$rtentry$$00000000  c_w.l(__rtentry.o)
    0x0800021c   0x0800021c   0x00000000   Code   RO         4627    .ARM.Collect$$rtentry$$00000002  c_w.l(__rtentry2.o)
    0x0800021c   0x0800021c   0x00000006   Code   RO         4639    .ARM.Collect$$rtentry$$00000004  c_w.l(__rtentry4.o)
    0x08000222   0x08000222   0x00000000   Code   RO         4629    .ARM.Collect$$rtentry$$00000009  c_w.l(__rtentry2.o)
    0x08000222   0x08000222   0x00000004   Code   RO         4630    .ARM.Collect$$rtentry$$0000000A  c_w.l(__rtentry2.o)
    0x08000226   0x08000226   0x00000000   Code   RO         4632    .ARM.Collect$$rtentry$$0000000C  c_w.l(__rtentry2.o)
    0x08000226   0x08000226   0x00000008   Code   RO         4633    .ARM.Collect$$rtentry$$0000000D  c_w.l(__rtentry2.o)
    0x0800022e   0x0800022e   0x00000002   Code   RO         4751    .ARM.Collect$$rtexit$$00000000  c_w.l(rtexit.o)
    0x08000230   0x08000230   0x00000000   Code   RO         4782    .ARM.Collect$$rtexit$$00000002  c_w.l(rtexit2.o)
    0x08000230   0x08000230   0x00000004   Code   RO         4783    .ARM.Collect$$rtexit$$00000003  c_w.l(rtexit2.o)
    0x08000234   0x08000234   0x00000006   Code   RO         4784    .ARM.Collect$$rtexit$$00000004  c_w.l(rtexit2.o)
    0x0800023a   0x0800023a   0x00000002   PAD
    0x0800023c   0x0800023c   0x00000000   Code   RO         4653    .emb_text           c_w.l(maybetermalloc1.o)
    0x0800023c   0x0800023c   0x00000040   Code   RO            4    .text               startup_stm32f10x_md.o
    0x0800027c   0x0800027c   0x0000005e   Code   RO         4256    .text               c_w.l(h1_alloc.o)
    0x080002da   0x080002da   0x0000004e   Code   RO         4258    .text               c_w.l(h1_free.o)
    0x08000328   0x08000328   0x00000034   Code   RO         4316    .text               c_w.l(vsnprintf.o)
    0x0800035c   0x0800035c   0x0000002c   Code   RO         4318    .text               c_w.l(__2sprintf.o)
    0x08000388   0x08000388   0x00000038   Code   RO         4320    .text               c_w.l(__2snprintf.o)
    0x080003c0   0x080003c0   0x0000004e   Code   RO         4328    .text               c_w.l(_printf_pad.o)
    0x0800040e   0x0800040e   0x00000052   Code   RO         4330    .text               c_w.l(_printf_str.o)
    0x08000460   0x08000460   0x00000078   Code   RO         4332    .text               c_w.l(_printf_dec.o)
    0x080004d8   0x080004d8   0x00000094   Code   RO         4352    .text               c_w.l(_printf_hex_int_ll_ptr.o)
    0x0800056c   0x0800056c   0x00000188   Code   RO         4372    .text               c_w.l(__printf_flags_ss_wp.o)
    0x080006f4   0x080006f4   0x00000014   Code   RO         4381    .text               c_w.l(strchr.o)
    0x08000708   0x08000708   0x00000024   Code   RO         4383    .text               c_w.l(strncat.o)
    0x0800072c   0x0800072c   0x00000024   Code   RO         4385    .text               c_w.l(strstr.o)
    0x08000750   0x08000750   0x0000003e   Code   RO         4389    .text               c_w.l(strlen.o)
    0x0800078e   0x0800078e   0x00000018   Code   RO         4393    .text               c_w.l(strcat.o)
    0x080007a6   0x080007a6   0x00000044   Code   RO         4399    .text               c_w.l(rt_memclr.o)
    0x080007ea   0x080007ea   0x0000004e   Code   RO         4401    .text               c_w.l(rt_memclr_w.o)
    0x08000838   0x08000838   0x00000006   Code   RO         4403    .text               c_w.l(heapauxi.o)
    0x0800083e   0x0800083e   0x00000002   PAD
    0x08000840   0x08000840   0x00000010   Code   RO         4452    .text               c_w.l(rt_ctype_table.o)
    0x08000850   0x08000850   0x00000008   Code   RO         4457    .text               c_w.l(rt_heap_descriptor_intlibspace.o)
    0x08000858   0x08000858   0x00000004   Code   RO         4459    .text               c_w.l(hguard.o)
    0x0800085c   0x0800085c   0x0000008a   Code   RO         4461    .text               c_w.l(init_alloc.o)
    0x080008e6   0x080008e6   0x0000000e   Code   RO         4465    .text               c_w.l(h1_init.o)
    0x080008f4   0x080008f4   0x00000024   Code   RO         4481    .text               c_w.l(_printf_truncate.o)
    0x08000918   0x08000918   0x000000b2   Code   RO         4483    .text               c_w.l(_printf_intcommon.o)
    0x080009ca   0x080009ca   0x00000028   Code   RO         4485    .text               c_w.l(_printf_charcount.o)
    0x080009f2   0x080009f2   0x0000041e   Code   RO         4487    .text               c_w.l(_printf_fp_dec.o)
    0x08000e10   0x08000e10   0x00000030   Code   RO         4489    .text               c_w.l(_printf_char_common.o)
    0x08000e40   0x08000e40   0x0000000a   Code   RO         4491    .text               c_w.l(_sputc.o)
    0x08000e4a   0x08000e4a   0x00000010   Code   RO         4493    .text               c_w.l(_snputc.o)
    0x08000e5a   0x08000e5a   0x0000002c   Code   RO         4495    .text               c_w.l(_printf_char.o)
    0x08000e86   0x08000e86   0x00000002   PAD
    0x08000e88   0x08000e88   0x000000bc   Code   RO         4497    .text               c_w.l(_printf_wctomb.o)
    0x08000f44   0x08000f44   0x0000007c   Code   RO         4500    .text               c_w.l(_printf_longlong_dec.o)
    0x08000fc0   0x08000fc0   0x00000070   Code   RO         4506    .text               c_w.l(_printf_oct_int_ll.o)
    0x08001030   0x08001030   0x00000008   Code   RO         4623    .text               c_w.l(libspace.o)
    0x08001038   0x08001038   0x00000008   Code   RO         4644    .text               c_w.l(rt_locale_intlibspace.o)
    0x08001040   0x08001040   0x00000034   Code   RO         4655    .text               c_w.l(h1_extend.o)
    0x08001074   0x08001074   0x0000008a   Code   RO         4659    .text               c_w.l(lludiv10.o)
    0x080010fe   0x080010fe   0x00000002   PAD
    0x08001100   0x08001100   0x000002fc   Code   RO         4661    .text               c_w.l(_printf_fp_hex.o)
    0x080013fc   0x080013fc   0x00000080   Code   RO         4664    .text               c_w.l(_printf_fp_infnan.o)
    0x0800147c   0x0800147c   0x0000002c   Code   RO         4668    .text               c_w.l(_printf_wchar.o)
    0x080014a8   0x080014a8   0x000000e4   Code   RO         4670    .text               c_w.l(bigflt0.o)
    0x0800158c   0x0800158c   0x00000040   Code   RO         4695    .text               c_w.l(_wcrtomb.o)
    0x080015cc   0x080015cc   0x0000000e   Code   RO         4703    .text               c_w.l(defsig_rtmem_outer.o)
    0x080015da   0x080015da   0x00000002   Code   RO         4720    .text               c_w.l(use_no_semi.o)
    0x080015dc   0x080015dc   0x00000000   Code   RO         4722    .text               c_w.l(indicate_semi.o)
    0x080015dc   0x080015dc   0x0000004a   Code   RO         4723    .text               c_w.l(sys_stackheap_outer.o)
    0x08001626   0x08001626   0x00000012   Code   RO         4729    .text               c_w.l(exit.o)
    0x08001638   0x08001638   0x0000000a   Code   RO         4731    .text               c_w.l(defsig_exit.o)
    0x08001642   0x08001642   0x00000002   PAD
    0x08001644   0x08001644   0x00000050   Code   RO         4733    .text               c_w.l(defsig_rtmem_inner.o)
    0x08001694   0x08001694   0x00000080   Code   RO         4735    .text               c_w.l(strcmpv7m.o)
    0x08001714   0x08001714   0x0000000c   Code   RO         4749    .text               c_w.l(sys_exit.o)
    0x08001720   0x08001720   0x00000032   Code   RO         4759    .text               c_w.l(defsig_general.o)
    0x08001752   0x08001752   0x0000000e   Code   RO         4779    .text               c_w.l(sys_wrch.o)
    0x08001760   0x08001760   0x0000003e   Code   RO         4673    CL$$btod_d2e        c_w.l(btod.o)
    0x0800179e   0x0800179e   0x00000046   Code   RO         4675    CL$$btod_d2e_denorm_low  c_w.l(btod.o)
    0x080017e4   0x080017e4   0x00000060   Code   RO         4674    CL$$btod_d2e_norm_op1  c_w.l(btod.o)
    0x08001844   0x08001844   0x00000338   Code   RO         4683    CL$$btod_div_common  c_w.l(btod.o)
    0x08001b7c   0x08001b7c   0x000000dc   Code   RO         4680    CL$$btod_e2e        c_w.l(btod.o)
    0x08001c58   0x08001c58   0x0000002a   Code   RO         4677    CL$$btod_ediv       c_w.l(btod.o)
    0x08001c82   0x08001c82   0x0000002a   Code   RO         4676    CL$$btod_emul       c_w.l(btod.o)
    0x08001cac   0x08001cac   0x00000244   Code   RO         4682    CL$$btod_mult_common  c_w.l(btod.o)
    0x08001ef0   0x08001ef0   0x0000016c   Code   RO         3585    i.BASE64_Decode     base64.o
    0x0800205c   0x0800205c   0x00000144   Code   RO         3586    i.BASE64_Encode     base64.o
    0x080021a0   0x080021a0   0x00000004   Code   RO         3522    i.BusFault_Handler  stm32f10x_it.o
    0x080021a4   0x080021a4   0x00000002   Code   RO         3523    i.DebugMon_Handler  stm32f10x_it.o
    0x080021a6   0x080021a6   0x00000018   Code   RO         3196    i.Delay_ms          delay.o
    0x080021be   0x080021be   0x0000002e   Code   RO         3198    i.Delay_us          delay.o
    0x080021ec   0x080021ec   0x0000001c   Code   RO         3377    i.ESP8266_Clear     esp8266.o
    0x08002208   0x08002208   0x00000050   Code   RO         3378    i.ESP8266_GetIPD    esp8266.o
    0x08002258   0x08002258   0x00000130   Code   RO         3379    i.ESP8266_Init      esp8266.o
    0x08002388   0x08002388   0x00000054   Code   RO         3380    i.ESP8266_SendCmd   esp8266.o
    0x080023dc   0x080023dc   0x00000048   Code   RO         3381    i.ESP8266_SendData  esp8266.o
    0x08002424   0x08002424   0x00000034   Code   RO         3382    i.ESP8266_WaitRecive  esp8266.o
    0x08002458   0x08002458   0x00000040   Code   RO         3244    i.EXTI1_IRQHandler  key.o
    0x08002498   0x08002498   0x0000000c   Code   RO          985    i.EXTI_ClearITPendingBit  stm32f10x_exti.o
    0x080024a4   0x080024a4   0x00000028   Code   RO          989    i.EXTI_GetITStatus  stm32f10x_exti.o
    0x080024cc   0x080024cc   0x00000094   Code   RO          990    i.EXTI_Init         stm32f10x_exti.o
    0x08002560   0x08002560   0x00000040   Code   RO         1344    i.GPIO_EXTILineConfig  stm32f10x_gpio.o
    0x080025a0   0x080025a0   0x00000116   Code   RO         1347    i.GPIO_Init         stm32f10x_gpio.o
    0x080026b6   0x080026b6   0x00000012   Code   RO         1351    i.GPIO_ReadInputDataBit  stm32f10x_gpio.o
    0x080026c8   0x080026c8   0x00000004   Code   RO         1354    i.GPIO_ResetBits    stm32f10x_gpio.o
    0x080026cc   0x080026cc   0x00000004   Code   RO         1355    i.GPIO_SetBits      stm32f10x_gpio.o
    0x080026d0   0x080026d0   0x0000000a   Code   RO         1358    i.GPIO_WriteBit     stm32f10x_gpio.o
    0x080026da   0x080026da   0x00000004   Code   RO         3524    i.HardFault_Handler  stm32f10x_it.o
    0x080026de   0x080026de   0x00000002   PAD
    0x080026e0   0x080026e0   0x00000074   Code   RO         3245    i.Key_Init          key.o
    0x08002754   0x08002754   0x00000034   Code   RO         3220    i.LED_Init          led.o
    0x08002788   0x08002788   0x0000002c   Code   RO         3221    i.LED_Set           led.o
    0x080027b4   0x080027b4   0x0000001c   Code   RO         4026    i.MQTT_DeleteBuffer  mqttkit.o
    0x080027d0   0x080027d0   0x0000002e   Code   RO         4027    i.MQTT_DumpLength   mqttkit.o
    0x080027fe   0x080027fe   0x00000058   Code   RO         4028    i.MQTT_NewBuffer    mqttkit.o
    0x08002856   0x08002856   0x00000002   PAD
    0x08002858   0x08002858   0x000002a0   Code   RO         4030    i.MQTT_PacketConnect  mqttkit.o
    0x08002af8   0x08002af8   0x00000046   Code   RO         4042    i.MQTT_ReadLength   mqttkit.o
    0x08002b3e   0x08002b3e   0x0000001e   Code   RO         4044    i.MQTT_UnPacketConnectAck  mqttkit.o
    0x08002b5c   0x08002b5c   0x00000074   Code   RO         4050    i.MQTT_UnPacketRecv  mqttkit.o
    0x08002bd0   0x08002bd0   0x00000004   Code   RO         3525    i.MemManage_Handler  stm32f10x_it.o
    0x08002bd4   0x08002bd4   0x00000002   Code   RO         3526    i.NMI_Handler       stm32f10x_it.o
    0x08002bd6   0x08002bd6   0x00000002   PAD
    0x08002bd8   0x08002bd8   0x00000070   Code   RO          137    i.NVIC_Init         misc.o
    0x08002c48   0x08002c48   0x00000014   Code   RO          138    i.NVIC_PriorityGroupConfig  misc.o
    0x08002c5c   0x08002c5c   0x0000002a   Code   RO         3269    i.OLED_Clear        oled.o
    0x08002c86   0x08002c86   0x00000002   PAD
    0x08002c88   0x08002c88   0x00000050   Code   RO         3270    i.OLED_I2C_Init     oled.o
    0x08002cd8   0x08002cd8   0x0000005c   Code   RO         3271    i.OLED_I2C_SendByte  oled.o
    0x08002d34   0x08002d34   0x00000034   Code   RO         3272    i.OLED_I2C_Start    oled.o
    0x08002d68   0x08002d68   0x00000028   Code   RO         3273    i.OLED_I2C_Stop     oled.o
    0x08002d90   0x08002d90   0x000000ae   Code   RO         3274    i.OLED_Init         oled.o
    0x08002e3e   0x08002e3e   0x00000022   Code   RO         3276    i.OLED_SetCursor    oled.o
    0x08002e60   0x08002e60   0x00000020   Code   RO         3283    i.OLED_WriteCommand  oled.o
    0x08002e80   0x08002e80   0x00000020   Code   RO         3284    i.OLED_WriteData    oled.o
    0x08002ea0   0x08002ea0   0x00000118   Code   RO         4210    i.OTA_UrlEncode     onenet.o
    0x08002fb8   0x08002fb8   0x0000019c   Code   RO         4211    i.OneNET_Authorization  onenet.o
    0x08003154   0x08003154   0x000002c0   Code   RO         4212    i.OneNet_DevLink    onenet.o
    0x08003414   0x08003414   0x00000002   Code   RO         3527    i.PendSV_Handler    stm32f10x_it.o
    0x08003416   0x08003416   0x00000002   PAD
    0x08003418   0x08003418   0x00000020   Code   RO         1775    i.RCC_APB1PeriphClockCmd  stm32f10x_rcc.o
    0x08003438   0x08003438   0x00000020   Code   RO         1777    i.RCC_APB2PeriphClockCmd  stm32f10x_rcc.o
    0x08003458   0x08003458   0x000000d4   Code   RO         1785    i.RCC_GetClocksFreq  stm32f10x_rcc.o
    0x0800352c   0x0800352c   0x00000002   Code   RO         3528    i.SVC_Handler       stm32f10x_it.o
    0x0800352e   0x0800352e   0x00000008   Code   RO           24    i.SetSysClock       system_stm32f10x.o
    0x08003536   0x08003536   0x00000002   PAD
    0x08003538   0x08003538   0x000000e0   Code   RO           25    i.SetSysClockTo72   system_stm32f10x.o
    0x08003618   0x08003618   0x00000002   Code   RO         3529    i.SysTick_Handler   stm32f10x_it.o
    0x0800361a   0x0800361a   0x00000002   PAD
    0x0800361c   0x0800361c   0x00000060   Code   RO           27    i.SystemInit        system_stm32f10x.o
    0x0800367c   0x0800367c   0x0000001c   Code   RO         3445    i.USART1_IRQHandler  usart.o
    0x08003698   0x08003698   0x00000050   Code   RO         3383    i.USART2_IRQHandler  esp8266.o
    0x080036e8   0x080036e8   0x00000012   Code   RO         2956    i.USART_ClearFlag   stm32f10x_usart.o
    0x080036fa   0x080036fa   0x00000018   Code   RO         2960    i.USART_Cmd         stm32f10x_usart.o
    0x08003712   0x08003712   0x0000001a   Code   RO         2963    i.USART_GetFlagStatus  stm32f10x_usart.o
    0x0800372c   0x0800372c   0x00000054   Code   RO         2964    i.USART_GetITStatus  stm32f10x_usart.o
    0x08003780   0x08003780   0x0000004a   Code   RO         2966    i.USART_ITConfig    stm32f10x_usart.o
    0x080037ca   0x080037ca   0x00000002   PAD
    0x080037cc   0x080037cc   0x000000d8   Code   RO         2967    i.USART_Init        stm32f10x_usart.o
    0x080038a4   0x080038a4   0x0000000a   Code   RO         2974    i.USART_ReceiveData  stm32f10x_usart.o
    0x080038ae   0x080038ae   0x00000008   Code   RO         2977    i.USART_SendData    stm32f10x_usart.o
    0x080038b6   0x080038b6   0x00000004   Code   RO         3530    i.UsageFault_Handler  stm32f10x_it.o
    0x080038ba   0x080038ba   0x00000002   PAD
    0x080038bc   0x080038bc   0x000000b0   Code   RO         3446    i.Usart1_Init       usart.o
    0x0800396c   0x0800396c   0x000000ac   Code   RO         3447    i.Usart2_Init       usart.o
    0x08003a18   0x08003a18   0x00000048   Code   RO         3448    i.UsartPrintf       usart.o
    0x08003a60   0x08003a60   0x00000032   Code   RO         3449    i.Usart_SendString  usart.o
    0x08003a92   0x08003a92   0x00000028   Code   RO         4608    i.__ARM_fpclassify  m_ws.l(fpclassify.o)
    0x08003aba   0x08003aba   0x0000000e   Code   RO         4365    i._is_digit         c_w.l(__printf_wp.o)
    0x08003ac8   0x08003ac8   0x0000004c   Code   RO         3971    i.ft                hmac_sha1.o
    0x08003b14   0x08003b14   0x0000012e   Code   RO         3972    i.hmac_sha1         hmac_sha1.o
    0x08003c42   0x08003c42   0x00000002   PAD
    0x08003c44   0x08003c44   0x00000034   Code   RO         3973    i.k                 hmac_sha1.o
    0x08003c78   0x08003c78   0x0000013c   Code   RO         3491    i.main              main.o
    0x08003db4   0x08003db4   0x0000002e   Code   RO         3974    i.rotl              hmac_sha1.o
    0x08003de2   0x08003de2   0x00000002   PAD
    0x08003de4   0x08003de4   0x00000284   Code   RO         3976    i.sha1              hmac_sha1.o
    0x08004068   0x08004068   0x0000002c   Code   RO         4698    locale$$code        c_w.l(lc_ctype_c.o)
    0x08004094   0x08004094   0x0000002c   Code   RO         4701    locale$$code        c_w.l(lc_numeric_c.o)
    0x080040c0   0x080040c0   0x00000004   Code   RO         4433    x$fpl$printf1       fz_ws.l(printf1.o)
    0x080040c4   0x080040c4   0x00000004   Code   RO         4585    x$fpl$printf2       fz_ws.l(printf2.o)
    0x080040c8   0x080040c8   0x00000000   Code   RO         4593    x$fpl$usenofp       fz_ws.l(usenofp.o)
    0x080040c8   0x080040c8   0x000000c0   Data   RO         3587    .constdata          base64.o
    0x08004188   0x08004188   0x00000028   Data   RO         4353    .constdata          c_w.l(_printf_hex_int_ll_ptr.o)
    0x080041b0   0x080041b0   0x00000011   Data   RO         4373    .constdata          c_w.l(__printf_flags_ss_wp.o)
    0x080041c1   0x080041c1   0x00000003   PAD
    0x080041c4   0x080041c4   0x00000008   Data   RO         4498    .constdata          c_w.l(_printf_wctomb.o)
    0x080041cc   0x080041cc   0x00000026   Data   RO         4662    .constdata          c_w.l(_printf_fp_hex.o)
    0x080041f2   0x080041f2   0x00000002   PAD
    0x080041f4   0x080041f4   0x00000094   Data   RO         4671    .constdata          c_w.l(bigflt0.o)
    0x08004288   0x08004288   0x00000047   Data   RO         4214    .conststring        onenet.o
    0x080042cf   0x080042cf   0x00000001   PAD
    0x080042d0   0x080042d0   0x00000020   Data   RO         4809    Region$$Table       anon$$obj.o
    0x080042f0   0x080042f0   0x00000110   Data   RO         4697    locale$$data        c_w.l(lc_ctype_c.o)
    0x08004400   0x08004400   0x0000001c   Data   RO         4700    locale$$data        c_w.l(lc_numeric_c.o)


    Execution Region RW_IRAM1 (Exec base: 0x20000000, Load base: 0x0800441c, Size: 0x00000c80, Max: 0x00005000, ABSOLUTE)

    Exec Addr    Load Addr    Size         Type   Attr      Idx    E Section Name        Object

    0x20000000   0x0800441c   0x00000014   Data   RW         1805    .data               stm32f10x_rcc.o
    0x20000014   0x08004430   0x00000001   Data   RW         3222    .data               led.o
    0x20000015   0x08004431   0x00000001   PAD
    0x20000016   0x08004432   0x00000004   Data   RW         3385    .data               esp8266.o
    0x2000001a   0x08004436   0x00000002   PAD
    0x2000001c        -       0x00000200   Zero   RW         3384    .bss                esp8266.o
    0x2000021c        -       0x00000060   Zero   RW         4624    .bss                c_w.l(libspace.o)
    0x2000027c   0x08004436   0x00000004   PAD
    0x20000280        -       0x00000200   Zero   RW            2    HEAP                startup_stm32f10x_md.o
    0x20000480        -       0x00000800   Zero   RW            1    STACK               startup_stm32f10x_md.o


==============================================================================

Image component sizes


      Code (inc. data)   RO Data    RW Data    ZI Data      Debug   Object Name

       688          8        192          0          0       3480   base64.o
         0          0          0          0          0       4508   core_cm3.o
        70          0          0          0          0        882   delay.o
       700        246          0          4        512       4763   esp8266.o
      1120         30          0          0          0       4103   hmac_sha1.o
       180         14          0          0          0        994   key.o
        96         12          0          1          0       1412   led.o
       316        184          0          0          0        479   main.o
       132         22          0          0          0     206907   misc.o
      1050         16          0          0          0       7692   mqttkit.o
       578         16          0          0          0       4364   oled.o
      1396        630         71          0          0       2753   onenet.o
        64         26        236          0       2560        800   startup_stm32f10x_md.o
         0          0          0          0          0       1636   stm32f10x_adc.o
       200         18          0          0          0       4116   stm32f10x_exti.o
       378          4          0          0          0      12878   stm32f10x_gpio.o
        26          0          0          0          0       3558   stm32f10x_it.o
       276         32          0         20          0      12978   stm32f10x_rcc.o
       460          6          0          0          0      12315   stm32f10x_usart.o
       328         28          0          0          0      24873   system_stm32f10x.o
       498         24          0          0          0       4093   usart.o

    ----------------------------------------------------------------------
      8578       1316        532         28       3072     319584   Object Totals
         0          0         32          0          0          0   (incl. Generated)
        22          0          1          3          0          0   (incl. Padding)

    ----------------------------------------------------------------------

      Code (inc. data)   RO Data    RW Data    ZI Data      Debug   Library Member Name

        56          6          0          0          0         88   __2snprintf.o
        44          6          0          0          0         84   __2sprintf.o
         8          0          0          0          0         68   __main.o
       392          4         17          0          0         92   __printf_flags_ss_wp.o
        14          0          0          0          0         68   __printf_wp.o
         0          0          0          0          0          0   __rtentry.o
        12          0          0          0          0          0   __rtentry2.o
         6          0          0          0          0          0   __rtentry4.o
        52          8          0          0          0          0   __scatter.o
        26          0          0          0          0          0   __scatter_copy.o
        28          0          0          0          0          0   __scatter_zi.o
         6          0          0          0          0          0   _printf_a.o
         6          0          0          0          0          0   _printf_c.o
        44          0          0          0          0        108   _printf_char.o
        48          6          0          0          0         96   _printf_char_common.o
        40          0          0          0          0         68   _printf_charcount.o
         6          0          0          0          0          0   _printf_d.o
       120         16          0          0          0         92   _printf_dec.o
         6          0          0          0          0          0   _printf_e.o
         6          0          0          0          0          0   _printf_f.o
      1054          0          0          0          0        216   _printf_fp_dec.o
       764          8         38          0          0        100   _printf_fp_hex.o
       128         16          0          0          0         84   _printf_fp_infnan.o
         6          0          0          0          0          0   _printf_g.o
       148          4         40          0          0        160   _printf_hex_int_ll_ptr.o
         6          0          0          0          0          0   _printf_i.o
       178          0          0          0          0         88   _printf_intcommon.o
        10          0          0          0          0          0   _printf_l.o
         6          0          0          0          0          0   _printf_lc.o
        10          0          0          0          0          0   _printf_ll.o
         6          0          0          0          0          0   _printf_lld.o
         6          0          0          0          0          0   _printf_lli.o
         6          0          0          0          0          0   _printf_llo.o
         6          0          0          0          0          0   _printf_llu.o
         6          0          0          0          0          0   _printf_llx.o
       124         16          0          0          0         92   _printf_longlong_dec.o
         6          0          0          0          0          0   _printf_ls.o
         6          0          0          0          0          0   _printf_n.o
         6          0          0          0          0          0   _printf_o.o
       112         10          0          0          0        124   _printf_oct_int_ll.o
         6          0          0          0          0          0   _printf_p.o
        78          0          0          0          0        108   _printf_pad.o
         0          0          0          0          0          0   _printf_percent.o
         4          0          0          0          0          0   _printf_percent_end.o
         6          0          0          0          0          0   _printf_s.o
        82          0          0          0          0         80   _printf_str.o
        36          0          0          0          0         84   _printf_truncate.o
         6          0          0          0          0          0   _printf_u.o
        44          0          0          0          0        108   _printf_wchar.o
       188          6          8          0          0         92   _printf_wctomb.o
         6          0          0          0          0          0   _printf_x.o
        16          0          0          0          0         68   _snputc.o
        10          0          0          0          0         68   _sputc.o
        64          0          0          0          0         92   _wcrtomb.o
       228          4        148          0          0         96   bigflt0.o
      1936        128          0          0          0        672   btod.o
        10          0          0          0          0         68   defsig_exit.o
        50          0          0          0          0         88   defsig_general.o
        80         58          0          0          0         76   defsig_rtmem_inner.o
        14          0          0          0          0         80   defsig_rtmem_outer.o
        18          0          0          0          0         80   exit.o
        94          0          0          0          0         80   h1_alloc.o
        52          0          0          0          0         68   h1_extend.o
        78          0          0          0          0         80   h1_free.o
        14          0          0          0          0         84   h1_init.o
         6          0          0          0          0        152   heapauxi.o
         4          0          0          0          0        136   hguard.o
         0          0          0          0          0          0   indicate_semi.o
       138          0          0          0          0        168   init_alloc.o
        44         10        272          0          0         76   lc_ctype_c.o
        44         10         28          0          0         76   lc_numeric_c.o
         2          0          0          0          0          0   libinit.o
        38          0          0          0          0          0   libinit2.o
         2          0          0          0          0          0   libshutdown.o
         2          0          0          0          0          0   libshutdown2.o
         8          4          0          0         96         68   libspace.o
       138          0          0          0          0         80   lludiv10.o
         0          0          0          0          0          0   maybetermalloc1.o
        16          4          0          0          0         76   rt_ctype_table.o
         8          4          0          0          0         68   rt_heap_descriptor_intlibspace.o
         8          4          0          0          0         68   rt_locale_intlibspace.o
        68          0          0          0          0         68   rt_memclr.o
        78          0          0          0          0         80   rt_memclr_w.o
         2          0          0          0          0          0   rtexit.o
        10          0          0          0          0          0   rtexit2.o
        24          0          0          0          0         68   strcat.o
        20          0          0          0          0         68   strchr.o
       128          0          0          0          0         68   strcmpv7m.o
        62          0          0          0          0         76   strlen.o
        36          0          0          0          0         76   strncat.o
        36          0          0          0          0         80   strstr.o
        12          4          0          0          0         68   sys_exit.o
        74          0          0          0          0         80   sys_stackheap_outer.o
        14          0          0          0          0         76   sys_wrch.o
         2          0          0          0          0         68   use_no_semi.o
        52          4          0          0          0         80   vsnprintf.o
         4          0          0          0          0         68   printf1.o
         4          0          0          0          0         68   printf2.o
         0          0          0          0          0          0   usenofp.o
        40          0          0          0          0         68   fpclassify.o

    ----------------------------------------------------------------------
      7770        340        556          0        100       5928   Library Totals
        12          0          5          0          4          0   (incl. Padding)

    ----------------------------------------------------------------------

      Code (inc. data)   RO Data    RW Data    ZI Data      Debug   Library Name

      7710        340        551          0         96       5724   c_w.l
         8          0          0          0          0        136   fz_ws.l
        40          0          0          0          0         68   m_ws.l

    ----------------------------------------------------------------------
      7770        340        556          0        100       5928   Library Totals

    ----------------------------------------------------------------------

==============================================================================


      Code (inc. data)   RO Data    RW Data    ZI Data      Debug   

     16348       1656       1088         28       3172     318176   Grand Totals
     16348       1656       1088         28       3172     318176   ELF Image Totals
     16348       1656       1088         28          0          0   ROM Totals

==============================================================================

    Total RO  Size (Code + RO Data)                17436 (  17.03kB)
    Total RW  Size (RW Data + ZI Data)              3200 (   3.13kB)
    Total ROM Size (Code + RO Data + RW Data)      17464 (  17.05kB)

==============================================================================

