Component: ARM Compiler 5.06 update 6 (build 750) Tool: armlink [4d35ed]

==============================================================================

Section Cross References

    startup_stm32f10x_md.o(STACK) refers (Special) to heapauxi.o(.text) for __use_two_region_memory
    startup_stm32f10x_md.o(HEAP) refers (Special) to heapauxi.o(.text) for __use_two_region_memory
    startup_stm32f10x_md.o(RESET) refers (Special) to heapauxi.o(.text) for __use_two_region_memory
    startup_stm32f10x_md.o(RESET) refers to startup_stm32f10x_md.o(STACK) for __initial_sp
    startup_stm32f10x_md.o(RESET) refers to startup_stm32f10x_md.o(.text) for Reset_Handler
    startup_stm32f10x_md.o(RESET) refers to stm32f10x_it.o(i.NMI_Handler) for NMI_Handler
    startup_stm32f10x_md.o(RESET) refers to stm32f10x_it.o(i.HardFault_Handler) for HardFault_Handler
    startup_stm32f10x_md.o(RESET) refers to stm32f10x_it.o(i.MemManage_Handler) for MemManage_Handler
    startup_stm32f10x_md.o(RESET) refers to stm32f10x_it.o(i.BusFault_Handler) for BusFault_Handler
    startup_stm32f10x_md.o(RESET) refers to stm32f10x_it.o(i.UsageFault_Handler) for UsageFault_Handler
    startup_stm32f10x_md.o(RESET) refers to stm32f10x_it.o(i.SVC_Handler) for SVC_Handler
    startup_stm32f10x_md.o(RESET) refers to stm32f10x_it.o(i.DebugMon_Handler) for DebugMon_Handler
    startup_stm32f10x_md.o(RESET) refers to stm32f10x_it.o(i.PendSV_Handler) for PendSV_Handler
    startup_stm32f10x_md.o(RESET) refers to stm32f10x_it.o(i.SysTick_Handler) for SysTick_Handler
    startup_stm32f10x_md.o(RESET) refers to key.o(i.EXTI1_IRQHandler) for EXTI1_IRQHandler
    startup_stm32f10x_md.o(RESET) refers to usart.o(i.USART1_IRQHandler) for USART1_IRQHandler
    startup_stm32f10x_md.o(RESET) refers to esp8266.o(i.USART2_IRQHandler) for USART2_IRQHandler
    startup_stm32f10x_md.o(.text) refers (Special) to heapauxi.o(.text) for __use_two_region_memory
    startup_stm32f10x_md.o(.text) refers to system_stm32f10x.o(i.SystemInit) for SystemInit
    startup_stm32f10x_md.o(.text) refers to __main.o(!!!main) for __main
    startup_stm32f10x_md.o(.text) refers to startup_stm32f10x_md.o(HEAP) for Heap_Mem
    startup_stm32f10x_md.o(.text) refers to startup_stm32f10x_md.o(STACK) for Stack_Mem
    system_stm32f10x.o(i.SetSysClock) refers to system_stm32f10x.o(i.SetSysClockTo72) for SetSysClockTo72
    system_stm32f10x.o(i.SystemCoreClockUpdate) refers to system_stm32f10x.o(.data) for SystemCoreClock
    system_stm32f10x.o(i.SystemInit) refers to system_stm32f10x.o(i.SetSysClock) for SetSysClock
    stm32f10x_adc.o(i.ADC_DeInit) refers to stm32f10x_rcc.o(i.RCC_APB2PeriphResetCmd) for RCC_APB2PeriphResetCmd
    stm32f10x_bkp.o(i.BKP_DeInit) refers to stm32f10x_rcc.o(i.RCC_BackupResetCmd) for RCC_BackupResetCmd
    stm32f10x_can.o(i.CAN_DeInit) refers to stm32f10x_rcc.o(i.RCC_APB1PeriphResetCmd) for RCC_APB1PeriphResetCmd
    stm32f10x_can.o(i.CAN_GetITStatus) refers to stm32f10x_can.o(i.CheckITStatus) for CheckITStatus
    stm32f10x_cec.o(i.CEC_DeInit) refers to stm32f10x_rcc.o(i.RCC_APB1PeriphResetCmd) for RCC_APB1PeriphResetCmd
    stm32f10x_dac.o(i.DAC_DeInit) refers to stm32f10x_rcc.o(i.RCC_APB1PeriphResetCmd) for RCC_APB1PeriphResetCmd
    stm32f10x_flash.o(i.FLASH_EnableWriteProtection) refers to stm32f10x_flash.o(i.FLASH_WaitForLastOperation) for FLASH_WaitForLastOperation
    stm32f10x_flash.o(i.FLASH_EraseAllBank1Pages) refers to stm32f10x_flash.o(i.FLASH_WaitForLastBank1Operation) for FLASH_WaitForLastBank1Operation
    stm32f10x_flash.o(i.FLASH_EraseAllPages) refers to stm32f10x_flash.o(i.FLASH_WaitForLastOperation) for FLASH_WaitForLastOperation
    stm32f10x_flash.o(i.FLASH_EraseOptionBytes) refers to stm32f10x_flash.o(i.FLASH_GetReadOutProtectionStatus) for FLASH_GetReadOutProtectionStatus
    stm32f10x_flash.o(i.FLASH_EraseOptionBytes) refers to stm32f10x_flash.o(i.FLASH_WaitForLastOperation) for FLASH_WaitForLastOperation
    stm32f10x_flash.o(i.FLASH_ErasePage) refers to stm32f10x_flash.o(i.FLASH_WaitForLastOperation) for FLASH_WaitForLastOperation
    stm32f10x_flash.o(i.FLASH_ProgramHalfWord) refers to stm32f10x_flash.o(i.FLASH_WaitForLastOperation) for FLASH_WaitForLastOperation
    stm32f10x_flash.o(i.FLASH_ProgramOptionByteData) refers to stm32f10x_flash.o(i.FLASH_WaitForLastOperation) for FLASH_WaitForLastOperation
    stm32f10x_flash.o(i.FLASH_ProgramWord) refers to stm32f10x_flash.o(i.FLASH_WaitForLastOperation) for FLASH_WaitForLastOperation
    stm32f10x_flash.o(i.FLASH_ReadOutProtection) refers to stm32f10x_flash.o(i.FLASH_WaitForLastOperation) for FLASH_WaitForLastOperation
    stm32f10x_flash.o(i.FLASH_UserOptionByteConfig) refers to stm32f10x_flash.o(i.FLASH_WaitForLastOperation) for FLASH_WaitForLastOperation
    stm32f10x_flash.o(i.FLASH_WaitForLastBank1Operation) refers to stm32f10x_flash.o(i.FLASH_GetBank1Status) for FLASH_GetBank1Status
[...]
    .text                                    0x08001164   Section        8  libspace.o(.text)
    .text                                    0x0800116c   Section        8  rt_locale_intlibspace.o(.text)
    .text                                    0x08001174   Section        0  h1_extend.o(.text)
    .text                                    0x080011a8   Section      138  lludiv10.o(.text)
    .text                                    0x08001234   Section        0  _printf_fp_hex.o(.text)
    .text                                    0x08001530   Section        0  _printf_fp_infnan.o(.text)
    .text                                    0x080015b0   Section        0  _printf_wchar.o(.text)
    .text                                    0x080015dc   Section        0  bigflt0.o(.text)
    .text                                    0x080016c0   Section        0  _wcrtomb.o(.text)
    .text                                    0x08001700   Section        0  defsig_rtmem_outer.o(.text)
    .text                                    0x0800170e   Section        2  use_no_semi.o(.text)
    .text                                    0x08001710   Section       74  sys_stackheap_outer.o(.text)
    .text                                    0x08001710   Section        0  indicate_semi.o(.text)
    .text                                    0x0800175a   Section        0  exit.o(.text)
    .text                                    0x0800176c   Section        0  defsig_exit.o(.text)
    .text                                    0x08001778   Section        0  defsig_rtmem_inner.o(.text)
    .text                                    0x080017c8   Section      128  strcmpv7m.o(.text)
    .text                                    0x08001848   Section        0  sys_exit.o(.text)
    .text                                    0x08001854   Section        0  defsig_general.o(.text)
    .text                                    0x08001886   Section        0  sys_wrch.o(.text)
    CL$$btod_d2e                             0x08001894   Section       62  btod.o(CL$$btod_d2e)
    CL$$btod_d2e_denorm_low                  0x080018d2   Section       70  btod.o(CL$$btod_d2e_denorm_low)
    CL$$btod_d2e_norm_op1                    0x08001918   Section       96  btod.o(CL$$btod_d2e_norm_op1)
    CL$$btod_div_common                      0x08001978   Section      824  btod.o(CL$$btod_div_common)
    CL$$btod_e2e                             0x08001cb0   Section      220  btod.o(CL$$btod_e2e)
    CL$$btod_ediv                            0x08001d8c   Section       42  btod.o(CL$$btod_ediv)
    CL$$btod_emul                            0x08001db6   Section       42  btod.o(CL$$btod_emul)
    CL$$btod_mult_common                     0x08001de0   Section      580  btod.o(CL$$btod_mult_common)
    i.BASE64_Decode                          0x08002024   Section        0  base64.o(i.BASE64_Decode)
    i.BASE64_Encode                          0x08002190   Section        0  base64.o(i.BASE64_Encode)
    i.BusFault_Handler                       0x080022d4   Section        0  stm32f10x_it.o(i.BusFault_Handler)
    i.DebugMon_Handler                       0x080022d8   Section        0  stm32f10x_it.o(i.DebugMon_Handler)
    i.Delay_ms                               0x080022da   Section        0  delay.o(i.Delay_ms)
    i.Delay_us                               0x080022f2   Section        0  delay.o(i.Delay_us)
    i.ESP8266_Clear                          0x08002320   Section        0  esp8266.o(i.ESP8266_Clear)
    i.ESP8266_GetIPD                         0x0800233c   Section        0  esp8266.o(i.ESP8266_GetIPD)
    i.ESP8266_Init                           0x0800238c   Section        0  esp8266.o(i.ESP8266_Init)
    i.ESP8266_SendCmd                        0x080024bc   Section        0  esp8266.o(i.ESP8266_SendCmd)
    i.ESP8266_SendData                       0x08002510   Section        0  esp8266.o(i.ESP8266_SendData)
    i.ESP8266_WaitRecive                     0x08002558   Section        0  esp8266.o(i.ESP8266_WaitRecive)
    i.EXTI1_IRQHandler                       0x0800258c   Section        0  key.o(i.EXTI1_IRQHandler)
    i.EXTI_ClearITPendingBit                 0x080025c0   Section        0  stm32f10x_exti.o(i.EXTI_ClearITPendingBit)
    i.EXTI_Init                              0x080025cc   Section        0  stm32f10x_exti.o(i.EXTI_Init)
    i.GPIO_EXTILineConfig                    0x08002660   Section        0  stm32f10x_gpio.o(i.GPIO_EXTILineConfig)
    i.GPIO_Init                              0x080026a0   Section        0  stm32f10x_gpio.o(i.GPIO_Init)
    i.GPIO_ReadInputDataBit                  0x080027b6   Section        0  stm32f10x_gpio.o(i.GPIO_ReadInputDataBit)
    i.GPIO_ResetBits                         0x080027c8   Section        0  stm32f10x_gpio.o(i.GPIO_ResetBits)
    i.GPIO_SetBits                           0x080027cc   Section        0  stm32f10x_gpio.o(i.GPIO_SetBits)
    i.GPIO_WriteBit                          0x080027d0   Section        0  stm32f10x_gpio.o(i.GPIO_WriteBit)
    i.HardFault_Handler                      0x080027da   Section        0  stm32f10x_it.o(i.HardFault_Handler)
    i.Key_Init                               0x080027e0   Section        0  key.o(i.Key_Init)
    i.LED_Init                               0x08002854   Section        0  led.o(i.LED_Init)
    i.LED_Set                                0x08002888   Section        0  led.o(i.LED_Set)
    i.MQTT_DeleteBuffer                      0x080028b4   Section        0  mqttkit.o(i.MQTT_DeleteBuffer)
    i.MQTT_DumpLength                        0x080028d0   Section        0  mqttkit.o(i.MQTT_DumpLength)
    i.MQTT_NewBuffer                         0x080028fe   Section        0  mqttkit.o(i.MQTT_NewBuffer)
    i.MQTT_PacketConnect                     0x08002958   Section        0  mqttkit.o(i.MQTT_PacketConnect)
    i.MQTT_PacketPublish                     0x08002bf8   Section        0  mqttkit.o(i.MQTT_PacketPublish)
    i.MQTT_PacketSaveData                    0x08002db0   Section        0  mqttkit.o(i.MQTT_PacketSaveData)
    i.MQTT_ReadLength                        0x08002e14   Section        0  mqttkit.o(i.MQTT_ReadLength)
    i.MQTT_UnPacketConnectAck                0x08002e5a   Section        0  mqttkit.o(i.MQTT_UnPacketConnectAck)
    i.MQTT_UnPacketRecv                      0x08002e78   Section        0  mqttkit.o(i.MQTT_UnPacketRecv)
    i.MemManage_Handler                      0x08002eec   Section        0  stm32f10x_it.o(i.MemManage_Handler)
    i.NMI_Handler                            0x08002ef0   Section        0  stm32f10x_it.o(i.NMI_Handler)
    i.NVIC_Init                              0x08002ef4   Section        0  misc.o(i.NVIC_Init)
    i.NVIC_PriorityGroupConfig               0x08002f64   Section        0  misc.o(i.NVIC_PriorityGroupConfig)
    i.OLED_Clear                             0x08002f78   Section        0  oled.o(i.OLED_Clear)
    i.OLED_I2C_Init                          0x08002fa4   Section        0  oled.o(i.OLED_I2C_Init)
    i.OLED_I2C_SendByte                      0x08002ff4   Section        0  oled.o(i.OLED_I2C_SendByte)
    i.OLED_I2C_Start                         0x08003050   Section        0  oled.o(i.OLED_I2C_Start)
    i.OLED_I2C_Stop                          0x08003084   Section        0  oled.o(i.OLED_I2C_Stop)
    i.OLED_Init                              0x080030ac   Section        0  oled.o(i.OLED_Init)
    i.OLED_SetCursor                         0x0800315a   Section        0  oled.o(i.OLED_SetCursor)
    i.OLED_WriteCommand                      0x0800317c   Section        0  oled.o(i.OLED_WriteCommand)
    i.OLED_WriteData                         0x0800319c   Section        0  oled.o(i.OLED_WriteData)
    i.OTA_UrlEncode                          0x080031bc   Section        0  onenet.o(i.OTA_UrlEncode)
    OTA_UrlEncode                            0x080031bd   Thumb Code   246  onenet.o(i.OTA_UrlEncode)
    i.OneNET_Authorization                   0x080032d4   Section        0  onenet.o(i.OneNET_Authorization)
    OneNET_Authorization                     0x080032d5   Thumb Code   284  onenet.o(i.OneNET_Authorization)
    i.OneNet_DevLink                         0x08003470   Section        0  onenet.o(i.OneNet_DevLink)
    i.OneNet_FillBuf                         0x08003730   Section        0  onenet.o(i.OneNet_FillBuf)
    i.OneNet_SendData                        0x08003834   Section        0  onenet.o(i.OneNet_SendData)
    i.PendSV_Handler                         0x0800391c   Section        0  stm32f10x_it.o(i.PendSV_Handler)
    i.RCC_APB1PeriphClockCmd                 0x08003920   Section        0  stm32f10x_rcc.o(i.RCC_APB1PeriphClockCmd)
    i.RCC_APB2PeriphClockCmd                 0x08003940   Section        0  stm32f10x_rcc.o(i.RCC_APB2PeriphClockCmd)
    i.RCC_GetClocksFreq                      0x08003960   Section        0  stm32f10x_rcc.o(i.RCC_GetClocksFreq)
    i.SVC_Handler                            0x08003a34   Section        0  stm32f10x_it.o(i.SVC_Handler)
    i.SetSysClock                            0x08003a36   Section        0  system_stm32f10x.o(i.SetSysClock)
    SetSysClock                              0x08003a37   Thumb Code     8  system_stm32f10x.o(i.SetSysClock)
    i.SetSysClockTo72                        0x08003a40   Section        0  system_stm32f10x.o(i.SetSysClockTo72)
    SetSysClockTo72                          0x08003a41   Thumb Code   214  system_stm32f10x.o(i.SetSysClockTo72)
    i.SysTick_Handler                        0x08003b20   Section        0  stm32f10x_it.o(i.SysTick_Handler)
    i.SystemInit                             0x08003b24   Section        0  system_stm32f10x.o(i.SystemInit)
    i.USART1_IRQHandler                      0x08003b84   Section        0  usart.o(i.USART1_IRQHandler)
    i.USART2_IRQHandler                      0x08003ba0   Section        0  esp8266.o(i.USART2_IRQHandler)
    i.USART_ClearFlag                        0x08003bf0   Section        0  stm32f10x_usart.o(i.USART_ClearFlag)
    i.USART_Cmd                              0x08003c02   Section        0  stm32f10x_usart.o(i.USART_Cmd)
    i.USART_GetFlagStatus                    0x08003c1a   Section        0  stm32f10x_usart.o(i.USART_GetFlagStatus)
    i.USART_GetITStatus                      0x08003c34   Section        0  stm32f10x_usart.o(i.USART_GetITStatus)
    i.USART_ITConfig                         0x08003c88   Section        0  stm32f10x_usart.o(i.USART_ITConfig)
    i.USART_Init                             0x08003cd4   Section        0  stm32f10x_usart.o(i.USART_Init)
    i.USART_ReceiveData                      0x08003dac   Section        0  stm32f10x_usart.o(i.USART_ReceiveData)
    i.USART_SendData                         0x08003db6   Section        0  stm32f10x_usart.o(i.USART_SendData)
    i.UsageFault_Handler                     0x08003dbe   Section        0  stm32f10x_it.o(i.UsageFault_Handler)
    i.Usart1_Init                            0x08003dc4   Section        0  usart.o(i.Usart1_Init)
    i.Usart2_Init                            0x08003e74   Section        0  usart.o(i.Usart2_Init)
    i.UsartPrintf                            0x08003f20   Section        0  usart.o(i.UsartPrintf)
    i.Usart_SendString                       0x08003f68   Section        0  usart.o(i.Usart_SendString)
    i.__ARM_fpclassify                       0x08003f9a   Section        0  fpclassify.o(i.__ARM_fpclassify)
    i._is_digit                              0x08003fc2   Section        0  __printf_wp.o(i._is_digit)
    i.ft                                     0x08003fd0   Section        0  hmac_sha1.o(i.ft)
    i.hmac_sha1                              0x0800401c   Section        0  hmac_sha1.o(i.hmac_sha1)
    i.k                                      0x0800414c   Section        0  hmac_sha1.o(i.k)
    i.main                                   0x08004180   Section        0  main.o(i.main)
    i.rotl                                   0x080042f4   Section        0  hmac_sha1.o(i.rotl)
    i.sha1                                   0x08004324   Section        0  hmac_sha1.o(i.sha1)
    locale$$code                             0x080045a8   Section       44  lc_ctype_c.o(locale$$code)
    locale$$code                             0x080045d4   Section       44  lc_numeric_c.o(locale$$code)
    x$fpl$printf1                            0x08004600   Section        4  printf1.o(x$fpl$printf1)
    x$fpl$printf2                            0x08004604   Section        4  printf2.o(x$fpl$printf2)
    .constdata                               0x08004608   Section      192  base64.o(.constdata)
    x$fpl$usenofp                            0x08004608   Section        0  usenofp.o(x$fpl$usenofp)
    base64_enc_map                           0x08004608   Data          64  base64.o(.constdata)
    base64_dec_map                           0x08004648   Data         128  base64.o(.constdata)
    .constdata                               0x080046c8   Section       40  _printf_hex_int_ll_ptr.o(.constdata)
    uc_hextab                                0x080046c8   Data          20  _printf_hex_int_ll_ptr.o(.constdata)
    lc_hextab                                0x080046dc   Data          20  _printf_hex_int_ll_ptr.o(.constdata)
    .constdata                               0x080046f0   Section       17  __printf_flags_ss_wp.o(.constdata)
    maptable                                 0x080046f0   Data          17  __printf_flags_ss_wp.o(.constdata)
    .constdata                               0x08004704   Section        8  _printf_wctomb.o(.constdata)
    initial_mbstate                          0x08004704   Data           8  _printf_wctomb.o(.constdata)
    .constdata                               0x0800470c   Section       38  _printf_fp_hex.o(.constdata)
    lc_hextab                                0x0800470c   Data          19  _printf_fp_hex.o(.constdata)
    uc_hextab                                0x0800471f   Data          19  _printf_fp_hex.o(.constdata)
    .constdata                               0x08004734   Section      148  bigflt0.o(.constdata)
    tenpwrs_x                                0x08004734   Data          60  bigflt0.o(.constdata)
    tenpwrs_i                                0x08004770   Data          64  bigflt0.o(.constdata)
    .conststring                             0x080047c8   Section       71  onenet.o(.conststring)
    locale$$data                             0x08004830   Section      272  lc_ctype_c.o(locale$$data)
    __lcctype_c_name                         0x08004834   Data           2  lc_ctype_c.o(locale$$data)
    __lcctype_c_start                        0x0800483c   Data           0  lc_ctype_c.o(locale$$data)
    locale$$data                             0x08004940   Section       28  lc_numeric_c.o(locale$$data)
    __lcctype_c_end                          0x08004940   Data           0  lc_ctype_c.o(locale$$data)
    __lcnum_c_name                           0x08004944   Data           2  lc_numeric_c.o(locale$$data)
    __lcnum_c_start                          0x0800494c   Data           0  lc_numeric_c.o(locale$$data)
    __lcnum_c_point                          0x08004958   Data           0  lc_numeric_c.o(locale$$data)
    __lcnum_c_thousands                      0x0800495a   Data           0  lc_numeric_c.o(locale$$data)
    __lcnum_c_grouping                       0x0800495b   Data           0  lc_numeric_c.o(locale$$data)
    __lcnum_c_end                            0x0800495c   Data           0  lc_numeric_c.o(locale$$data)
    .data                                    0x20000000   Section       20  stm32f10x_rcc.o(.data)
    APBAHBPrescTable                         0x20000000   Data          16  stm32f10x_rcc.o(.data)
    ADCPrescTable                            0x20000010   Data           4  stm32f10x_rcc.o(.data)
    .data                                    0x20000014   Section        1  led.o(.data)
    .data                                    0x20000016   Section        4  esp8266.o(.data)
    .data                                    0x2000001a   Section        2  main.o(.data)
    .bss                                     0x2000001c   Section      512  esp8266.o(.bss)
    .bss                                     0x2000021c   Section       96  libspace.o(.bss)
    HEAP                                     0x20000280   Section      512  startup_stm32f10x_md.o(HEAP)
    Heap_Mem                                 0x20000280   Data         512  startup_stm32f10x_md.o(HEAP)
    STACK                                    0x20000480   Section     2048  startup_stm32f10x_md.o(STACK)
    Stack_Mem                                0x20000480   Data        2048  startup_stm32f10x_md.o(STACK)
    __initial_sp                             0x20000c80   Data           0  startup_stm32f10x_md.o(STACK)

    Global Symbols

    Symbol Name                              Value     Ov Type        Size  Object(Section)

    BuildAttributes$$THM_ISAv4$P$D$K$B$S$PE$A:L22UL41UL21$X:L11$S22US41US21$IEEE1$IW$USESV6$~STKCKD$USESV7$~SHL$OTIME$ROPI$IEEEX$EBA8$UX$STANDARDLIB$REQ8$PRES8$EABIv2 0x00000000   Number         0  anon$$obj.o ABSOLUTE
    __ARM_use_no_argv                        0x00000000   Number         0  main.o ABSOLUTE
    _printf_flags                            0x00000000   Number         0  printf_stubs.o ABSOLUTE
    _printf_return_value                     0x00000000   Number         0  printf_stubs.o ABSOLUTE
    _printf_sizespec                         0x00000000   Number         0  printf_stubs.o ABSOLUTE
    _printf_widthprec                        0x00000000   Number         0  printf_stubs.o ABSOLUTE
    __ARM_exceptions_init                     - Undefined Weak Reference
    __alloca_initialize                       - Undefined Weak Reference
    __arm_preinit_                            - Undefined Weak Reference
    __cpp_initialize__aeabi_                  - Undefined Weak Reference
    __cxa_finalize                            - Undefined Weak Reference
    __sigvec_lookup                           - Undefined Weak Reference
    __user_heap_extent                        - Undefined Weak Reference
    _atexit_init                              - Undefined Weak Reference
    _call_atexit_fns                          - Undefined Weak Reference
    _clock_init                               - Undefined Weak Reference
    _fp_trap_init                             - Undefined Weak Reference
    _fp_trap_shutdown                         - Undefined Weak Reference
    _get_lc_collate                           - Undefined Weak Reference
    _get_lc_monetary                          - Undefined Weak Reference
    _get_lc_time                              - Undefined Weak Reference
    _getenv_init                              - Undefined Weak Reference
    _handle_redirection                       - Undefined Weak Reference
    _initio                                   - Undefined Weak Reference
    _mutex_acquire                            - Undefined Weak Reference
    _mutex_free                               - Undefined Weak Reference
    _mutex_release                            - Undefined Weak Reference
    _printf_mbtowc                            - Undefined Weak Reference
    _printf_wc                                - Undefined Weak Reference
    _rand_init                                - Undefined Weak Reference
    _signal_finish                            - Undefined Weak Reference
    _signal_init                              - Undefined Weak Reference
    _terminateio                              - Undefined Weak Reference
    __Vectors_Size                           0x000000ec   Number         0  startup_stm32f10x_md.o ABSOLUTE
    __Vectors                                0x08000000   Data           4  startup_stm32f10x_md.o(RESET)
    __Vectors_End                            0x080000ec   Data           0  startup_stm32f10x_md.o(RESET)
    __main                                   0x080000ed   Thumb Code     8  __main.o(!!!main)
    __scatterload                            0x080000f5   Thumb Code     0  __scatter.o(!!!scatter)
    __scatterload_rt2                        0x080000f5   Thumb Code    44  __scatter.o(!!!scatter)
    __scatterload_rt2_thumb_only             0x080000f5   Thumb Code     0  __scatter.o(!!!scatter)
    __scatterload_null                       0x08000103   Thumb Code     0  __scatter.o(!!!scatter)
    __scatterload_copy                       0x08000129   Thumb Code    26  __scatter_copy.o(!!handler_copy)
    __scatterload_zeroinit                   0x08000145   Thumb Code    28  __scatter_zi.o(!!handler_zi)
    _printf_n                                0x08000161   Thumb Code     0  _printf_n.o(.ARM.Collect$$_printf_percent$$00000001)
    _printf_percent                          0x08000161   Thumb Code     0  _printf_percent.o(.ARM.Collect$$_printf_percent$$00000000)
    _printf_p                                0x08000167   Thumb Code     0  _printf_p.o(.ARM.Collect$$_printf_percent$$00000002)
    _printf_f                                0x0800016d   Thumb Code     0  _printf_f.o(.ARM.Collect$$_printf_percent$$00000003)
    _printf_e                                0x08000173   Thumb Code     0  _printf_e.o(.ARM.Collect$$_printf_percent$$00000004)
    _printf_g                                0x08000179   Thumb Code     0  _printf_g.o(.ARM.Collect$$_printf_percent$$00000005)
    _printf_a                                0x0800017f   Thumb Code     0  _printf_a.o(.ARM.Collect$$_printf_percent$$00000006)
    _printf_ll                               0x08000185   Thumb Code     0  _printf_ll.o(.ARM.Collect$$_printf_percent$$00000007)
    _printf_i                                0x0800018f   Thumb Code     0  _printf_i.o(.ARM.Collect$$_printf_percent$$00000008)
    _printf_d                                0x08000195   Thumb Code     0  _printf_d.o(.ARM.Collect$$_printf_percent$$00000009)
    _printf_u                                0x0800019b   Thumb Code     0  _printf_u.o(.ARM.Collect$$_printf_percent$$0000000A)
    _printf_o                                0x080001a1   Thumb Code     0  _printf_o.o(.ARM.Collect$$_printf_percent$$0000000B)
    _printf_x                                0x080001a7   Thumb Code     0  _printf_x.o(.ARM.Collect$$_printf_percent$$0000000C)
    _printf_lli                              0x080001ad   Thumb Code     0  _printf_lli.o(.ARM.Collect$$_printf_percent$$0000000D)
    _printf_lld                              0x080001b3   Thumb Code     0  _printf_lld.o(.ARM.Collect$$_printf_percent$$0000000E)
    _printf_llu                              0x080001b9   Thumb Code     0  _printf_llu.o(.ARM.Collect$$_printf_percent$$0000000F)
    _printf_llo                              0x080001bf   Thumb Code     0  _printf_llo.o(.ARM.Collect$$_printf_percent$$00000010)
    _printf_llx                              0x080001c5   Thumb Code     0  _printf_llx.o(.ARM.Collect$$_printf_percent$$00000011)
    _printf_l                                0x080001cb   Thumb Code     0  _printf_l.o(.ARM.Collect$$_printf_percent$$00000012)
    _printf_c                                0x080001d5   Thumb Code     0  _printf_c.o(.ARM.Collect$$_printf_percent$$00000013)
    _printf_s                                0x080001db   Thumb Code     0  _printf_s.o(.ARM.Collect$$_printf_percent$$00000014)
    _printf_lc                               0x080001e1   Thumb Code     0  _printf_lc.o(.ARM.Collect$$_printf_percent$$00000015)
    _printf_ls                               0x080001e7   Thumb Code     0  _printf_ls.o(.ARM.Collect$$_printf_percent$$00000016)
    _printf_percent_end                      0x080001ed   Thumb Code     0  _printf_percent_end.o(.ARM.Collect$$_printf_percent$$00000017)
    __rt_lib_init                            0x080001f1   Thumb Code     0  libinit.o(.ARM.Collect$$libinit$$00000000)
    __rt_lib_init_fp_1                       0x080001f3   Thumb Code     0  libinit2.o(.ARM.Collect$$libinit$$00000002)
    __rt_lib_init_heap_2                     0x080001f3   Thumb Code     0  libinit2.o(.ARM.Collect$$libinit$$00000005)
    __rt_lib_init_preinit_1                  0x080001f3   Thumb Code     0  libinit2.o(.ARM.Collect$$libinit$$00000004)
    __rt_lib_init_heap_1                     0x080001fb   Thumb Code     0  libinit2.o(.ARM.Collect$$libinit$$0000000A)
    __rt_lib_init_lc_common                  0x080001fb   Thumb Code     0  libinit2.o(.ARM.Collect$$libinit$$0000000F)
    __rt_lib_init_rand_1                     0x080001fb   Thumb Code     0  libinit2.o(.ARM.Collect$$libinit$$0000000E)
    __rt_lib_init_user_alloc_1               0x080001fb   Thumb Code     0  libinit2.o(.ARM.Collect$$libinit$$0000000C)
    __rt_lib_init_lc_collate_1               0x08000201   Thumb Code     0  libinit2.o(.ARM.Collect$$libinit$$00000011)
    __rt_lib_init_lc_ctype_2                 0x08000201   Thumb Code     0  libinit2.o(.ARM.Collect$$libinit$$00000012)
    __rt_lib_init_lc_ctype_1                 0x0800020d   Thumb Code     0  libinit2.o(.ARM.Collect$$libinit$$00000013)
    __rt_lib_init_lc_monetary_1              0x0800020d   Thumb Code     0  libinit2.o(.ARM.Collect$$libinit$$00000015)
    __rt_lib_init_lc_numeric_2               0x0800020d   Thumb Code     0  libinit2.o(.ARM.Collect$$libinit$$00000016)
    __rt_lib_init_alloca_1                   0x08000217   Thumb Code     0  libinit2.o(.ARM.Collect$$libinit$$0000002E)
    __rt_lib_init_argv_1                     0x08000217   Thumb Code     0  libinit2.o(.ARM.Collect$$libinit$$0000002C)
    __rt_lib_init_atexit_1                   0x08000217   Thumb Code     0  libinit2.o(.ARM.Collect$$libinit$$0000001B)
    __rt_lib_init_clock_1                    0x08000217   Thumb Code     0  libinit2.o(.ARM.Collect$$libinit$$00000021)
    __rt_lib_init_cpp_1                      0x08000217   Thumb Code     0  libinit2.o(.ARM.Collect$$libinit$$00000032)
    __rt_lib_init_exceptions_1               0x08000217   Thumb Code     0  libinit2.o(.ARM.Collect$$libinit$$00000030)
    __rt_lib_init_fp_trap_1                  0x08000217   Thumb Code     0  libinit2.o(.ARM.Collect$$libinit$$0000001F)
    __rt_lib_init_getenv_1                   0x08000217   Thumb Code     0  libinit2.o(.ARM.Collect$$libinit$$00000023)
    __rt_lib_init_lc_numeric_1               0x08000217   Thumb Code     0  libinit2.o(.ARM.Collect$$libinit$$00000017)
    __rt_lib_init_lc_time_1                  0x08000217   Thumb Code     0  libinit2.o(.ARM.Collect$$libinit$$00000019)
    __rt_lib_init_return                     0x08000217   Thumb Code     0  libinit2.o(.ARM.Collect$$libinit$$00000033)
    __rt_lib_init_signal_1                   0x08000217   Thumb Code     0  libinit2.o(.ARM.Collect$$libinit$$0000001D)
    __rt_lib_init_stdio_1                    0x08000217   Thumb Code     0  libinit2.o(.ARM.Collect$$libinit$$00000025)
    __rt_lib_shutdown                        0x08000219   Thumb Code     0  libshutdown.o(.ARM.Collect$$libshutdown$$00000000)
    __rt_lib_shutdown_cpp_1                  0x0800021b   Thumb Code     0  libshutdown2.o(.ARM.Collect$$libshutdown$$00000002)
    __rt_lib_shutdown_fp_trap_1              0x0800021b   Thumb Code     0  libshutdown2.o(.ARM.Collect$$libshutdown$$00000007)
    __rt_lib_shutdown_heap_1                 0x0800021b   Thumb Code     0  libshutdown2.o(.ARM.Collect$$libshutdown$$0000000F)
    __rt_lib_shutdown_return                 0x0800021b   Thumb Code     0  libshutdown2.o(.ARM.Collect$$libshutdown$$00000010)
    __rt_lib_shutdown_signal_1               0x0800021b   Thumb Code     0  libshutdown2.o(.ARM.Collect$$libshutdown$$0000000A)
    __rt_lib_shutdown_stdio_1                0x0800021b   Thumb Code     0  libshutdown2.o(.ARM.Collect$$libshutdown$$00000004)
    __rt_lib_shutdown_user_alloc_1           0x0800021b   Thumb Code     0  libshutdown2.o(.ARM.Collect$$libshutdown$$0000000C)
    __rt_entry                               0x0800021d   Thumb Code     0  __rtentry.o(.ARM.Collect$$rtentry$$00000000)
    __rt_entry_presh_1                       0x0800021d   Thumb Code     0  __rtentry2.o(.ARM.Collect$$rtentry$$00000002)
    __rt_entry_sh                            0x0800021d   Thumb Code     0  __rtentry4.o(.ARM.Collect$$rtentry$$00000004)
    __rt_entry_li                            0x08000223   Thumb Code     0  __rtentry2.o(.ARM.Collect$$rtentry$$0000000A)
    __rt_entry_postsh_1                      0x08000223   Thumb Code     0  __rtentry2.o(.ARM.Collect$$rtentry$$00000009)
    __rt_entry_main                          0x08000227   Thumb Code     0  __rtentry2.o(.ARM.Collect$$rtentry$$0000000D)
    __rt_entry_postli_1                      0x08000227   Thumb Code     0  __rtentry2.o(.ARM.Collect$$rtentry$$0000000C)
    __rt_exit                                0x0800022f   Thumb Code     0  rtexit.o(.ARM.Collect$$rtexit$$00000000)
    __rt_exit_ls                             0x08000231   Thumb Code     0  rtexit2.o(.ARM.Collect$$rtexit$$00000003)
    __rt_exit_prels_1                        0x08000231   Thumb Code     0  rtexit2.o(.ARM.Collect$$rtexit$$00000002)
    __rt_exit_exit                           0x08000235   Thumb Code     0  rtexit2.o(.ARM.Collect$$rtexit$$00000004)
    Reset_Handler                            0x0800023d   Thumb Code     8  startup_stm32f10x_md.o(.text)
    _maybe_terminate_alloc                   0x0800023d   Thumb Code     0  maybetermalloc1.o(.emb_text)
    ADC1_2_IRQHandler                        0x08000257   Thumb Code     0  startup_stm32f10x_md.o(.text)
    CAN1_RX1_IRQHandler                      0x08000257   Thumb Code     0  startup_stm32f10x_md.o(.text)
    CAN1_SCE_IRQHandler                      0x08000257   Thumb Code     0  startup_stm32f10x_md.o(.text)
    DMA1_Channel1_IRQHandler                 0x08000257   Thumb Code     0  startup_stm32f10x_md.o(.text)
    DMA1_Channel2_IRQHandler                 0x08000257   Thumb Code     0  startup_stm32f10x_md.o(.text)
    DMA1_Channel3_IRQHandler                 0x08000257   Thumb Code     0  startup_stm32f10x_md.o(.text)
    DMA1_Channel4_IRQHandler                 0x08000257   Thumb Code     0  startup_stm32f10x_md.o(.text)
    DMA1_Channel5_IRQHandler                 0x08000257   Thumb Code     0  startup_stm32f10x_md.o(.text)
    DMA1_Channel6_IRQHandler                 0x08000257   Thumb Code     0  startup_stm32f10x_md.o(.text)
    DMA1_Channel7_IRQHandler                 0x08000257   Thumb Code     0  startup_stm32f10x_md.o(.text)
    EXTI0_IRQHandler                         0x08000257   Thumb Code     0  startup_stm32f10x_md.o(.text)
    EXTI15_10_IRQHandler                     0x08000257   Thumb Code     0  startup_stm32f10x_md.o(.text)
    EXTI2_IRQHandler                         0x08000257   Thumb Code     0  startup_stm32f10x_md.o(.text)
    EXTI3_IRQHandler                         0x08000257   Thumb Code     0  startup_stm32f10x_md.o(.text)
    EXTI4_IRQHandler                         0x08000257   Thumb Code     0  startup_stm32f10x_md.o(.text)
    EXTI9_5_IRQHandler                       0x08000257   Thumb Code     0  startup_stm32f10x_md.o(.text)
    FLASH_IRQHandler                         0x08000257   Thumb Code     0  startup_stm32f10x_md.o(.text)
    I2C1_ER_IRQHandler                       0x08000257   Thumb Code     0  startup_stm32f10x_md.o(.text)
    I2C1_EV_IRQHandler                       0x08000257   Thumb Code     0  startup_stm32f10x_md.o(.text)
    I2C2_ER_IRQHandler                       0x08000257   Thumb Code     0  startup_stm32f10x_md.o(.text)
    I2C2_EV_IRQHandler                       0x08000257   Thumb Code     0  startup_stm32f10x_md.o(.text)
    PVD_IRQHandler                           0x08000257   Thumb Code     0  startup_stm32f10x_md.o(.text)
    RCC_IRQHandler                           0x08000257   Thumb Code     0  startup_stm32f10x_md.o(.text)
    RTCAlarm_IRQHandler                      0x08000257   Thumb Code     0  startup_stm32f10x_md.o(.text)
    RTC_IRQHandler                           0x08000257   Thumb Code     0  startup_stm32f10x_md.o(.text)
    SPI1_IRQHandler                          0x08000257   Thumb Code     0  startup_stm32f10x_md.o(.text)
    SPI2_IRQHandler                          0x08000257   Thumb Code     0  startup_stm32f10x_md.o(.text)
    TAMPER_IRQHandler                        0x08000257   Thumb Code     0  startup_stm32f10x_md.o(.text)
    TIM1_BRK_IRQHandler                      0x08000257   Thumb Code     0  startup_stm32f10x_md.o(.text)
    TIM1_CC_IRQHandler                       0x08000257   Thumb Code     0  startup_stm32f10x_md.o(.text)
    TIM1_TRG_COM_IRQHandler                  0x08000257   Thumb Code     0  startup_stm32f10x_md.o(.text)
    TIM1_UP_IRQHandler                       0x08000257   Thumb Code     0  startup_stm32f10x_md.o(.text)
    TIM2_IRQHandler                          0x08000257   Thumb Code     0  startup_stm32f10x_md.o(.text)
    TIM3_IRQHandler                          0x08000257   Thumb Code     0  startup_stm32f10x_md.o(.text)
    TIM4_IRQHandler                          0x08000257   Thumb Code     0  startup_stm32f10x_md.o(.text)
    USART3_IRQHandler                        0x08000257   Thumb Code     0  startup_stm32f10x_md.o(.text)
    USBWakeUp_IRQHandler                     0x08000257   Thumb Code     0  startup_stm32f10x_md.o(.text)
    USB_HP_CAN1_TX_IRQHandler                0x08000257   Thumb Code     0  startup_stm32f10x_md.o(.text)
    USB_LP_CAN1_RX0_IRQHandler               0x08000257   Thumb Code     0  startup_stm32f10x_md.o(.text)
    WWDG_IRQHandler                          0x08000257   Thumb Code     0  startup_stm32f10x_md.o(.text)
    __user_initial_stackheap                 0x08000259   Thumb Code     0  startup_stm32f10x_md.o(.text)
    malloc                                   0x0800027d   Thumb Code    94  h1_alloc.o(.text)
    free                                     0x080002db   Thumb Code    78  h1_free.o(.text)
    vsnprintf                                0x08000329   Thumb Code    48  vsnprintf.o(.text)
    __2sprintf                               0x0800035d   Thumb Code    38  __2sprintf.o(.text)
    __2snprintf                              0x08000389   Thumb Code    50  __2snprintf.o(.text)
    _printf_pre_padding                      0x080003c1   Thumb Code    44  _printf_pad.o(.text)
    _printf_post_padding                     0x080003ed   Thumb Code    34  _printf_pad.o(.text)
    _printf_str                              0x0800040f   Thumb Code    82  _printf_str.o(.text)
    _printf_int_dec                          0x08000461   Thumb Code   104  _printf_dec.o(.text)
    _printf_longlong_hex                     0x080004d9   Thumb Code    86  _printf_hex_int_ll_ptr.o(.text)
    _printf_int_hex                          0x0800052f   Thumb Code    28  _printf_hex_int_ll_ptr.o(.text)
    _printf_ll_hex                           0x0800054b   Thumb Code    12  _printf_hex_int_ll_ptr.o(.text)
    _printf_hex_ptr                          0x08000557   Thumb Code    18  _printf_hex_int_ll_ptr.o(.text)
    __printf                                 0x0800056d   Thumb Code   388  __printf_flags_ss_wp.o(.text)
    strchr                                   0x080006f5   Thumb Code    20  strchr.o(.text)
    strncat                                  0x08000709   Thumb Code    36  strncat.o(.text)
    strstr                                   0x0800072d   Thumb Code    36  strstr.o(.text)
    strcpy                                   0x08000751   Thumb Code    72  strcpy.o(.text)
    strlen                                   0x08000799   Thumb Code    62  strlen.o(.text)
    strcat                                   0x080007d7   Thumb Code    24  strcat.o(.text)
    __aeabi_memcpy                           0x080007ef   Thumb Code     0  rt_memcpy_v6.o(.text)
    __rt_memcpy                              0x080007ef   Thumb Code   138  rt_memcpy_v6.o(.text)
    _memcpy_lastbytes                        0x08000855   Thumb Code     0  rt_memcpy_v6.o(.text)
    __aeabi_memcpy4                          0x08000879   Thumb Code     0  rt_memcpy_w.o(.text)
    __aeabi_memcpy8                          0x08000879   Thumb Code     0  rt_memcpy_w.o(.text)
    __rt_memcpy_w                            0x08000879   Thumb Code   100  rt_memcpy_w.o(.text)
    _memcpy_lastbytes_aligned                0x080008c1   Thumb Code     0  rt_memcpy_w.o(.text)
    __aeabi_memclr                           0x080008dd   Thumb Code     0  rt_memclr.o(.text)
    __rt_memclr                              0x080008dd   Thumb Code    68  rt_memclr.o(.text)
    _memset                                  0x080008e1   Thumb Code     0  rt_memclr.o(.text)
    __aeabi_memclr4                          0x08000921   Thumb Code     0  rt_memclr_w.o(.text)
    __aeabi_memclr8                          0x08000921   Thumb Code     0  rt_memclr_w.o(.text)
    __rt_memclr_w                            0x08000921   Thumb Code    78  rt_memclr_w.o(.text)
    _memset_w                                0x08000925   Thumb Code     0  rt_memclr_w.o(.text)
    __use_two_region_memory                  0x0800096f   Thumb Code     2  heapauxi.o(.text)
    __rt_heap_escrow                         0x08000971   Thumb Code     2  heapauxi.o(.text)
    __rt_heap_expand                         0x08000973   Thumb Code     2  heapauxi.o(.text)
    __rt_ctype_table                         0x08000975   Thumb Code    16  rt_ctype_table.o(.text)
    __rt_heap_descriptor                     0x08000985   Thumb Code     8  rt_heap_descriptor_intlibspace.o(.text)
    __use_no_heap                            0x0800098d   Thumb Code     2  hguard.o(.text)
    __heap$guard                             0x0800098f   Thumb Code     2  hguard.o(.text)
    _terminate_user_alloc                    0x08000991   Thumb Code     2  init_alloc.o(.text)
    _init_user_alloc                         0x08000993   Thumb Code     2  init_alloc.o(.text)
    __Heap_Full                              0x08000995   Thumb Code    34  init_alloc.o(.text)
    __Heap_Broken                            0x080009b7   Thumb Code     6  init_alloc.o(.text)
    _init_alloc                              0x080009bd   Thumb Code    94  init_alloc.o(.text)
    __Heap_Initialize                        0x08000a1b   Thumb Code    10  h1_init.o(.text)
    __Heap_DescSize                          0x08000a25   Thumb Code     4  h1_init.o(.text)
    _printf_truncate_signed                  0x08000a29   Thumb Code    18  _printf_truncate.o(.text)
    _printf_truncate_unsigned                0x08000a3b   Thumb Code    18  _printf_truncate.o(.text)
    _printf_int_common                       0x08000a4d   Thumb Code   178  _printf_intcommon.o(.text)
    _printf_charcount                        0x08000aff   Thumb Code    40  _printf_charcount.o(.text)
    __lib_sel_fp_printf                      0x08000b27   Thumb Code     2  _printf_fp_dec.o(.text)
    _printf_fp_dec_real                      0x08000cd9   Thumb Code   620  _printf_fp_dec.o(.text)
    _printf_char_common                      0x08000f4f   Thumb Code    32  _printf_char_common.o(.text)
    _sputc                                   0x08000f75   Thumb Code    10  _sputc.o(.text)
    _snputc                                  0x08000f7f   Thumb Code    16  _snputc.o(.text)
    _printf_cs_common                        0x08000f8f   Thumb Code    20  _printf_char.o(.text)
    _printf_char                             0x08000fa3   Thumb Code    16  _printf_char.o(.text)
    _printf_string                           0x08000fb3   Thumb Code     8  _printf_char.o(.text)
    _printf_wctomb                           0x08000fbd   Thumb Code   182  _printf_wctomb.o(.text)
    _printf_longlong_dec                     0x08001079   Thumb Code   108  _printf_longlong_dec.o(.text)
    _printf_longlong_oct                     0x080010f5   Thumb Code    66  _printf_oct_int_ll.o(.text)
    _printf_int_oct                          0x08001137   Thumb Code    24  _printf_oct_int_ll.o(.text)
    _printf_ll_oct                           0x0800114f   Thumb Code    12  _printf_oct_int_ll.o(.text)
    __user_libspace                          0x08001165   Thumb Code     8  libspace.o(.text)
    __user_perproc_libspace                  0x08001165   Thumb Code     0  libspace.o(.text)
    __user_perthread_libspace                0x08001165   Thumb Code     0  libspace.o(.text)
    __rt_locale                              0x0800116d   Thumb Code     8  rt_locale_intlibspace.o(.text)
    __Heap_ProvideMemory                     0x08001175   Thumb Code    52  h1_extend.o(.text)
    _ll_udiv10                               0x080011a9   Thumb Code   138  lludiv10.o(.text)
    _printf_fp_hex_real                      0x08001235   Thumb Code   756  _printf_fp_hex.o(.text)
    _printf_fp_infnan                        0x08001531   Thumb Code   112  _printf_fp_infnan.o(.text)
    _printf_lcs_common                       0x080015b1   Thumb Code    20  _printf_wchar.o(.text)
    _printf_wchar                            0x080015c5   Thumb Code    16  _printf_wchar.o(.text)
    _printf_wstring                          0x080015d5   Thumb Code     8  _printf_wchar.o(.text)
    _btod_etento                             0x080015dd   Thumb Code   224  bigflt0.o(.text)
    _wcrtomb                                 0x080016c1   Thumb Code    64  _wcrtomb.o(.text)
    __rt_SIGRTMEM                            0x08001701   Thumb Code    14  defsig_rtmem_outer.o(.text)
    __I$use$semihosting                      0x0800170f   Thumb Code     0  use_no_semi.o(.text)
    __use_no_semihosting_swi                 0x0800170f   Thumb Code     2  use_no_semi.o(.text)
    __semihosting_library_function           0x08001711   Thumb Code     0  indicate_semi.o(.text)
    __user_setup_stackheap                   0x08001711   Thumb Code    74  sys_stackheap_outer.o(.text)
    exit                                     0x0800175b   Thumb Code    18  exit.o(.text)
    __sig_exit                               0x0800176d   Thumb Code    10  defsig_exit.o(.text)
    __rt_SIGRTMEM_inner                      0x08001779   Thumb Code    22  defsig_rtmem_inner.o(.text)
    strcmp                                   0x080017c9   Thumb Code   128  strcmpv7m.o(.text)
    _sys_exit                                0x08001849   Thumb Code     8  sys_exit.o(.text)
    __default_signal_display                 0x08001855   Thumb Code    50  defsig_general.o(.text)
    _ttywrch                                 0x08001887   Thumb Code    14  sys_wrch.o(.text)
    _btod_d2e                                0x08001895   Thumb Code    62  btod.o(CL$$btod_d2e)
    _d2e_denorm_low                          0x080018d3   Thumb Code    70  btod.o(CL$$btod_d2e_denorm_low)
    _d2e_norm_op1                            0x08001919   Thumb Code    96  btod.o(CL$$btod_d2e_norm_op1)
    __btod_div_common                        0x08001979   Thumb Code   696  btod.o(CL$$btod_div_common)
    _e2e                                     0x08001cb1   Thumb Code   220  btod.o(CL$$btod_e2e)
    _btod_ediv                               0x08001d8d   Thumb Code    42  btod.o(CL$$btod_ediv)
    _btod_emul                               0x08001db7   Thumb Code    42  btod.o(CL$$btod_emul)
    __btod_mult_common                       0x08001de1   Thumb Code   580  btod.o(CL$$btod_mult_common)
    BASE64_Decode                            0x08002025   Thumb Code   360  base64.o(i.BASE64_Decode)
    BASE64_Encode                            0x08002191   Thumb Code   320  base64.o(i.BASE64_Encode)
    BusFault_Handler                         0x080022d5   Thumb Code     4  stm32f10x_it.o(i.BusFault_Handler)
    DebugMon_Handler                         0x080022d9   Thumb Code     2  stm32f10x_it.o(i.DebugMon_Handler)
    Delay_ms                                 0x080022db   Thumb Code    24  delay.o(i.Delay_ms)
    Delay_us                                 0x080022f3   Thumb Code    46  delay.o(i.Delay_us)
    ESP8266_Clear                            0x08002321   Thumb Code    20  esp8266.o(i.ESP8266_Clear)
    ESP8266_GetIPD                           0x0800233d   Thumb Code    68  esp8266.o(i.ESP8266_GetIPD)
    ESP8266_Init                             0x0800238d   Thumb Code   136  esp8266.o(i.ESP8266_Init)
    ESP8266_SendCmd                          0x080024bd   Thumb Code    76  esp8266.o(i.ESP8266_SendCmd)
    ESP8266_SendData                         0x08002511   Thumb Code    46  esp8266.o(i.ESP8266_SendData)
    ESP8266_WaitRecive                       0x08002559   Thumb Code    42  esp8266.o(i.ESP8266_WaitRecive)
    EXTI1_IRQHandler                         0x0800258d   Thumb Code    42  key.o(i.EXTI1_IRQHandler)
    EXTI_ClearITPendingBit                   0x080025c1   Thumb Code     6  stm32f10x_exti.o(i.EXTI_ClearITPendingBit)
    EXTI_Init                                0x080025cd   Thumb Code   142  stm32f10x_exti.o(i.EXTI_Init)
    GPIO_EXTILineConfig                      0x08002661   Thumb Code    60  stm32f10x_gpio.o(i.GPIO_EXTILineConfig)
    GPIO_Init                                0x080026a1   Thumb Code   278  stm32f10x_gpio.o(i.GPIO_Init)
    GPIO_ReadInputDataBit                    0x080027b7   Thumb Code    18  stm32f10x_gpio.o(i.GPIO_ReadInputDataBit)
    GPIO_ResetBits                           0x080027c9   Thumb Code     4  stm32f10x_gpio.o(i.GPIO_ResetBits)
    GPIO_SetBits                             0x080027cd   Thumb Code     4  stm32f10x_gpio.o(i.GPIO_SetBits)
    GPIO_WriteBit                            0x080027d1   Thumb Code    10  stm32f10x_gpio.o(i.GPIO_WriteBit)
    HardFault_Handler                        0x080027db   Thumb Code     4  stm32f10x_it.o(i.HardFault_Handler)
    Key_Init                                 0x080027e1   Thumb Code   110  key.o(i.Key_Init)
    LED_Init                                 0x08002855   Thumb Code    48  led.o(i.LED_Init)
    LED_Set                                  0x08002889   Thumb Code    34  led.o(i.LED_Set)
    MQTT_DeleteBuffer                        0x080028b5   Thumb Code    28  mqttkit.o(i.MQTT_DeleteBuffer)
    MQTT_DumpLength                          0x080028d1   Thumb Code    46  mqttkit.o(i.MQTT_DumpLength)
    MQTT_NewBuffer                           0x080028ff   Thumb Code    88  mqttkit.o(i.MQTT_NewBuffer)
    MQTT_PacketConnect                       0x08002959   Thumb Code   666  mqttkit.o(i.MQTT_PacketConnect)
    MQTT_PacketPublish                       0x08002bf9   Thumb Code   440  mqttkit.o(i.MQTT_PacketPublish)
    MQTT_PacketSaveData                      0x08002db1   Thumb Code    68  mqttkit.o(i.MQTT_PacketSaveData)
    MQTT_ReadLength                          0x08002e15   Thumb Code    70  mqttkit.o(i.MQTT_ReadLength)
    MQTT_UnPacketConnectAck                  0x08002e5b   Thumb Code    30  mqttkit.o(i.MQTT_UnPacketConnectAck)
    MQTT_UnPacketRecv                        0x08002e79   Thumb Code   106  mqttkit.o(i.MQTT_UnPacketRecv)
    MemManage_Handler                        0x08002eed   Thumb Code     4  stm32f10x_it.o(i.MemManage_Handler)
    NMI_Handler                              0x08002ef1   Thumb Code     2  stm32f10x_it.o(i.NMI_Handler)
    NVIC_Init                                0x08002ef5   Thumb Code   100  misc.o(i.NVIC_Init)
    NVIC_PriorityGroupConfig                 0x08002f65   Thumb Code    10  misc.o(i.NVIC_PriorityGroupConfig)
    OLED_Clear                               0x08002f79   Thumb Code    42  oled.o(i.OLED_Clear)
    OLED_I2C_Init                            0x08002fa5   Thumb Code    76  oled.o(i.OLED_I2C_Init)
    OLED_I2C_SendByte                        0x08002ff5   Thumb Code    88  oled.o(i.OLED_I2C_SendByte)
    OLED_I2C_Start                           0x08003051   Thumb Code    48  oled.o(i.OLED_I2C_Start)
    OLED_I2C_Stop                            0x08003085   Thumb Code    36  oled.o(i.OLED_I2C_Stop)
    OLED_Init                                0x080030ad   Thumb Code   174  oled.o(i.OLED_Init)
    OLED_SetCursor                           0x0800315b   Thumb Code    34  oled.o(i.OLED_SetCursor)
    OLED_WriteCommand                        0x0800317d   Thumb Code    32  oled.o(i.OLED_WriteCommand)
    OLED_WriteData                           0x0800319d   Thumb Code    32  oled.o(i.OLED_WriteData)
    OneNet_DevLink                           0x08003471   Thumb Code   242  onenet.o(i.OneNet_DevLink)
    OneNet_FillBuf                           0x08003731   Thumb Code   136  onenet.o(i.OneNet_FillBuf)
    OneNet_SendData                          0x08003835   Thumb Code   130  onenet.o(i.OneNet_SendData)
    PendSV_Handler                           0x0800391d   Thumb Code     2  stm32f10x_it.o(i.PendSV_Handler)
    RCC_APB1PeriphClockCmd                   0x08003921   Thumb Code    26  stm32f10x_rcc.o(i.RCC_APB1PeriphClockCmd)
    RCC_APB2PeriphClockCmd                   0x08003941   Thumb Code    26  stm32f10x_rcc.o(i.RCC_APB2PeriphClockCmd)
    RCC_GetClocksFreq                        0x08003961   Thumb Code   192  stm32f10x_rcc.o(i.RCC_GetClocksFreq)
    SVC_Handler                              0x08003a35   Thumb Code     2  stm32f10x_it.o(i.SVC_Handler)
    SysTick_Handler                          0x08003b21   Thumb Code     2  stm32f10x_it.o(i.SysTick_Handler)
    SystemInit                               0x08003b25   Thumb Code    78  system_stm32f10x.o(i.SystemInit)
    USART1_IRQHandler                        0x08003b85   Thumb Code    24  usart.o(i.USART1_IRQHandler)
    USART2_IRQHandler                        0x08003ba1   Thumb Code    66  esp8266.o(i.USART2_IRQHandler)
    USART_ClearFlag                          0x08003bf1   Thumb Code    18  stm32f10x_usart.o(i.USART_ClearFlag)
    USART_Cmd                                0x08003c03   Thumb Code    24  stm32f10x_usart.o(i.USART_Cmd)
    USART_GetFlagStatus                      0x08003c1b   Thumb Code    26  stm32f10x_usart.o(i.USART_GetFlagStatus)
    USART_GetITStatus                        0x08003c35   Thumb Code    84  stm32f10x_usart.o(i.USART_GetITStatus)
    USART_ITConfig                           0x08003c89   Thumb Code    74  stm32f10x_usart.o(i.USART_ITConfig)
    USART_Init                               0x08003cd5   Thumb Code   210  stm32f10x_usart.o(i.USART_Init)
    USART_ReceiveData                        0x08003dad   Thumb Code    10  stm32f10x_usart.o(i.USART_ReceiveData)
    USART_SendData                           0x08003db7   Thumb Code     8  stm32f10x_usart.o(i.USART_SendData)
    UsageFault_Handler                       0x08003dbf   Thumb Code     4  stm32f10x_it.o(i.UsageFault_Handler)
    Usart1_Init                              0x08003dc5   Thumb Code   166  usart.o(i.Usart1_Init)
    Usart2_Init                              0x08003e75   Thumb Code   162  usart.o(i.Usart2_Init)
    UsartPrintf                              0x08003f21   Thumb Code    72  usart.o(i.UsartPrintf)
    Usart_SendString                         0x08003f69   Thumb Code    50  usart.o(i.Usart_SendString)
    __ARM_fpclassify                         0x08003f9b   Thumb Code    40  fpclassify.o(i.__ARM_fpclassify)
    _is_digit                                0x08003fc3   Thumb Code    14  __printf_wp.o(i._is_digit)
    ft                                       0x08003fd1   Thumb Code    76  hmac_sha1.o(i.ft)
    hmac_sha1                                0x0800401d   Thumb Code   302  hmac_sha1.o(i.hmac_sha1)
    k                                        0x0800414d   Thumb Code    34  hmac_sha1.o(i.k)
    main                                     0x08004181   Thumb Code   168  main.o(i.main)
    rotl                                     0x080042f5   Thumb Code    46  hmac_sha1.o(i.rotl)
    sha1                                     0x08004325   Thumb Code   632  hmac_sha1.o(i.sha1)
    _get_lc_ctype                            0x080045a9   Thumb Code    44  lc_ctype_c.o(locale$$code)
    _get_lc_numeric                          0x080045d5   Thumb Code    44  lc_numeric_c.o(locale$$code)
    _printf_fp_dec                           0x08004601   Thumb Code     4  printf1.o(x$fpl$printf1)
    _printf_fp_hex                           0x08004605   Thumb Code     4  printf2.o(x$fpl$printf2)
    __I$use$fp                               0x08004608   Number         0  usenofp.o(x$fpl$usenofp)
    Region$$Table$$Base                      0x08004810   Number         0  anon$$obj.o(Region$$Table)
    Region$$Table$$Limit                     0x08004830   Number         0  anon$$obj.o(Region$$Table)
    __ctype                                  0x0800483d   Data           0  lc_ctype_c.o(locale$$data)
    led_info                                 0x20000014   Data           1  led.o(.data)
    esp8266_cnt                              0x20000016   Data           2  esp8266.o(.data)
    esp8266_cntPre                           0x20000018   Data           2  esp8266.o(.data)
    temp                                     0x2000001a   Data           1  main.o(.data)
    humi                                     0x2000001b   Data           1  main.o(.data)
    esp8266_buf                              0x2000001c   Data         512  esp8266.o(.bss)
    __libspace_start                         0x2000021c   Data          96  libspace.o(.bss)
    __temporary_stack_top$libspace           0x2000027c   Data           0  libspace.o(.bss)



==============================================================================

Memory Map of the image

  Image Entry point : 0x080000ed

  Load Region LR_IROM1 (Base: 0x08000000, Size: 0x00004978, Max: 0x00010000, ABSOLUTE)

    Execution Region ER_IROM1 (Exec base: 0x08000000, Load base: 0x08000000, Size: 0x0000495c, Max: 0x00010000, ABSOLUTE)

    Exec Addr    Load Addr    Size         Type   Attr      Idx    E Section Name        Object

    0x08000000   0x08000000   0x000000ec   Data   RO            3    RESET               startup_stm32f10x_md.o
    0x080000ec   0x080000ec   0x00000008   Code   RO         4420  * !!!main             c_w.l(__main.o)
    0x080000f4   0x080000f4   0x00000034   Code   RO         4826    !!!scatter          c_w.l(__scatter.o)
    0x08000128   0x08000128   0x0000001a   Code   RO         4828    !!handler_copy      c_w.l(__scatter_copy.o)
    0x08000142   0x08000142   0x00000002   PAD
    0x08000144   0x08000144   0x0000001c   Code   RO         4830    !!handler_zi        c_w.l(__scatter_zi.o)
    0x08000160   0x08000160   0x00000000   Code   RO         4395    .ARM.Collect$$_printf_percent$$00000000  c_w.l(_printf_percent.o)
    0x08000160   0x08000160   0x00000006   Code   RO         4524    .ARM.Collect$$_printf_percent$$00000001  c_w.l(_printf_n.o)
    0x08000166   0x08000166   0x00000006   Code   RO         4525    .ARM.Collect$$_printf_percent$$00000002  c_w.l(_printf_p.o)
    0x0800016c   0x0800016c   0x00000006   Code   RO         4393    .ARM.Collect$$_printf_percent$$00000003  c_w.l(_printf_f.o)
    0x08000172   0x08000172   0x00000006   Code   RO         4394    .ARM.Collect$$_printf_percent$$00000004  c_w.l(_printf_e.o)
    0x08000178   0x08000178   0x00000006   Code   RO         4529    .ARM.Collect$$_printf_percent$$00000005  c_w.l(_printf_g.o)
    0x0800017e   0x0800017e   0x00000006   Code   RO         4530    .ARM.Collect$$_printf_percent$$00000006  c_w.l(_printf_a.o)
    0x08000184   0x08000184   0x0000000a   Code   RO         4535    .ARM.Collect$$_printf_percent$$00000007  c_w.l(_printf_ll.o)
    0x0800018e   0x0800018e   0x00000006   Code   RO         4527    .ARM.Collect$$_printf_percent$$00000008  c_w.l(_printf_i.o)
    0x08000194   0x08000194   0x00000006   Code   RO         4392    .ARM.Collect$$_printf_percent$$00000009  c_w.l(_printf_d.o)
    0x0800019a   0x0800019a   0x00000006   Code   RO         4528    .ARM.Collect$$_printf_percent$$0000000A  c_w.l(_printf_u.o)
    0x080001a0   0x080001a0   0x00000006   Code   RO         4526    .ARM.Collect$$_printf_percent$$0000000B  c_w.l(_printf_o.o)
    0x080001a6   0x080001a6   0x00000006   Code   RO         4391    .ARM.Collect$$_printf_percent$$0000000C  c_w.l(_printf_x.o)
    0x080001ac   0x080001ac   0x00000006   Code   RO         4532    .ARM.Collect$$_printf_percent$$0000000D  c_w.l(_printf_lli.o)
    0x080001b2   0x080001b2   0x00000006   Code   RO         4533    .ARM.Collect$$_printf_percent$$0000000E  c_w.l(_printf_lld.o)
    0x080001b8   0x080001b8   0x00000006   Code   RO         4534    .ARM.Collect$$_printf_percent$$0000000F  c_w.l(_printf_llu.o)
    0x080001be   0x080001be   0x00000006   Code   RO         4539    .ARM.Collect$$_printf_percent$$00000010  c_w.l(_printf_llo.o)
    0x080001c4   0x080001c4   0x00000006   Code   RO         4540    .ARM.Collect$$_printf_percent$$00000011  c_w.l(_printf_llx.o)
    0x080001ca   0x080001ca   0x0000000a   Code   RO         4536    .ARM.Collect$$_printf_percent$$00000012  c_w.l(_printf_l.o)
    0x080001d4   0x080001d4   0x00000006   Code   RO         4523    .ARM.Collect$$_printf_percent$$00000013  c_w.l(_printf_c.o)
    0x080001da   0x080001da   0x00000006   Code   RO         4390    .ARM.Collect$$_printf_percent$$00000014  c_w.l(_printf_s.o)
    0x080001e0   0x080001e0   0x00000006   Code   RO         4537    .ARM.Collect$$_printf_percent$$00000015  c_w.l(_printf_lc.o)
    0x080001e6   0x080001e6   0x00000006   Code   RO         4538    .ARM.Collect$$_printf_percent$$00000016  c_w.l(_printf_ls.o)
    0x080001ec   0x080001ec   0x00000004   Code   RO         4531    .ARM.Collect$$_printf_percent$$00000017  c_w.l(_printf_percent_end.o)
    0x080001f0   0x080001f0   0x00000002   Code   RO         4761    .ARM.Collect$$libinit$$00000000  c_w.l(libinit.o)
    0x080001f2   0x080001f2   0x00000000   Code   RO         4544    .ARM.Collect$$libinit$$00000002  c_w.l(libinit2.o)
    0x080001f2   0x080001f2   0x00000000   Code   RO         4546    .ARM.Collect$$libinit$$00000004  c_w.l(libinit2.o)
    0x080001f2   0x080001f2   0x00000008   Code   RO         4547    .ARM.Collect$$libinit$$00000005  c_w.l(libinit2.o)
    0x080001fa   0x080001fa   0x00000000   Code   RO         4549    .ARM.Collect$$libinit$$0000000A  c_w.l(libinit2.o)
    0x080001fa   0x080001fa   0x00000000   Code   RO         4551    .ARM.Collect$$libinit$$0000000C  c_w.l(libinit2.o)
    0x080001fa   0x080001fa   0x00000000   Code   RO         4553    .ARM.Collect$$libinit$$0000000E  c_w.l(libinit2.o)
    0x080001fa   0x080001fa   0x00000006   Code   RO         4554    .ARM.Collect$$libinit$$0000000F  c_w.l(libinit2.o)
    0x08000200   0x08000200   0x00000000   Code   RO         4556    .ARM.Collect$$libinit$$00000011  c_w.l(libinit2.o)
    0x08000200   0x08000200   0x0000000c   Code   RO         4557    .ARM.Collect$$libinit$$00000012  c_w.l(libinit2.o)
    0x0800020c   0x0800020c   0x00000000   Code   RO         4558    .ARM.Collect$$libinit$$00000013  c_w.l(libinit2.o)
    0x0800020c   0x0800020c   0x00000000   Code   RO         4560    .ARM.Collect$$libinit$$00000015  c_w.l(libinit2.o)
    0x0800020c   0x0800020c   0x0000000a   Code   RO         4561    .ARM.Collect$$libinit$$00000016  c_w.l(libinit2.o)
    0x08000216   0x08000216   0x00000000   Code   RO         4562    .ARM.Collect$$libinit$$00000017  c_w.l(libinit2.o)
    0x08000216   0x08000216   0x00000000   Code   RO         4564    .ARM.Collect$$libinit$$00000019  c_w.l(libinit2.o)
    0x08000216   0x08000216   0x00000000   Code   RO         4566    .ARM.Collect$$libinit$$0000001B  c_w.l(libinit2.o)
    0x08000216   0x08000216   0x00000000   Code   RO         4568    .ARM.Collect$$libinit$$0000001D  c_w.l(libinit2.o)
    0x08000216   0x08000216   0x00000000   Code   RO         4570    .ARM.Collect$$libinit$$0000001F  c_w.l(libinit2.o)
    0x08000216   0x08000216   0x00000000   Code   RO         4572    .ARM.Collect$$libinit$$00000021  c_w.l(libinit2.o)
    0x08000216   0x08000216   0x00000000   Code   RO         4574    .ARM.Collect$$libinit$$00000023  c_w.l(libinit2.o)
    0x08000216   0x08000216   0x00000000   Code   RO         4576    .ARM.Collect$$libinit$$00000025  c_w.l(libinit2.o)
    0x08000216   0x08000216   0x00000000   Code   RO         4580    .ARM.Collect$$libinit$$0000002C  c_w.l(libinit2.o)
    0x08000216   0x08000216   0x00000000   Code   RO         4582    .ARM.Collect$$libinit$$0000002E  c_w.l(libinit2.o)
    0x08000216   0x08000216   0x00000000   Code   RO         4584    .ARM.Collect$$libinit$$00000030  c_w.l(libinit2.o)
    0x08000216   0x08000216   0x00000000   Code   RO         4586    .ARM.Collect$$libinit$$00000032  c_w.l(libinit2.o)
    0x08000216   0x08000216   0x00000002   Code   RO         4587    .ARM.Collect$$libinit$$00000033  c_w.l(libinit2.o)
    0x08000218   0x08000218   0x00000002   Code   RO         4823    .ARM.Collect$$libshutdown$$00000000  c_w.l(libshutdown.o)
    0x0800021a   0x0800021a   0x00000000   Code   RO         4777    .ARM.Collect$$libshutdown$$00000002  c_w.l(libshutdown2.o)
    0x0800021a   0x0800021a   0x00000000   Code   RO         4779    .ARM.Collect$$libshutdown$$00000004  c_w.l(libshutdown2.o)
    0x0800021a   0x0800021a   0x00000000   Code   RO         4782    .ARM.Collect$$libshutdown$$00000007  c_w.l(libshutdown2.o)
    0x0800021a   0x0800021a   0x00000000   Code   RO         4785    .ARM.Collect$$libshutdown$$0000000A  c_w.l(libshutdown2.o)
    0x0800021a   0x0800021a   0x00000000   Code   RO         4787    .ARM.Collect$$libshutdown$$0000000C  c_w.l(libshutdown2.o)
    0x0800021a   0x0800021a   0x00000000   Code   RO         4790    .ARM.Collect$$libshutdown$$0000000F  c_w.l(libshutdown2.o)
    0x0800021a   0x0800021a   0x00000002   Code   RO         4791    .ARM.Collect$$libshutdown$$00000010  c_w.l(libshutdown2.o)
    0x0800021c   0x0800021c   0x00000000   Code   RO         4466    .ARM.Collect$$rtentry$$00000000  c_w.l(__rtentry.o)
    0x0800021c   0x0800021c   0x00000000   Code   RO         4642    .ARM.Collect$$rtentry$$00000002  c_w.l(__rtentry2.o)
    0x0800021c   0x0800021c   0x00000006   Code   RO         4654    .ARM.Collect$$rtentry$$00000004  c_w.l(__rtentry4.o)
    0x08000222   0x08000222   0x00000000   Code   RO         4644    .ARM.Collect$$rtentry$$00000009  c_w.l(__rtentry2.o)
    0x08000222   0x08000222   0x00000004   Code   RO         4645    .ARM.Collect$$rtentry$$0000000A  c_w.l(__rtentry2.o)
    0x08000226   0x08000226   0x00000000   Code   RO         4647    .ARM.Collect$$rtentry$$0000000C  c_w.l(__rtentry2.o)
    0x08000226   0x08000226   0x00000008   Code   RO         4648    .ARM.Collect$$rtentry$$0000000D  c_w.l(__rtentry2.o)
    0x0800022e   0x0800022e   0x00000002   Code   RO         4766    .ARM.Collect$$rtexit$$00000000  c_w.l(rtexit.o)
    0x08000230   0x08000230   0x00000000   Code   RO         4797    .ARM.Collect$$rtexit$$00000002  c_w.l(rtexit2.o)
    0x08000230   0x08000230   0x00000004   Code   RO         4798    .ARM.Collect$$rtexit$$00000003  c_w.l(rtexit2.o)
    0x08000234   0x08000234   0x00000006   Code   RO         4799    .ARM.Collect$$rtexit$$00000004  c_w.l(rtexit2.o)
    0x0800023a   0x0800023a   0x00000002   PAD
    0x0800023c   0x0800023c   0x00000000   Code   RO         4668    .emb_text           c_w.l(maybetermalloc1.o)
    0x0800023c   0x0800023c   0x00000040   Code   RO            4    .text               startup_stm32f10x_md.o
    0x0800027c   0x0800027c   0x0000005e   Code   RO         4271    .text               c_w.l(h1_alloc.o)
    0x080002da   0x080002da   0x0000004e   Code   RO         4273    .text               c_w.l(h1_free.o)
    0x08000328   0x08000328   0x00000034   Code   RO         4331    .text               c_w.l(vsnprintf.o)
    0x0800035c   0x0800035c   0x0000002c   Code   RO         4333    .text               c_w.l(__2sprintf.o)
    0x08000388   0x08000388   0x00000038   Code   RO         4335    .text               c_w.l(__2snprintf.o)
    0x080003c0   0x080003c0   0x0000004e   Code   RO         4343    .text               c_w.l(_printf_pad.o)
    0x0800040e   0x0800040e   0x00000052   Code   RO         4345    .text               c_w.l(_printf_str.o)
    0x08000460   0x08000460   0x00000078   Code   RO         4347    .text               c_w.l(_printf_dec.o)
    0x080004d8   0x080004d8   0x00000094   Code   RO         4367    .text               c_w.l(_printf_hex_int_ll_ptr.o)
    0x0800056c   0x0800056c   0x00000188   Code   RO         4387    .text               c_w.l(__printf_flags_ss_wp.o)
    0x080006f4   0x080006f4   0x00000014   Code   RO         4396    .text               c_w.l(strchr.o)
    0x08000708   0x08000708   0x00000024   Code   RO         4398    .text               c_w.l(strncat.o)
    0x0800072c   0x0800072c   0x00000024   Code   RO         4400    .text               c_w.l(strstr.o)
    0x08000750   0x08000750   0x00000048   Code   RO         4402    .text               c_w.l(strcpy.o)
    0x08000798   0x08000798   0x0000003e   Code   RO         4404    .text               c_w.l(strlen.o)
    0x080007d6   0x080007d6   0x00000018   Code   RO         4408    .text               c_w.l(strcat.o)
    0x080007ee   0x080007ee   0x0000008a   Code   RO         4410    .text               c_w.l(rt_memcpy_v6.o)
    0x08000878   0x08000878   0x00000064   Code   RO         4412    .text               c_w.l(rt_memcpy_w.o)
    0x080008dc   0x080008dc   0x00000044   Code   RO         4414    .text               c_w.l(rt_memclr.o)
    0x08000920   0x08000920   0x0000004e   Code   RO         4416    .text               c_w.l(rt_memclr_w.o)
    0x0800096e   0x0800096e   0x00000006   Code   RO         4418    .text               c_w.l(heapauxi.o)
    0x08000974   0x08000974   0x00000010   Code   RO         4467    .text               c_w.l(rt_ctype_table.o)
    0x08000984   0x08000984   0x00000008   Code   RO         4472    .text               c_w.l(rt_heap_descriptor_intlibspace.o)
    0x0800098c   0x0800098c   0x00000004   Code   RO         4474    .text               c_w.l(hguard.o)
    0x08000990   0x08000990   0x0000008a   Code   RO         4476    .text               c_w.l(init_alloc.o)
    0x08000a1a   0x08000a1a   0x0000000e   Code   RO         4480    .text               c_w.l(h1_init.o)
    0x08000a28   0x08000a28   0x00000024   Code   RO         4496    .text               c_w.l(_printf_truncate.o)
    0x08000a4c   0x08000a4c   0x000000b2   Code   RO         4498    .text               c_w.l(_printf_intcommon.o)
    0x08000afe   0x08000afe   0x00000028   Code   RO         4500    .text               c_w.l(_printf_charcount.o)
    0x08000b26   0x08000b26   0x0000041e   Code   RO         4502    .text               c_w.l(_printf_fp_dec.o)
    0x08000f44   0x08000f44   0x00000030   Code   RO         4504    .text               c_w.l(_printf_char_common.o)
    0x08000f74   0x08000f74   0x0000000a   Code   RO         4506    .text               c_w.l(_sputc.o)
    0x08000f7e   0x08000f7e   0x00000010   Code   RO         4508    .text               c_w.l(_snputc.o)
    0x08000f8e   0x08000f8e   0x0000002c   Code   RO         4510    .text               c_w.l(_printf_char.o)
    0x08000fba   0x08000fba   0x00000002   PAD
    0x08000fbc   0x08000fbc   0x000000bc   Code   RO         4512    .text               c_w.l(_printf_wctomb.o)
    0x08001078   0x08001078   0x0000007c   Code   RO         4515    .text               c_w.l(_printf_longlong_dec.o)
    0x080010f4   0x080010f4   0x00000070   Code   RO         4521    .text               c_w.l(_printf_oct_int_ll.o)
    0x08001164   0x08001164   0x00000008   Code   RO         4638    .text               c_w.l(libspace.o)
    0x0800116c   0x0800116c   0x00000008   Code   RO         4659    .text               c_w.l(rt_locale_intlibspace.o)
    0x08001174   0x08001174   0x00000034   Code   RO         4670    .text               c_w.l(h1_extend.o)
    0x080011a8   0x080011a8   0x0000008a   Code   RO         4674    .text               c_w.l(lludiv10.o)
    0x08001232   0x08001232   0x00000002   PAD
    0x08001234   0x08001234   0x000002fc   Code   RO         4676    .text               c_w.l(_printf_fp_hex.o)
    0x08001530   0x08001530   0x00000080   Code   RO         4679    .text               c_w.l(_printf_fp_infnan.o)
    0x080015b0   0x080015b0   0x0000002c   Code   RO         4683    .text               c_w.l(_printf_wchar.o)
    0x080015dc   0x080015dc   0x000000e4   Code   RO         4685    .text               c_w.l(bigflt0.o)
    0x080016c0   0x080016c0   0x00000040   Code   RO         4710    .text               c_w.l(_wcrtomb.o)
    0x08001700   0x08001700   0x0000000e   Code   RO         4718    .text               c_w.l(defsig_rtmem_outer.o)
    0x0800170e   0x0800170e   0x00000002   Code   RO         4735    .text               c_w.l(use_no_semi.o)
    0x08001710   0x08001710   0x00000000   Code   RO         4737    .text               c_w.l(indicate_semi.o)
    0x08001710   0x08001710   0x0000004a   Code   RO         4738    .text               c_w.l(sys_stackheap_outer.o)
    0x0800175a   0x0800175a   0x00000012   Code   RO         4744    .text               c_w.l(exit.o)
    0x0800176c   0x0800176c   0x0000000a   Code   RO         4746    .text               c_w.l(defsig_exit.o)
    0x08001776   0x08001776   0x00000002   PAD
    0x08001778   0x08001778   0x00000050   Code   RO         4748    .text               c_w.l(defsig_rtmem_inner.o)
    0x080017c8   0x080017c8   0x00000080   Code   RO         4750    .text               c_w.l(strcmpv7m.o)
    0x08001848   0x08001848   0x0000000c   Code   RO         4764    .text               c_w.l(sys_exit.o)
    0x08001854   0x08001854   0x00000032   Code   RO         4774    .text               c_w.l(defsig_general.o)
    0x08001886   0x08001886   0x0000000e   Code   RO         4794    .text               c_w.l(sys_wrch.o)
    0x08001894   0x08001894   0x0000003e   Code   RO         4688    CL$$btod_d2e        c_w.l(btod.o)
    0x080018d2   0x080018d2   0x00000046   Code   RO         4690    CL$$btod_d2e_denorm_low  c_w.l(btod.o)
    0x08001918   0x08001918   0x00000060   Code   RO         4689    CL$$btod_d2e_norm_op1  c_w.l(btod.o)
    0x08001978   0x08001978   0x00000338   Code   RO         4698    CL$$btod_div_common  c_w.l(btod.o)
    0x08001cb0   0x08001cb0   0x000000dc   Code   RO         4695    CL$$btod_e2e        c_w.l(btod.o)
    0x08001d8c   0x08001d8c   0x0000002a   Code   RO         4692    CL$$btod_ediv       c_w.l(btod.o)
    0x08001db6   0x08001db6   0x0000002a   Code   RO         4691    CL$$btod_emul       c_w.l(btod.o)
    0x08001de0   0x08001de0   0x00000244   Code   RO         4697    CL$$btod_mult_common  c_w.l(btod.o)
    0x08002024   0x08002024   0x0000016c   Code   RO         3588    i.BASE64_Decode     base64.o
    0x08002190   0x08002190   0x00000144   Code   RO         3589    i.BASE64_Encode     base64.o
    0x080022d4   0x080022d4   0x00000004   Code   RO         3525    i.BusFault_Handler  stm32f10x_it.o
    0x080022d8   0x080022d8   0x00000002   Code   RO         3526    i.DebugMon_Handler  stm32f10x_it.o
    0x080022da   0x080022da   0x00000018   Code   RO         3196    i.Delay_ms          delay.o
    0x080022f2   0x080022f2   0x0000002e   Code   RO         3198    i.Delay_us          delay.o
    0x08002320   0x08002320   0x0000001c   Code   RO         3377    i.ESP8266_Clear     esp8266.o
    0x0800233c   0x0800233c   0x00000050   Code   RO         3378    i.ESP8266_GetIPD    esp8266.o
    0x0800238c   0x0800238c   0x00000130   Code   RO         3379    i.ESP8266_Init      esp8266.o
    0x080024bc   0x080024bc   0x00000054   Code   RO         3380    i.ESP8266_SendCmd   esp8266.o
    0x08002510   0x08002510   0x00000048   Code   RO         3381    i.ESP8266_SendData  esp8266.o
    0x08002558   0x08002558   0x00000034   Code   RO         3382    i.ESP8266_WaitRecive  esp8266.o
    0x0800258c   0x0800258c   0x00000034   Code   RO         3244    i.EXTI1_IRQHandler  key.o
    0x080025c0   0x080025c0   0x0000000c   Code   RO          985    i.EXTI_ClearITPendingBit  stm32f10x_exti.o
    0x080025cc   0x080025cc   0x00000094   Code   RO          990    i.EXTI_Init         stm32f10x_exti.o
    0x08002660   0x08002660   0x00000040   Code   RO         1344    i.GPIO_EXTILineConfig  stm32f10x_gpio.o
    0x080026a0   0x080026a0   0x00000116   Code   RO         1347    i.GPIO_Init         stm32f10x_gpio.o
    0x080027b6   0x080027b6   0x00000012   Code   RO         1351    i.GPIO_ReadInputDataBit  stm32f10x_gpio.o
    0x080027c8   0x080027c8   0x00000004   Code   RO         1354    i.GPIO_ResetBits    stm32f10x_gpio.o
    0x080027cc   0x080027cc   0x00000004   Code   RO         1355    i.GPIO_SetBits      stm32f10x_gpio.o
    0x080027d0   0x080027d0   0x0000000a   Code   RO         1358    i.GPIO_WriteBit     stm32f10x_gpio.o
    0x080027da   0x080027da   0x00000004   Code   RO         3527    i.HardFault_Handler  stm32f10x_it.o
    0x080027de   0x080027de   0x00000002   PAD
    0x080027e0   0x080027e0   0x00000074   Code   RO         3245    i.Key_Init          key.o
    0x08002854   0x08002854   0x00000034   Code   RO         3220    i.LED_Init          led.o
    0x08002888   0x08002888   0x0000002c   Code   RO         3221    i.LED_Set           led.o
    0x080028b4   0x080028b4   0x0000001c   Code   RO         4029    i.MQTT_DeleteBuffer  mqttkit.o
    0x080028d0   0x080028d0   0x0000002e   Code   RO         4030    i.MQTT_DumpLength   mqttkit.o
    0x080028fe   0x080028fe   0x00000058   Code   RO         4031    i.MQTT_NewBuffer    mqttkit.o
    0x08002956   0x08002956   0x00000002   PAD
    0x08002958   0x08002958   0x000002a0   Code   RO         4033    i.MQTT_PacketConnect  mqttkit.o
    0x08002bf8   0x08002bf8   0x000001b8   Code   RO         4036    i.MQTT_PacketPublish  mqttkit.o
    0x08002db0   0x08002db0   0x00000064   Code   RO         4042    i.MQTT_PacketSaveData  mqttkit.o
    0x08002e14   0x08002e14   0x00000046   Code   RO         4045    i.MQTT_ReadLength   mqttkit.o
    0x08002e5a   0x08002e5a   0x0000001e   Code   RO         4047    i.MQTT_UnPacketConnectAck  mqttkit.o
    0x08002e78   0x08002e78   0x00000074   Code   RO         4053    i.MQTT_UnPacketRecv  mqttkit.o
    0x08002eec   0x08002eec   0x00000004   Code   RO         3528    i.MemManage_Handler  stm32f10x_it.o
    0x08002ef0   0x08002ef0   0x00000002   Code   RO         3529    i.NMI_Handler       stm32f10x_it.o
    0x08002ef2   0x08002ef2   0x00000002   PAD
    0x08002ef4   0x08002ef4   0x00000070   Code   RO          137    i.NVIC_Init         misc.o
    0x08002f64   0x08002f64   0x00000014   Code   RO          138    i.NVIC_PriorityGroupConfig  misc.o
    0x08002f78   0x08002f78   0x0000002a   Code   RO         3269    i.OLED_Clear        oled.o
    0x08002fa2   0x08002fa2   0x00000002   PAD
    0x08002fa4   0x08002fa4   0x00000050   Code   RO         3270    i.OLED_I2C_Init     oled.o
    0x08002ff4   0x08002ff4   0x0000005c   Code   RO         3271    i.OLED_I2C_SendByte  oled.o
    0x08003050   0x08003050   0x00000034   Code   RO         3272    i.OLED_I2C_Start    oled.o
    0x08003084   0x08003084   0x00000028   Code   RO         3273    i.OLED_I2C_Stop     oled.o
    0x080030ac   0x080030ac   0x000000ae   Code   RO         3274    i.OLED_Init         oled.o
    0x0800315a   0x0800315a   0x00000022   Code   RO         3276    i.OLED_SetCursor    oled.o
    0x0800317c   0x0800317c   0x00000020   Code   RO         3283    i.OLED_WriteCommand  oled.o
    0x0800319c   0x0800319c   0x00000020   Code   RO         3284    i.OLED_WriteData    oled.o
    0x080031bc   0x080031bc   0x00000118   Code   RO         4213    i.OTA_UrlEncode     onenet.o
    0x080032d4   0x080032d4   0x0000019c   Code   RO         4214    i.OneNET_Authorization  onenet.o
    0x08003470   0x08003470   0x000002c0   Code   RO         4215    i.OneNet_DevLink    onenet.o
    0x08003730   0x08003730   0x00000104   Code   RO         4216    i.OneNet_FillBuf    onenet.o
    0x08003834   0x08003834   0x000000e8   Code   RO         4217    i.OneNet_SendData   onenet.o
    0x0800391c   0x0800391c   0x00000002   Code   RO         3530    i.PendSV_Handler    stm32f10x_it.o
    0x0800391e   0x0800391e   0x00000002   PAD
    0x08003920   0x08003920   0x00000020   Code   RO         1775    i.RCC_APB1PeriphClockCmd  stm32f10x_rcc.o
    0x08003940   0x08003940   0x00000020   Code   RO         1777    i.RCC_APB2PeriphClockCmd  stm32f10x_rcc.o
    0x08003960   0x08003960   0x000000d4   Code   RO         1785    i.RCC_GetClocksFreq  stm32f10x_rcc.o
    0x08003a34   0x08003a34   0x00000002   Code   RO         3531    i.SVC_Handler       stm32f10x_it.o
    0x08003a36   0x08003a36   0x00000008   Code   RO           24    i.SetSysClock       system_stm32f10x.o
    0x08003a3e   0x08003a3e   0x00000002   PAD
    0x08003a40   0x08003a40   0x000000e0   Code   RO           25    i.SetSysClockTo72   system_stm32f10x.o
    0x08003b20   0x08003b20   0x00000002   Code   RO         3532    i.SysTick_Handler   stm32f10x_it.o
    0x08003b22   0x08003b22   0x00000002   PAD
    0x08003b24   0x08003b24   0x00000060   Code   RO           27    i.SystemInit        system_stm32f10x.o
    0x08003b84   0x08003b84   0x0000001c   Code   RO         3445    i.USART1_IRQHandler  usart.o
    0x08003ba0   0x08003ba0   0x00000050   Code   RO         3383    i.USART2_IRQHandler  esp8266.o
    0x08003bf0   0x08003bf0   0x00000012   Code   RO         2956    i.USART_ClearFlag   stm32f10x_usart.o
    0x08003c02   0x08003c02   0x00000018   Code   RO         2960    i.USART_Cmd         stm32f10x_usart.o
    0x08003c1a   0x08003c1a   0x0000001a   Code   RO         2963    i.USART_GetFlagStatus  stm32f10x_usart.o
    0x08003c34   0x08003c34   0x00000054   Code   RO         2964    i.USART_GetITStatus  stm32f10x_usart.o
    0x08003c88   0x08003c88   0x0000004a   Code   RO         2966    i.USART_ITConfig    stm32f10x_usart.o
    0x08003cd2   0x08003cd2   0x00000002   PAD
    0x08003cd4   0x08003cd4   0x000000d8   Code   RO         2967    i.USART_Init        stm32f10x_usart.o
    0x08003dac   0x08003dac   0x0000000a   Code   RO         2974    i.USART_ReceiveData  stm32f10x_usart.o
    0x08003db6   0x08003db6   0x00000008   Code   RO         2977    i.USART_SendData    stm32f10x_usart.o
    0x08003dbe   0x08003dbe   0x00000004   Code   RO         3533    i.UsageFault_Handler  stm32f10x_it.o
    0x08003dc2   0x08003dc2   0x00000002   PAD
    0x08003dc4   0x08003dc4   0x000000b0   Code   RO         3446    i.Usart1_Init       usart.o
    0x08003e74   0x08003e74   0x000000ac   Code   RO         3447    i.Usart2_Init       usart.o
    0x08003f20   0x08003f20   0x00000048   Code   RO         3448    i.UsartPrintf       usart.o
    0x08003f68   0x08003f68   0x00000032   Code   RO         3449    i.Usart_SendString  usart.o
    0x08003f9a   0x08003f9a   0x00000028   Code   RO         4623    i.__ARM_fpclassify  m_ws.l(fpclassify.o)
    0x08003fc2   0x08003fc2   0x0000000e   Code   RO         4380    i._is_digit         c_w.l(__printf_wp.o)
    0x08003fd0   0x08003fd0   0x0000004c   Code   RO         3974    i.ft                hmac_sha1.o
    0x0800401c   0x0800401c   0x0000012e   Code   RO         3975    i.hmac_sha1         hmac_sha1.o
    0x0800414a   0x0800414a   0x00000002   PAD
    0x0800414c   0x0800414c   0x00000034   Code   RO         3976    i.k                 hmac_sha1.o
    0x08004180   0x08004180   0x00000174   Code   RO         3491    i.main              main.o
    0x080042f4   0x080042f4   0x0000002e   Code   RO         3977    i.rotl              hmac_sha1.o
    0x08004322   0x08004322   0x00000002   PAD
    0x08004324   0x08004324   0x00000284   Code   RO         3979    i.sha1              hmac_sha1.o
    0x080045a8   0x080045a8   0x0000002c   Code   RO         4713    locale$$code        c_w.l(lc_ctype_c.o)
    0x080045d4   0x080045d4   0x0000002c   Code   RO         4716    locale$$code        c_w.l(lc_numeric_c.o)
    0x08004600   0x08004600   0x00000004   Code   RO         4448    x$fpl$printf1       fz_ws.l(printf1.o)
    0x08004604   0x08004604   0x00000004   Code   RO         4600    x$fpl$printf2       fz_ws.l(printf2.o)
    0x08004608   0x08004608   0x00000000   Code   RO         4608    x$fpl$usenofp       fz_ws.l(usenofp.o)
    0x08004608   0x08004608   0x000000c0   Data   RO         3590    .constdata          base64.o
    0x080046c8   0x080046c8   0x00000028   Data   RO         4368    .constdata          c_w.l(_printf_hex_int_ll_ptr.o)
    0x080046f0   0x080046f0   0x00000011   Data   RO         4388    .constdata          c_w.l(__printf_flags_ss_wp.o)
    0x08004701   0x08004701   0x00000003   PAD
    0x08004704   0x08004704   0x00000008   Data   RO         4513    .constdata          c_w.l(_printf_wctomb.o)
    0x0800470c   0x0800470c   0x00000026   Data   RO         4677    .constdata          c_w.l(_printf_fp_hex.o)
    0x08004732   0x08004732   0x00000002   PAD
    0x08004734   0x08004734   0x00000094   Data   RO         4686    .constdata          c_w.l(bigflt0.o)
    0x080047c8   0x080047c8   0x00000047   Data   RO         4219    .conststring        onenet.o
    0x0800480f   0x0800480f   0x00000001   PAD
    0x08004810   0x08004810   0x00000020   Data   RO         4824    Region$$Table       anon$$obj.o
    0x08004830   0x08004830   0x00000110   Data   RO         4712    locale$$data        c_w.l(lc_ctype_c.o)
    0x08004940   0x08004940   0x0000001c   Data   RO         4715    locale$$data        c_w.l(lc_numeric_c.o)


    Execution Region RW_IRAM1 (Exec base: 0x20000000, Load base: 0x0800495c, Size: 0x00000c80, Max: 0x00005000, ABSOLUTE)

    Exec Addr    Load Addr    Size         Type   Attr      Idx    E Section Name        Object

    0x20000000   0x0800495c   0x00000014   Data   RW         1805    .data               stm32f10x_rcc.o
    0x20000014   0x08004970   0x00000001   Data   RW         3222    .data               led.o
    0x20000015   0x08004971   0x00000001   PAD
    0x20000016   0x08004972   0x00000004   Data   RW         3385    .data               esp8266.o
    0x2000001a   0x08004976   0x00000002   Data   RW         3492    .data               main.o
    0x2000001c        -       0x00000200   Zero   RW         3384    .bss                esp8266.o
    0x2000021c        -       0x00000060   Zero   RW         4639    .bss                c_w.l(libspace.o)
    0x2000027c   0x08004978   0x00000004   PAD
    0x20000280        -       0x00000200   Zero   RW            2    HEAP                startup_stm32f10x_md.o
    0x20000480        -       0x00000800   Zero   RW            1    STACK               startup_stm32f10x_md.o


==============================================================================

Image component sizes


      Code (inc. data)   RO Data    RW Data    ZI Data      Debug   Object Name

       688          8        192          0          0       3480   base64.o
         0          0          0          0          0       4508   core_cm3.o
        70          0          0          0          0        882   delay.o
       700        246          0          4        512       4763   esp8266.o
      1120         30          0          0          0       4103   hmac_sha1.o
       168         16          0          0          0        986   key.o
        96         14          0          1          0       1408   led.o
       372        204          0          2          0        755   main.o
       132         22          0          0          0     206907   misc.o
      1590         48          0          0          0       9947   mqttkit.o
       578         16          0          0          0       4364   oled.o
      1888        856         71          0          0       4016   onenet.o
        64         26        236          0       2560        800   startup_stm32f10x_md.o
         0          0          0          0          0       1636   stm32f10x_adc.o
       160         12          0          0          0       3561   stm32f10x_exti.o
       378          4          0          0          0      12878   stm32f10x_gpio.o
        26          0          0          0          0       3558   stm32f10x_it.o
       276         32          0         20          0      12978   stm32f10x_rcc.o
       460          6          0          0          0      12315   stm32f10x_usart.o
       328         28          0          0          0      24873   system_stm32f10x.o
       498         24          0          0          0       4093   usart.o

    ----------------------------------------------------------------------
      9614       1592        532         28       3072     322811   Object Totals
         0          0         32          0          0          0   (incl. Generated)
        22          0          1          1          0          0   (incl. Padding)

    ----------------------------------------------------------------------

      Code (inc. data)   RO Data    RW Data    ZI Data      Debug   Library Member Name

        56          6          0          0          0         88   __2snprintf.o
        44          6          0          0          0         84   __2sprintf.o
         8          0          0          0          0         68   __main.o
       392          4         17          0          0         92   __printf_flags_ss_wp.o
        14          0          0          0          0         68   __printf_wp.o
         0          0          0          0          0          0   __rtentry.o
        12          0          0          0          0          0   __rtentry2.o
         6          0          0          0          0          0   __rtentry4.o
        52          8          0          0          0          0   __scatter.o
        26          0          0          0          0          0   __scatter_copy.o
        28          0          0          0          0          0   __scatter_zi.o
         6          0          0          0          0          0   _printf_a.o
         6          0          0          0          0          0   _printf_c.o
        44          0          0          0          0        108   _printf_char.o
        48          6          0          0          0         96   _printf_char_common.o
        40          0          0          0          0         68   _printf_charcount.o
         6          0          0          0          0          0   _printf_d.o
       120         16          0          0          0         92   _printf_dec.o
         6          0          0          0          0          0   _printf_e.o
         6          0          0          0          0          0   _printf_f.o
      1054          0          0          0          0        216   _printf_fp_dec.o
       764          8         38          0          0        100   _printf_fp_hex.o
       128         16          0          0          0         84   _printf_fp_infnan.o
         6          0          0          0          0          0   _printf_g.o
       148          4         40          0          0        160   _printf_hex_int_ll_ptr.o
         6          0          0          0          0          0   _printf_i.o
       178          0          0          0          0         88   _printf_intcommon.o
        10          0          0          0          0          0   _printf_l.o
         6          0          0          0          0          0   _printf_lc.o
        10          0          0          0          0          0   _printf_ll.o
         6          0          0          0          0          0   _printf_lld.o
         6          0          0          0          0          0   _printf_lli.o
         6          0          0          0          0          0   _printf_llo.o
         6          0          0          0          0          0   _printf_llu.o
         6          0          0          0          0          0   _printf_llx.o
       124         16          0          0          0         92   _printf_longlong_dec.o
         6          0          0          0          0          0   _printf_ls.o
         6          0          0          0          0          0   _printf_n.o
         6          0          0          0          0          0   _printf_o.o
       112         10          0          0          0        124   _printf_oct_int_ll.o
         6          0          0          0          0          0   _printf_p.o
        78          0          0          0          0        108   _printf_pad.o
         0          0          0          0          0          0   _printf_percent.o
         4          0          0          0          0          0   _printf_percent_end.o
         6          0          0          0          0          0   _printf_s.o
        82          0          0          0          0         80   _printf_str.o
        36          0          0          0          0         84   _printf_truncate.o
         6          0          0          0          0          0   _printf_u.o
        44          0          0          0          0        108   _printf_wchar.o
       188          6          8          0          0         92   _printf_wctomb.o
         6          0          0          0          0          0   _printf_x.o
        16          0          0          0          0         68   _snputc.o
        10          0          0          0          0         68   _sputc.o
        64          0          0          0          0         92   _wcrtomb.o
       228          4        148          0          0         96   bigflt0.o
      1936        128          0          0          0        672   btod.o
        10          0          0          0          0         68   defsig_exit.o
        50          0          0          0          0         88   defsig_general.o
        80         58          0          0          0         76   defsig_rtmem_inner.o
        14          0          0          0          0         80   defsig_rtmem_outer.o
        18          0          0          0          0         80   exit.o
        94          0          0          0          0         80   h1_alloc.o
        52          0          0          0          0         68   h1_extend.o
        78          0          0          0          0         80   h1_free.o
        14          0          0          0          0         84   h1_init.o
         6          0          0          0          0        152   heapauxi.o
         4          0          0          0          0        136   hguard.o
         0          0          0          0          0          0   indicate_semi.o
       138          0          0          0          0        168   init_alloc.o
        44         10        272          0          0         76   lc_ctype_c.o
        44         10         28          0          0         76   lc_numeric_c.o
         2          0          0          0          0          0   libinit.o
        38          0          0          0          0          0   libinit2.o
         2          0          0          0          0          0   libshutdown.o
         2          0          0          0          0          0   libshutdown2.o
         8          4          0          0         96         68   libspace.o
       138          0          0          0          0         80   lludiv10.o
         0          0          0          0          0          0   maybetermalloc1.o
        16          4          0          0          0         76   rt_ctype_table.o
         8          4          0          0          0         68   rt_heap_descriptor_intlibspace.o
         8          4          0          0          0         68   rt_locale_intlibspace.o
        68          0          0          0          0         68   rt_memclr.o
        78          0          0          0          0         80   rt_memclr_w.o
       138          0          0          0          0         68   rt_memcpy_v6.o
       100          0          0          0          0         80   rt_memcpy_w.o
         2          0          0          0          0          0   rtexit.o
        10          0          0          0          0          0   rtexit2.o
        24          0          0          0          0         68   strcat.o
        20          0          0          0          0         68   strchr.o
       128          0          0          0          0         68   strcmpv7m.o
        72          0          0          0          0         80   strcpy.o
        62          0          0          0          0         76   strlen.o
        36          0          0          0          0         76   strncat.o
        36          0          0          0          0         80   strstr.o
        12          4          0          0          0         68   sys_exit.o
        74          0          0          0          0         80   sys_stackheap_outer.o
        14          0          0          0          0         76   sys_wrch.o
         2          0          0          0          0         68   use_no_semi.o
        52          4          0          0          0         80   vsnprintf.o
         4          0          0          0          0         68   printf1.o
         4          0          0          0          0         68   printf2.o
         0          0          0          0          0          0   usenofp.o
        40          0          0          0          0         68   fpclassify.o

    ----------------------------------------------------------------------
      8078        340        556          0        100       6156   Library Totals
        10          0          5          0          4          0   (incl. Padding)

    ----------------------------------------------------------------------

      Code (inc. data)   RO Data    RW Data    ZI Data      Debug   Library Name

      8020        340        551          0         96       5952   c_w.l
         8          0          0          0          0        136   fz_ws.l
        40          0          0          0          0         68   m_ws.l

    ----------------------------------------------------------------------
      8078        340        556          0        100       6156   Library Totals

    ----------------------------------------------------------------------

==============================================================================


      Code (inc. data)   RO Data    RW Data    ZI Data      Debug   

     17692       1932       1088         28       3172     321319   Grand Totals
     17692       1932       1088         28       3172     321319   ELF Image Totals
     17692       1932       1088         28          0          0   ROM Totals

==============================================================================

    Total RO  Size (Code + RO Data)                18780 (  18.34kB)
    Total RW  Size (RW Data + ZI Data)              3200 (   3.13kB)
    Total ROM Size (Code + RO Data + RW Data)      18808 (  18.37kB)

==============================================================================

